Archive member included to satisfy reference by file (symbol)

c:/program files/atollic/truestudio for stm32 9.0.1/armtools/bin/../lib/gcc/arm-atollic-eabi/6.3.1/../../../../arm-atollic-eabi/lib/armv7-m\libc_nano.a(lib_a-init.o)
                              Drivers\CMSIS\Device\ST\STM32F1xx\Source\Templates\gcc\startup_stm32f103xe.o (__libc_init_array)
c:/program files/atollic/truestudio for stm32 9.0.1/armtools/bin/../lib/gcc/arm-atollic-eabi/6.3.1/../../../../arm-atollic-eabi/lib/armv7-m\libc_nano.a(lib_a-itoa.o)
                              Src\console_cmd.o (itoa)
c:/program files/atollic/truestudio for stm32 9.0.1/armtools/bin/../lib/gcc/arm-atollic-eabi/6.3.1/../../../../arm-atollic-eabi/lib/armv7-m\libc_nano.a(lib_a-memcpy-stub.o)
                              Middlewares\Third_Party\FreeRTOS\Source\queue.o (memcpy)
c:/program files/atollic/truestudio for stm32 9.0.1/armtools/bin/../lib/gcc/arm-atollic-eabi/6.3.1/../../../../arm-atollic-eabi/lib/armv7-m\libc_nano.a(lib_a-memmove.o)
                              microrl_lib\microrl.o (memmove)
c:/program files/atollic/truestudio for stm32 9.0.1/armtools/bin/../lib/gcc/arm-atollic-eabi/6.3.1/../../../../arm-atollic-eabi/lib/armv7-m\libc_nano.a(lib_a-memset.o)
                              Drivers\STM32F1xx_HAL_Driver\Src\stm32f1xx_hal_rcc.o (memset)
c:/program files/atollic/truestudio for stm32 9.0.1/armtools/bin/../lib/gcc/arm-atollic-eabi/6.3.1/../../../../arm-atollic-eabi/lib/armv7-m\libc_nano.a(lib_a-printf.o)
                              Src\console.o (printf)
c:/program files/atollic/truestudio for stm32 9.0.1/armtools/bin/../lib/gcc/arm-atollic-eabi/6.3.1/../../../../arm-atollic-eabi/lib/armv7-m\libc_nano.a(lib_a-puts.o)
                              Src\console.o (puts)
c:/program files/atollic/truestudio for stm32 9.0.1/armtools/bin/../lib/gcc/arm-atollic-eabi/6.3.1/../../../../arm-atollic-eabi/lib/armv7-m\libc_nano.a(lib_a-strcasecmp.o)
                              Src\console.o (strcasecmp)
c:/program files/atollic/truestudio for stm32 9.0.1/armtools/bin/../lib/gcc/arm-atollic-eabi/6.3.1/../../../../arm-atollic-eabi/lib/armv7-m\libc_nano.a(lib_a-strcat.o)
                              Src\console_cmd.o (strcat)
c:/program files/atollic/truestudio for stm32 9.0.1/armtools/bin/../lib/gcc/arm-atollic-eabi/6.3.1/../../../../arm-atollic-eabi/lib/armv7-m\libc_nano.a(lib_a-strcpy.o)
                              microrl_lib\microrl.o (strcpy)
c:/program files/atollic/truestudio for stm32 9.0.1/armtools/bin/../lib/gcc/arm-atollic-eabi/6.3.1/../../../../arm-atollic-eabi/lib/armv7-m\libc_nano.a(lib_a-strlen.o)
                              Src\console.o (strlen)
c:/program files/atollic/truestudio for stm32 9.0.1/armtools/bin/../lib/gcc/arm-atollic-eabi/6.3.1/../../../../arm-atollic-eabi/lib/armv7-m\libc_nano.a(lib_a-strncpy.o)
                              Src\console_cmd.o (strncpy)
c:/program files/atollic/truestudio for stm32 9.0.1/armtools/bin/../lib/gcc/arm-atollic-eabi/6.3.1/../../../../arm-atollic-eabi/lib/armv7-m\libc_nano.a(lib_a-strstr.o)
                              Src\console.o (strstr)
c:/program files/atollic/truestudio for stm32 9.0.1/armtools/bin/../lib/gcc/arm-atollic-eabi/6.3.1/../../../../arm-atollic-eabi/lib/armv7-m\libc_nano.a(lib_a-utoa.o)
                              c:/program files/atollic/truestudio for stm32 9.0.1/armtools/bin/../lib/gcc/arm-atollic-eabi/6.3.1/../../../../arm-atollic-eabi/lib/armv7-m\libc_nano.a(lib_a-itoa.o) (__utoa)
c:/program files/atollic/truestudio for stm32 9.0.1/armtools/bin/../lib/gcc/arm-atollic-eabi/6.3.1/../../../../arm-atollic-eabi/lib/armv7-m\libc_nano.a(lib_a-vprintf.o)
                              Src\console.o (vprintf)
c:/program files/atollic/truestudio for stm32 9.0.1/armtools/bin/../lib/gcc/arm-atollic-eabi/6.3.1/../../../../arm-atollic-eabi/lib/armv7-m\libc_nano.a(lib_a-wbuf.o)
                              c:/program files/atollic/truestudio for stm32 9.0.1/armtools/bin/../lib/gcc/arm-atollic-eabi/6.3.1/../../../../arm-atollic-eabi/lib/armv7-m\libc_nano.a(lib_a-puts.o) (__swbuf_r)
c:/program files/atollic/truestudio for stm32 9.0.1/armtools/bin/../lib/gcc/arm-atollic-eabi/6.3.1/../../../../arm-atollic-eabi/lib/armv7-m\libc_nano.a(lib_a-wsetup.o)
                              c:/program files/atollic/truestudio for stm32 9.0.1/armtools/bin/../lib/gcc/arm-atollic-eabi/6.3.1/../../../../arm-atollic-eabi/lib/armv7-m\libc_nano.a(lib_a-puts.o) (__swsetup_r)
c:/program files/atollic/truestudio for stm32 9.0.1/armtools/bin/../lib/gcc/arm-atollic-eabi/6.3.1/../../../../arm-atollic-eabi/lib/armv7-m\libc_nano.a(lib_a-fflush.o)
                              c:/program files/atollic/truestudio for stm32 9.0.1/armtools/bin/../lib/gcc/arm-atollic-eabi/6.3.1/../../../../arm-atollic-eabi/lib/armv7-m\libc_nano.a(lib_a-wbuf.o) (_fflush_r)
[...]
Memory Configuration

Name             Origin             Length             Attributes
RAM              0x20000000         0x00010000         xrw
FLASH            0x08000000         0x00080000         xr
*default*        0x00000000         0xffffffff

Linker script and memory map

LOAD c:/program files/atollic/truestudio for stm32 9.0.1/armtools/bin/../lib/gcc/arm-atollic-eabi/6.3.1/armv7-m/crti.o
LOAD c:/program files/atollic/truestudio for stm32 9.0.1/armtools/bin/../lib/gcc/arm-atollic-eabi/6.3.1/armv7-m/crtbegin.o
LOAD Drivers\CMSIS\Device\ST\STM32F1xx\Source\Templates\gcc\startup_stm32f103xe.o
LOAD Drivers\STM32F1xx_HAL_Driver\Src\stm32f1xx_hal.o
LOAD Drivers\STM32F1xx_HAL_Driver\Src\stm32f1xx_hal_adc.o
LOAD Drivers\STM32F1xx_HAL_Driver\Src\stm32f1xx_hal_adc_ex.o
LOAD Drivers\STM32F1xx_HAL_Driver\Src\stm32f1xx_hal_cortex.o
LOAD Drivers\STM32F1xx_HAL_Driver\Src\stm32f1xx_hal_dma.o
LOAD Drivers\STM32F1xx_HAL_Driver\Src\stm32f1xx_hal_flash.o
LOAD Drivers\STM32F1xx_HAL_Driver\Src\stm32f1xx_hal_flash_ex.o
LOAD Drivers\STM32F1xx_HAL_Driver\Src\stm32f1xx_hal_gpio.o
LOAD Drivers\STM32F1xx_HAL_Driver\Src\stm32f1xx_hal_gpio_ex.o
LOAD Drivers\STM32F1xx_HAL_Driver\Src\stm32f1xx_hal_i2c.o
LOAD Drivers\STM32F1xx_HAL_Driver\Src\stm32f1xx_hal_pcd.o
LOAD Drivers\STM32F1xx_HAL_Driver\Src\stm32f1xx_hal_pcd_ex.o
LOAD Drivers\STM32F1xx_HAL_Driver\Src\stm32f1xx_hal_pwr.o
LOAD Drivers\STM32F1xx_HAL_Driver\Src\stm32f1xx_hal_rcc.o
LOAD Drivers\STM32F1xx_HAL_Driver\Src\stm32f1xx_hal_rcc_ex.o
LOAD Drivers\STM32F1xx_HAL_Driver\Src\stm32f1xx_hal_tim.o
LOAD Drivers\STM32F1xx_HAL_Driver\Src\stm32f1xx_hal_tim_ex.o
LOAD Drivers\STM32F1xx_HAL_Driver\Src\stm32f1xx_ll_usb.o
LOAD Middlewares\ST\STM32_USB_Device_Library\Class\CDC\Src\usbd_cdc.o
LOAD Middlewares\ST\STM32_USB_Device_Library\Core\Src\usbd_core.o
LOAD Middlewares\ST\STM32_USB_Device_Library\Core\Src\usbd_ctlreq.o
LOAD Middlewares\ST\STM32_USB_Device_Library\Core\Src\usbd_ioreq.o
LOAD Middlewares\Third_Party\FreeRTOS\Source\CMSIS_RTOS\cmsis_os.o
LOAD Middlewares\Third_Party\FreeRTOS\Source\croutine.o
LOAD Middlewares\Third_Party\FreeRTOS\Source\event_groups.o
LOAD Middlewares\Third_Party\FreeRTOS\Source\list.o
LOAD Middlewares\Third_Party\FreeRTOS\Source\portable\GCC\ARM_CM3\port.o
LOAD Middlewares\Third_Party\FreeRTOS\Source\portable\MemMang\heap_4.o
LOAD Middlewares\Third_Party\FreeRTOS\Source\queue.o
LOAD Middlewares\Third_Party\FreeRTOS\Source\tasks.o
LOAD Middlewares\Third_Party\FreeRTOS\Source\timers.o
LOAD Src\adc.o
LOAD Src\console.o
LOAD Src\console_cmd.o
LOAD Src\freertos.o
LOAD Src\i2c.o
LOAD Src\l3gd20.o
LOAD Src\lsm303dlhc.o
LOAD Src\main.o
LOAD Src\sensors.o
LOAD Src\stm32f1xx_hal_msp.o
LOAD Src\stm32f1xx_it.o
LOAD Src\syscalls.o
LOAD Src\system_stm32f1xx.o
LOAD Src\usb_device.o
LOAD Src\usbd_cdc_if.o
LOAD Src\usbd_conf.o
LOAD Src\usbd_desc.o
LOAD microrl_lib\microrl.o
                0x00000080                malloc_getpagesize_P = 0x80
START GROUP
LOAD c:/program files/atollic/truestudio for stm32 9.0.1/armtools/bin/../lib/gcc/arm-atollic-eabi/6.3.1/../../../../arm-atollic-eabi/lib/armv7-m\libc_nano.a
LOAD c:/program files/atollic/truestudio for stm32 9.0.1/armtools/bin/../lib/gcc/arm-atollic-eabi/6.3.1/../../../../arm-atollic-eabi/lib/armv7-m\libm.a
END GROUP
START GROUP
LOAD c:/program files/atollic/truestudio for stm32 9.0.1/armtools/bin/../lib/gcc/arm-atollic-eabi/6.3.1/armv7-m\libgcc.a
LOAD c:/program files/atollic/truestudio for stm32 9.0.1/armtools/bin/../lib/gcc/arm-atollic-eabi/6.3.1/../../../../arm-atollic-eabi/lib/armv7-m\libc_nano.a
END GROUP
START GROUP
LOAD c:/program files/atollic/truestudio for stm32 9.0.1/armtools/bin/../lib/gcc/arm-atollic-eabi/6.3.1/armv7-m\libgcc.a
LOAD c:/program files/atollic/truestudio for stm32 9.0.1/armtools/bin/../lib/gcc/arm-atollic-eabi/6.3.1/../../../../arm-atollic-eabi/lib/armv7-m\libc_nano.a
LOAD c:/program files/atollic/truestudio for stm32 9.0.1/armtools/bin/../lib/gcc/arm-atollic-eabi/6.3.1/../../../../arm-atollic-eabi/lib/armv7-m\libnosys.a
END GROUP
START GROUP
LOAD c:/program files/atollic/truestudio for stm32 9.0.1/armtools/bin/../lib/gcc/arm-atollic-eabi/6.3.1/armv7-m\libgcc.a
LOAD c:/program files/atollic/truestudio for stm32 9.0.1/armtools/bin/../lib/gcc/arm-atollic-eabi/6.3.1/../../../../arm-atollic-eabi/lib/armv7-m\libc_nano.a
LOAD c:/program files/atollic/truestudio for stm32 9.0.1/armtools/bin/../lib/gcc/arm-atollic-eabi/6.3.1/../../../../arm-atollic-eabi/lib/armv7-m\libnosys.a
END GROUP
LOAD c:/program files/atollic/truestudio for stm32 9.0.1/armtools/bin/../lib/gcc/arm-atollic-eabi/6.3.1/armv7-m/crtend.o
LOAD c:/program files/atollic/truestudio for stm32 9.0.1/armtools/bin/../lib/gcc/arm-atollic-eabi/6.3.1/armv7-m/crtn.o
                0x20010000                _estack = 0x20010000
                0x00000200                _Min_Heap_Size = 0x200
                0x00000400                _Min_Stack_Size = 0x400

.isr_vector     0x08000000      0x1e4
                0x08000000                . = ALIGN (0x4)
 *(.isr_vector)
 .isr_vector    0x08000000      0x1e4 Drivers\CMSIS\Device\ST\STM32F1xx\Source\Templates\gcc\startup_stm32f103xe.o
                0x08000000                g_pfnVectors
                0x080001e4                . = ALIGN (0x4)

.text           0x080001e8     0x6324
                0x080001e8                . = ALIGN (0x4)
 *(.text)
 .text          0x080001e8       0x40 c:/program files/atollic/truestudio for stm32 9.0.1/armtools/bin/../lib/gcc/arm-atollic-eabi/6.3.1/armv7-m/crtbegin.o
 .text          0x08000228      0x370 c:/program files/atollic/truestudio for stm32 9.0.1/armtools/bin/../lib/gcc/arm-atollic-eabi/6.3.1/armv7-m\libgcc.a(_arm_addsubdf3.o)
                0x08000228                __aeabi_drsub
                0x08000230                __aeabi_dsub
                0x08000230                __subdf3
                0x08000234                __aeabi_dadd
                0x08000234                __adddf3
                0x080004ac                __floatunsidf
                0x080004ac                __aeabi_ui2d
                0x080004cc                __floatsidf
                0x080004cc                __aeabi_i2d
                0x080004f0                __aeabi_f2d
                0x080004f0                __extendsfdf2
                0x0800052c                __floatundidf
                0x0800052c                __aeabi_ul2d
                0x0800053c                __floatdidf
                0x0800053c                __aeabi_l2d
 .text          0x08000598      0x424 c:/program files/atollic/truestudio for stm32 9.0.1/armtools/bin/../lib/gcc/arm-atollic-eabi/6.3.1/armv7-m\libgcc.a(_arm_muldivdf3.o)
                0x08000598                __aeabi_dmul
                0x08000598                __muldf3
                0x080007ec                __divdf3
                0x080007ec                __aeabi_ddiv
 .text          0x080009bc      0x110 c:/program files/atollic/truestudio for stm32 9.0.1/armtools/bin/../lib/gcc/arm-atollic-eabi/6.3.1/armv7-m\libgcc.a(_arm_cmpdf2.o)
                0x080009bc                __gtdf2
                0x080009bc                __gedf2
                0x080009c4                __ltdf2
                0x080009c4                __ledf2
                0x080009cc                __nedf2
                0x080009cc                __eqdf2
                0x080009cc                __cmpdf2
                0x08000a48                __aeabi_cdrcmple
                0x08000a58                __aeabi_cdcmpeq
                0x08000a58                __aeabi_cdcmple
                0x08000a68                __aeabi_dcmpeq
                0x08000a7c                __aeabi_dcmplt
                0x08000a90                __aeabi_dcmple
                0x08000aa4                __aeabi_dcmpge
                0x08000ab8                __aeabi_dcmpgt
 .text          0x08000acc       0x50 c:/program files/atollic/truestudio for stm32 9.0.1/armtools/bin/../lib/gcc/arm-atollic-eabi/6.3.1/armv7-m\libgcc.a(_arm_fixdfsi.o)
                0x08000acc                __aeabi_d2iz
                0x08000acc                __fixdfsi
 .text          0x08000b1c       0xa0 c:/program files/atollic/truestudio for stm32 9.0.1/armtools/bin/../lib/gcc/arm-atollic-eabi/6.3.1/armv7-m\libgcc.a(_arm_truncdfsf2.o)
                0x08000b1c                __truncdfsf2
                0x08000b1c                __aeabi_d2f
 .text          0x08000bbc      0x21c c:/program files/atollic/truestudio for stm32 9.0.1/armtools/bin/../lib/gcc/arm-atollic-eabi/6.3.1/armv7-m\libgcc.a(_arm_addsubsf3.o)
                0x08000bbc                __aeabi_frsub
                0x08000bc4                __subsf3
                0x08000bc4                __aeabi_fsub
                0x08000bc8                __aeabi_fadd
                0x08000bc8                __addsf3
                0x08000d28                __aeabi_ui2f
                0x08000d28                __floatunsisf
                0x08000d30                __aeabi_i2f
                0x08000d30                __floatsisf
                0x08000d4c                __aeabi_ul2f
                0x08000d4c                __floatundisf
                0x08000d5c                __aeabi_l2f
                0x08000d5c                __floatdisf
 .text          0x08000dd8      0x2a0 c:/program files/atollic/truestudio for stm32 9.0.1/armtools/bin/../lib/gcc/arm-atollic-eabi/6.3.1/armv7-m\libgcc.a(_arm_muldivsf3.o)
                0x08000dd8                __mulsf3
                0x08000dd8                __aeabi_fmul
                0x08000f40                __aeabi_fdiv
                0x08000f40                __divsf3
 .text          0x08001078       0x4c c:/program files/atollic/truestudio for stm32 9.0.1/armtools/bin/../lib/gcc/arm-atollic-eabi/6.3.1/armv7-m\libgcc.a(_arm_fixsfsi.o)
                0x08001078                __aeabi_f2iz
                0x08001078                __fixsfsi
 *(.text*)
 .text.Reset_Handler
                0x080010c4       0x48 Drivers\CMSIS\Device\ST\STM32F1xx\Source\Templates\gcc\startup_stm32f103xe.o
                0x080010c4                Reset_Handler
 .text.Default_Handler
                0x0800110c        0x2 Drivers\CMSIS\Device\ST\STM32F1xx\Source\Templates\gcc\startup_stm32f103xe.o
                0x0800110c                RTC_Alarm_IRQHandler
                0x0800110c                EXTI2_IRQHandler
                0x0800110c                TIM8_TRG_COM_IRQHandler
                0x0800110c                TIM8_CC_IRQHandler
                0x0800110c                TIM1_CC_IRQHandler
                0x0800110c                TIM6_IRQHandler
                0x0800110c                PVD_IRQHandler
                0x0800110c                SDIO_IRQHandler
                0x0800110c                EXTI3_IRQHandler
                0x0800110c                EXTI0_IRQHandler
                0x0800110c                I2C2_EV_IRQHandler
                0x0800110c                ADC1_2_IRQHandler
                0x0800110c                SPI1_IRQHandler
                0x0800110c                TAMPER_IRQHandler
                0x0800110c                TIM8_UP_IRQHandler
                0x0800110c                DMA2_Channel2_IRQHandler
                0x0800110c                DMA1_Channel4_IRQHandler
                0x0800110c                USART3_IRQHandler
                0x0800110c                RTC_IRQHandler
                0x0800110c                DMA1_Channel7_IRQHandler
                0x0800110c                CAN1_RX1_IRQHandler
                0x0800110c                UART5_IRQHandler
                0x0800110c                ADC3_IRQHandler
                0x0800110c                TIM4_IRQHandler
                0x0800110c                DMA2_Channel1_IRQHandler
                0x0800110c                I2C1_EV_IRQHandler
                0x0800110c                DMA1_Channel6_IRQHandler
                0x0800110c                UART4_IRQHandler
                0x0800110c                TIM3_IRQHandler
                0x0800110c                RCC_IRQHandler
                0x0800110c                TIM1_TRG_COM_IRQHandler
                0x0800110c                Default_Handler
                0x0800110c                EXTI15_10_IRQHandler
                0x0800110c                TIM7_IRQHandler
                0x0800110c                TIM5_IRQHandler
                0x0800110c                EXTI9_5_IRQHandler
                0x0800110c                SPI2_IRQHandler
                0x0800110c                DMA1_Channel5_IRQHandler
                0x0800110c                EXTI4_IRQHandler
                0x0800110c                USB_HP_CAN1_TX_IRQHandler
                0x0800110c                DMA1_Channel3_IRQHandler
                0x0800110c                FSMC_IRQHandler
                0x0800110c                TIM1_UP_IRQHandler
                0x0800110c                WWDG_IRQHandler
                0x0800110c                TIM2_IRQHandler
                0x0800110c                TIM1_BRK_IRQHandler
                0x0800110c                EXTI1_IRQHandler
                0x0800110c                DMA2_Channel4_5_IRQHandler
                0x0800110c                USART2_IRQHandler
                0x0800110c                I2C2_ER_IRQHandler
                0x0800110c                DMA1_Channel2_IRQHandler
                0x0800110c                TIM8_BRK_IRQHandler
                0x0800110c                CAN1_SCE_IRQHandler
                0x0800110c                FLASH_IRQHandler
                0x0800110c                USART1_IRQHandler
                0x0800110c                SPI3_IRQHandler
                0x0800110c                I2C1_ER_IRQHandler
                0x0800110c                USBWakeUp_IRQHandler
                0x0800110c                DMA2_Channel3_IRQHandler
 .text.HAL_InitTick
                0x0800110e       0x24 Drivers\STM32F1xx_HAL_Driver\Src\stm32f1xx_hal.o
                0x0800110e                HAL_InitTick
 *fill*         0x08001132        0x2 
 .text.HAL_Init
                0x08001134       0x24 Drivers\STM32F1xx_HAL_Driver\Src\stm32f1xx_hal.o
                0x08001134                HAL_Init
 .text.HAL_IncTick
                0x08001158       0x10 Drivers\STM32F1xx_HAL_Driver\Src\stm32f1xx_hal.o
                0x08001158                HAL_IncTick
 .text.HAL_GetTick
                0x08001168        0xc Drivers\STM32F1xx_HAL_Driver\Src\stm32f1xx_hal.o
                0x08001168                HAL_GetTick
 .text.HAL_Delay
                0x08001174       0x1a Drivers\STM32F1xx_HAL_Driver\Src\stm32f1xx_hal.o
                0x08001174                HAL_Delay
 *fill*         0x0800118e        0x2 
 .text.HAL_NVIC_SetPriorityGrouping
                0x08001190       0x24 Drivers\STM32F1xx_HAL_Driver\Src\stm32f1xx_hal_cortex.o
                0x08001190                HAL_NVIC_SetPriorityGrouping
 .text.HAL_NVIC_SetPriority
                0x080011b4       0x68 Drivers\STM32F1xx_HAL_Driver\Src\stm32f1xx_hal_cortex.o
                0x080011b4                HAL_NVIC_SetPriority
 .text.HAL_NVIC_EnableIRQ
                0x0800121c       0x18 Drivers\STM32F1xx_HAL_Driver\Src\stm32f1xx_hal_cortex.o
                0x0800121c                HAL_NVIC_EnableIRQ
 .text.HAL_SYSTICK_Config
                0x08001234       0x2c Drivers\STM32F1xx_HAL_Driver\Src\stm32f1xx_hal_cortex.o
                0x08001234                HAL_SYSTICK_Config
 .text.HAL_SYSTICK_CLKSourceConfig
                0x08001260       0x18 Drivers\STM32F1xx_HAL_Driver\Src\stm32f1xx_hal_cortex.o
                0x08001260                HAL_SYSTICK_CLKSourceConfig
 .text.HAL_DMA_IRQHandler
                0x08001278      0x450 Drivers\STM32F1xx_HAL_Driver\Src\stm32f1xx_hal_dma.o
                0x08001278                HAL_DMA_IRQHandler
 .text.HAL_GPIO_Init
                0x080016c8      0x1d8 Drivers\STM32F1xx_HAL_Driver\Src\stm32f1xx_hal_gpio.o
                0x080016c8                HAL_GPIO_Init
 .text.HAL_GPIO_WritePin
                0x080018a0        0xa Drivers\STM32F1xx_HAL_Driver\Src\stm32f1xx_hal_gpio.o
                0x080018a0                HAL_GPIO_WritePin
 .text.HAL_GPIO_TogglePin
                0x080018aa        0x8 Drivers\STM32F1xx_HAL_Driver\Src\stm32f1xx_hal_gpio.o
                0x080018aa                HAL_GPIO_TogglePin
 .text.I2C_IsAcknowledgeFailed
                0x080018b2       0x2a Drivers\STM32F1xx_HAL_Driver\Src\stm32f1xx_hal_i2c.o
 .text.I2C_WaitOnFlagUntilTimeout
                0x080018dc       0x90 Drivers\STM32F1xx_HAL_Driver\Src\stm32f1xx_hal_i2c.o
 .text.I2C_WaitOnMasterAddressFlagUntilTimeout
                0x0800196c       0x82 Drivers\STM32F1xx_HAL_Driver\Src\stm32f1xx_hal_i2c.o
 .text.I2C_WaitOnTXEFlagUntilTimeout
                0x080019ee       0x4e Drivers\STM32F1xx_HAL_Driver\Src\stm32f1xx_hal_i2c.o
 .text.I2C_RequestMemoryWrite
                0x08001a3c       0x90 Drivers\STM32F1xx_HAL_Driver\Src\stm32f1xx_hal_i2c.o
 .text.I2C_RequestMemoryRead
                0x08001acc       0xdc Drivers\STM32F1xx_HAL_Driver\Src\stm32f1xx_hal_i2c.o
 .text.I2C_WaitOnRXNEFlagUntilTimeout
                0x08001ba8       0x5e Drivers\STM32F1xx_HAL_Driver\Src\stm32f1xx_hal_i2c.o
 *fill*         0x08001c06        0x2 
 .text.HAL_I2C_Init
                0x08001c08       0xd4 Drivers\STM32F1xx_HAL_Driver\Src\stm32f1xx_hal_i2c.o
                0x08001c08                HAL_I2C_Init
 .text.HAL_I2C_Mem_Write
                0x08001cdc       0xf0 Drivers\STM32F1xx_HAL_Driver\Src\stm32f1xx_hal_i2c.o
                0x08001cdc                HAL_I2C_Mem_Write
 .text.HAL_I2C_Mem_Read
                0x08001dcc      0x1c8 Drivers\STM32F1xx_HAL_Driver\Src\stm32f1xx_hal_i2c.o
                0x08001dcc                HAL_I2C_Mem_Read
 .text.HAL_PCD_Init
                0x08001f94       0xd2 Drivers\STM32F1xx_HAL_Driver\Src\stm32f1xx_hal_pcd.o
                0x08001f94                HAL_PCD_Init
 .text.HAL_PCD_Start
                0x08002066       0x2e Drivers\STM32F1xx_HAL_Driver\Src\stm32f1xx_hal_pcd.o
                0x08002066                HAL_PCD_Start
 .text.HAL_PCD_SetAddress
                0x08002094       0x28 Drivers\STM32F1xx_HAL_Driver\Src\stm32f1xx_hal_pcd.o
                0x08002094                HAL_PCD_SetAddress
 .text.HAL_PCD_EP_Open
                0x080020bc       0x46 Drivers\STM32F1xx_HAL_Driver\Src\stm32f1xx_hal_pcd.o
                0x080020bc                HAL_PCD_EP_Open
 .text.HAL_PCD_EP_Close
                0x08002102       0x42 Drivers\STM32F1xx_HAL_Driver\Src\stm32f1xx_hal_pcd.o
                0x08002102                HAL_PCD_EP_Close
 .text.HAL_PCD_EP_Receive
                0x08002144       0x48 Drivers\STM32F1xx_HAL_Driver\Src\stm32f1xx_hal_pcd.o
                0x08002144                HAL_PCD_EP_Receive
 .text.HAL_PCD_EP_GetRxCount
                0x0800218c        0xe Drivers\STM32F1xx_HAL_Driver\Src\stm32f1xx_hal_pcd.o
                0x0800218c                HAL_PCD_EP_GetRxCount
 .text.HAL_PCD_EP_Transmit
                0x0800219a       0x40 Drivers\STM32F1xx_HAL_Driver\Src\stm32f1xx_hal_pcd.o
                0x0800219a                HAL_PCD_EP_Transmit
 *fill*         0x080021da        0x2 
 .text.HAL_PCD_IRQHandler
                0x080021dc      0x4cc Drivers\STM32F1xx_HAL_Driver\Src\stm32f1xx_hal_pcd.o
                0x080021dc                HAL_PCD_IRQHandler
 .text.HAL_PCD_EP_SetStall
                0x080026a8       0x52 Drivers\STM32F1xx_HAL_Driver\Src\stm32f1xx_hal_pcd.o
                0x080026a8                HAL_PCD_EP_SetStall
 .text.HAL_PCD_EP_ClrStall
                0x080026fa       0x46 Drivers\STM32F1xx_HAL_Driver\Src\stm32f1xx_hal_pcd.o
                0x080026fa                HAL_PCD_EP_ClrStall
 .text.HAL_PCDEx_PMAConfig
                0x08002740       0x30 Drivers\STM32F1xx_HAL_Driver\Src\stm32f1xx_hal_pcd_ex.o
                0x08002740                HAL_PCDEx_PMAConfig
 .text.HAL_RCC_OscConfig
                0x08002770      0x4b0 Drivers\STM32F1xx_HAL_Driver\Src\stm32f1xx_hal_rcc.o
                0x08002770                HAL_RCC_OscConfig
 .text.HAL_RCC_GetSysClockFreq
                0x08002c20       0x94 Drivers\STM32F1xx_HAL_Driver\Src\stm32f1xx_hal_rcc.o
                0x08002c20                HAL_RCC_GetSysClockFreq
 .text.HAL_RCC_ClockConfig
                0x08002cb4      0x168 Drivers\STM32F1xx_HAL_Driver\Src\stm32f1xx_hal_rcc.o
                0x08002cb4                HAL_RCC_ClockConfig
 .text.HAL_RCC_GetHCLKFreq
                0x08002e1c        0xc Drivers\STM32F1xx_HAL_Driver\Src\stm32f1xx_hal_rcc.o
                0x08002e1c                HAL_RCC_GetHCLKFreq
 .text.HAL_RCC_GetPCLK1Freq
                0x08002e28       0x30 Drivers\STM32F1xx_HAL_Driver\Src\stm32f1xx_hal_rcc.o
                0x08002e28                HAL_RCC_GetPCLK1Freq
 .text.HAL_RCCEx_PeriphCLKConfig
                0x08002e58      0x10c Drivers\STM32F1xx_HAL_Driver\Src\stm32f1xx_hal_rcc_ex.o
                0x08002e58                HAL_RCCEx_PeriphCLKConfig
 .text.USB_CoreInit
                0x08002f64        0xe Drivers\STM32F1xx_HAL_Driver\Src\stm32f1xx_ll_usb.o
                0x08002f64                USB_CoreInit
 .text.USB_EnableGlobalInt
                0x08002f72       0x12 Drivers\STM32F1xx_HAL_Driver\Src\stm32f1xx_ll_usb.o
                0x08002f72                USB_EnableGlobalInt
 .text.USB_DisableGlobalInt
                0x08002f84       0x14 Drivers\STM32F1xx_HAL_Driver\Src\stm32f1xx_ll_usb.o
                0x08002f84                USB_DisableGlobalInt
 .text.USB_SetCurrentMode
                0x08002f98        0x4 Drivers\STM32F1xx_HAL_Driver\Src\stm32f1xx_ll_usb.o
                0x08002f98                USB_SetCurrentMode
 .text.USB_DevInit
                0x08002f9c       0x28 Drivers\STM32F1xx_HAL_Driver\Src\stm32f1xx_ll_usb.o
                0x08002f9c                USB_DevInit
 .text.USB_ActivateEndpoint
                0x08002fc4      0x2e8 Drivers\STM32F1xx_HAL_Driver\Src\stm32f1xx_ll_usb.o
                0x08002fc4                USB_ActivateEndpoint
 .text.USB_DeactivateEndpoint
                0x080032ac      0x19c Drivers\STM32F1xx_HAL_Driver\Src\stm32f1xx_ll_usb.o
                0x080032ac                USB_DeactivateEndpoint
 .text.USB_EPSetStall
                0x08003448       0x64 Drivers\STM32F1xx_HAL_Driver\Src\stm32f1xx_ll_usb.o
                0x08003448                USB_EPSetStall
 .text.USB_EPClearStall
                0x080034ac       0x84 Drivers\STM32F1xx_HAL_Driver\Src\stm32f1xx_ll_usb.o
                0x080034ac                USB_EPClearStall
 .text.USB_SetDevAddress
                0x08003530        0xc Drivers\STM32F1xx_HAL_Driver\Src\stm32f1xx_ll_usb.o
                0x08003530                USB_SetDevAddress
 .text.USB_DevConnect
                0x0800353c        0x4 Drivers\STM32F1xx_HAL_Driver\Src\stm32f1xx_ll_usb.o
                0x0800353c                USB_DevConnect
 .text.USB_DevDisconnect
                0x08003540        0x4 Drivers\STM32F1xx_HAL_Driver\Src\stm32f1xx_ll_usb.o
                0x08003540                USB_DevDisconnect
 .text.USB_ReadInterrupts
                0x08003544        0x8 Drivers\STM32F1xx_HAL_Driver\Src\stm32f1xx_ll_usb.o
                0x08003544                USB_ReadInterrupts
 .text.USB_EP0_OutStart
                0x0800354c        0x4 Drivers\STM32F1xx_HAL_Driver\Src\stm32f1xx_ll_usb.o
                0x0800354c                USB_EP0_OutStart
 .text.USB_WritePMA
                0x08003550       0x22 Drivers\STM32F1xx_HAL_Driver\Src\stm32f1xx_ll_usb.o
                0x08003550                USB_WritePMA
 *fill*         0x08003572        0x2 
 .text.USB_EPStartXfer
                0x08003574      0x1a8 Drivers\STM32F1xx_HAL_Driver\Src\stm32f1xx_ll_usb.o
                0x08003574                USB_EPStartXfer
 .text.USB_ReadPMA
                0x0800371c       0x22 Drivers\STM32F1xx_HAL_Driver\Src\stm32f1xx_ll_usb.o
                0x0800371c                USB_ReadPMA
 .text.USBD_CDC_DataIn
                0x0800373e       0x12 Middlewares\ST\STM32_USB_Device_Library\Class\CDC\Src\usbd_cdc.o
 .text.USBD_CDC_EP0_RxReady
                0x08003750       0x28 Middlewares\ST\STM32_USB_Device_Library\Class\CDC\Src\usbd_cdc.o
 .text.USBD_CDC_GetFSCfgDesc
                0x08003778        0xc Middlewares\ST\STM32_USB_Device_Library\Class\CDC\Src\usbd_cdc.o
 .text.USBD_CDC_GetHSCfgDesc
                0x08003784        0xc Middlewares\ST\STM32_USB_Device_Library\Class\CDC\Src\usbd_cdc.o
 .text.USBD_CDC_GetOtherSpeedCfgDesc
                0x08003790        0xc Middlewares\ST\STM32_USB_Device_Library\Class\CDC\Src\usbd_cdc.o
 .text.USBD_CDC_GetDeviceQualifierDescriptor
                0x0800379c        0xc Middlewares\ST\STM32_USB_Device_Library\Class\CDC\Src\usbd_cdc.o
                0x0800379c                USBD_CDC_GetDeviceQualifierDescriptor
 .text.USBD_CDC_DataOut
                0x080037a8       0x2e Middlewares\ST\STM32_USB_Device_Library\Class\CDC\Src\usbd_cdc.o
 *fill*         0x080037d6        0x2 
 .text.USBD_CDC_Setup
                0x080037d8       0x68 Middlewares\ST\STM32_USB_Device_Library\Class\CDC\Src\usbd_cdc.o
 .text.USBD_CDC_DeInit
                0x08003840       0x3a Middlewares\ST\STM32_USB_Device_Library\Class\CDC\Src\usbd_cdc.o
 .text.USBD_CDC_Init
                0x0800387a       0x8c Middlewares\ST\STM32_USB_Device_Library\Class\CDC\Src\usbd_cdc.o
 .text.USBD_CDC_RegisterInterface
                0x08003906        0xe Middlewares\ST\STM32_USB_Device_Library\Class\CDC\Src\usbd_cdc.o
                0x08003906                USBD_CDC_RegisterInterface
 .text.USBD_CDC_SetTxBuffer
                0x08003914       0x10 Middlewares\ST\STM32_USB_Device_Library\Class\CDC\Src\usbd_cdc.o
                0x08003914                USBD_CDC_SetTxBuffer
 .text.USBD_CDC_SetRxBuffer
                0x08003924        0xc Middlewares\ST\STM32_USB_Device_Library\Class\CDC\Src\usbd_cdc.o
                0x08003924                USBD_CDC_SetRxBuffer
 .text.USBD_CDC_TransmitPacket
                0x08003930       0x2e Middlewares\ST\STM32_USB_Device_Library\Class\CDC\Src\usbd_cdc.o
                0x08003930                USBD_CDC_TransmitPacket
 .text.USBD_CDC_ReceivePacket
                0x0800395e       0x26 Middlewares\ST\STM32_USB_Device_Library\Class\CDC\Src\usbd_cdc.o
                0x0800395e                USBD_CDC_ReceivePacket
 .text.USBD_Init
                0x08003984       0x2a Middlewares\ST\STM32_USB_Device_Library\Core\Src\usbd_core.o
                0x08003984                USBD_Init
 .text.USBD_RegisterClass
                0x080039ae        0xe Middlewares\ST\STM32_USB_Device_Library\Core\Src\usbd_core.o
                0x080039ae                USBD_RegisterClass
 .text.USBD_Start
                0x080039bc        0xa Middlewares\ST\STM32_USB_Device_Library\Core\Src\usbd_core.o
                0x080039bc                USBD_Start
 .text.USBD_SetClassConfig
                0x080039c6       0x16 Middlewares\ST\STM32_USB_Device_Library\Core\Src\usbd_core.o
                0x080039c6                USBD_SetClassConfig
 .text.USBD_ClrClassConfig
                0x080039dc        0xe Middlewares\ST\STM32_USB_Device_Library\Core\Src\usbd_core.o
                0x080039dc                USBD_ClrClassConfig
 .text.USBD_LL_SetupStage
                0x080039ea       0x5a Middlewares\ST\STM32_USB_Device_Library\Core\Src\usbd_core.o
                0x080039ea                USBD_LL_SetupStage
 .text.USBD_LL_DataOutStage
                0x08003a44       0x64 Middlewares\ST\STM32_USB_Device_Library\Core\Src\usbd_core.o
                0x08003a44                USBD_LL_DataOutStage
 .text.USBD_LL_DataInStage
                0x08003aa8       0x9e Middlewares\ST\STM32_USB_Device_Library\Core\Src\usbd_core.o
                0x08003aa8                USBD_LL_DataInStage
 .text.USBD_LL_Reset
                0x08003b46       0x3e Middlewares\ST\STM32_USB_Device_Library\Core\Src\usbd_core.o
                0x08003b46                USBD_LL_Reset
 .text.USBD_LL_SetSpeed
                0x08003b84        0x6 Middlewares\ST\STM32_USB_Device_Library\Core\Src\usbd_core.o
                0x08003b84                USBD_LL_SetSpeed
 .text.USBD_LL_Suspend
                0x08003b8a       0x12 Middlewares\ST\STM32_USB_Device_Library\Core\Src\usbd_core.o
                0x08003b8a                USBD_LL_Suspend
 .text.USBD_LL_Resume
                0x08003b9c        0xc Middlewares\ST\STM32_USB_Device_Library\Core\Src\usbd_core.o
                0x08003b9c                USBD_LL_Resume
 .text.USBD_LL_SOF
                0x08003ba8       0x18 Middlewares\ST\STM32_USB_Device_Library\Core\Src\usbd_core.o
                0x08003ba8                USBD_LL_SOF
 .text.USBD_CtlError.constprop.0
                0x08003bc0       0x16 Middlewares\ST\STM32_USB_Device_Library\Core\Src\usbd_ctlreq.o
 *fill*         0x08003bd6        0x2 
 .text.USBD_StdDevReq
                0x08003bd8      0x1f4 Middlewares\ST\STM32_USB_Device_Library\Core\Src\usbd_ctlreq.o
                0x08003bd8                USBD_StdDevReq
 .text.USBD_StdItfReq
                0x08003dcc       0x30 Middlewares\ST\STM32_USB_Device_Library\Core\Src\usbd_ctlreq.o
                0x08003dcc                USBD_StdItfReq
 .text.USBD_StdEPReq
                0x08003dfc       0xc6 Middlewares\ST\STM32_USB_Device_Library\Core\Src\usbd_ctlreq.o
                0x08003dfc                USBD_StdEPReq
 .text.USBD_ParseSetupRequest
                0x08003ec2       0x28 Middlewares\ST\STM32_USB_Device_Library\Core\Src\usbd_ctlreq.o
                0x08003ec2                USBD_ParseSetupRequest
 .text.USBD_GetString
                0x08003eea       0x38 Middlewares\ST\STM32_USB_Device_Library\Core\Src\usbd_ctlreq.o
                0x08003eea                USBD_GetString
 .text.USBD_CtlSendData
                0x08003f22       0x1a Middlewares\ST\STM32_USB_Device_Library\Core\Src\usbd_ioreq.o
                0x08003f22                USBD_CtlSendData
 .text.USBD_CtlContinueSendData
                0x08003f3c       0x10 Middlewares\ST\STM32_USB_Device_Library\Core\Src\usbd_ioreq.o
                0x08003f3c                USBD_CtlContinueSendData
 .text.USBD_CtlPrepareRx
                0x08003f4c       0x1e Middlewares\ST\STM32_USB_Device_Library\Core\Src\usbd_ioreq.o
                0x08003f4c                USBD_CtlPrepareRx
 .text.USBD_CtlContinueRx
                0x08003f6a       0x10 Middlewares\ST\STM32_USB_Device_Library\Core\Src\usbd_ioreq.o
                0x08003f6a                USBD_CtlContinueRx
 .text.USBD_CtlSendStatus
                0x08003f7a       0x16 Middlewares\ST\STM32_USB_Device_Library\Core\Src\usbd_ioreq.o
                0x08003f7a                USBD_CtlSendStatus
 .text.USBD_CtlReceiveStatus
                0x08003f90       0x16 Middlewares\ST\STM32_USB_Device_Library\Core\Src\usbd_ioreq.o
                0x08003f90                USBD_CtlReceiveStatus
 .text.osSystickHandler
                0x08003fa6       0x14 Middlewares\Third_Party\FreeRTOS\Source\CMSIS_RTOS\cmsis_os.o
                0x08003fa6                osSystickHandler
 .text.vListInitialise
                0x08003fba       0x16 Middlewares\Third_Party\FreeRTOS\Source\list.o
                0x08003fba                vListInitialise
 .text.vListInitialiseItem
                0x08003fd0        0x6 Middlewares\Third_Party\FreeRTOS\Source\list.o
                0x08003fd0                vListInitialiseItem
 .text.vListInsertEnd
                0x08003fd6       0x18 Middlewares\Third_Party\FreeRTOS\Source\list.o
                0x08003fd6                vListInsertEnd
 .text.vListInsert
                0x08003fee       0x2e Middlewares\Third_Party\FreeRTOS\Source\list.o
                0x08003fee                vListInsert
 .text.uxListRemove
                0x0800401c       0x20 Middlewares\Third_Party\FreeRTOS\Source\list.o
                0x0800401c                uxListRemove
 .text.prvPortStartFirstTask
                0x0800403c       0x20 Middlewares\Third_Party\FreeRTOS\Source\portable\GCC\ARM_CM3\port.o
 .text.pxPortInitialiseStack
                0x0800405c       0x1c Middlewares\Third_Party\FreeRTOS\Source\portable\GCC\ARM_CM3\port.o
                0x0800405c                pxPortInitialiseStack
 .text.SVC_Handler
                0x08004078       0x24 Middlewares\Third_Party\FreeRTOS\Source\portable\GCC\ARM_CM3\port.o
                0x08004078                SVC_Handler
 .text.vPortYield
                0x0800409c       0x18 Middlewares\Third_Party\FreeRTOS\Source\portable\GCC\ARM_CM3\port.o
                0x0800409c                vPortYield
 .text.ulPortSetInterruptMask
                0x080040b4       0x10 Middlewares\Third_Party\FreeRTOS\Source\portable\GCC\ARM_CM3\port.o
                0x080040b4                ulPortSetInterruptMask
 .text.prvTaskExitError
                0x080040c4       0x1c Middlewares\Third_Party\FreeRTOS\Source\portable\GCC\ARM_CM3\port.o
 .text.vPortEnterCritical
                0x080040e0       0x34 Middlewares\Third_Party\FreeRTOS\Source\portable\GCC\ARM_CM3\port.o
                0x080040e0                vPortEnterCritical
 .text.vPortClearInterruptMask
                0x08004114        0x6 Middlewares\Third_Party\FreeRTOS\Source\portable\GCC\ARM_CM3\port.o
                0x08004114                vPortClearInterruptMask
 *fill*         0x0800411a        0x2 
 .text.vPortExitCritical
                0x0800411c       0x24 Middlewares\Third_Party\FreeRTOS\Source\portable\GCC\ARM_CM3\port.o
                0x0800411c                vPortExitCritical
 .text.PendSV_Handler
                0x08004140       0x44 Middlewares\Third_Party\FreeRTOS\Source\portable\GCC\ARM_CM3\port.o
                0x08004140                PendSV_Handler
 .text.xPortSysTickHandler
                0x08004184       0x24 Middlewares\Third_Party\FreeRTOS\Source\portable\GCC\ARM_CM3\port.o
                0x08004184                xPortSysTickHandler
 .text.vPortSuppressTicksAndSleep
                0x080041a8      0x114 Middlewares\Third_Party\FreeRTOS\Source\portable\GCC\ARM_CM3\port.o
                0x080041a8                vPortSuppressTicksAndSleep
 .text.vPortSetupTimerInterrupt
                0x080042bc       0x50 Middlewares\Third_Party\FreeRTOS\Source\portable\GCC\ARM_CM3\port.o
                0x080042bc                vPortSetupTimerInterrupt
 .text.xPortStartScheduler
                0x0800430c       0x94 Middlewares\Third_Party\FreeRTOS\Source\portable\GCC\ARM_CM3\port.o
                0x0800430c                xPortStartScheduler
 .text.vPortValidateInterruptPriority
                0x080043a0       0x44 Middlewares\Third_Party\FreeRTOS\Source\portable\GCC\ARM_CM3\port.o
                0x080043a0                vPortValidateInterruptPriority
 .text.prvInsertBlockIntoFreeList
                0x080043e4       0x48 Middlewares\Third_Party\FreeRTOS\Source\portable\MemMang\heap_4.o
 .text.pvPortMalloc
                0x0800442c      0x10c Middlewares\Third_Party\FreeRTOS\Source\portable\MemMang\heap_4.o
                0x0800442c                pvPortMalloc
 .text.vPortFree
                0x08004538       0x58 Middlewares\Third_Party\FreeRTOS\Source\portable\MemMang\heap_4.o
                0x08004538                vPortFree
 .text.prvCopyDataToQueue
                0x08004590       0x6c Middlewares\Third_Party\FreeRTOS\Source\queue.o
 .text.xQueueGenericSendFromISR
                0x080045fc       0x8e Middlewares\Third_Party\FreeRTOS\Source\queue.o
                0x080045fc                xQueueGenericSendFromISR
 *fill*         0x0800468a        0x2 
 .text.prvGetExpectedIdleTime
                0x0800468c       0x30 Middlewares\Third_Party\FreeRTOS\Source\tasks.o
 .text.prvResetNextTaskUnblockTime
                0x080046bc       0x24 Middlewares\Third_Party\FreeRTOS\Source\tasks.o
 .text.prvAddCurrentTaskToDelayedList
                0x080046e0       0x50 Middlewares\Third_Party\FreeRTOS\Source\tasks.o
 .text.xTaskGenericCreate
                0x08004730      0x1b4 Middlewares\Third_Party\FreeRTOS\Source\tasks.o
                0x08004730                xTaskGenericCreate
 .text.vTaskDelete
                0x080048e4       0xb0 Middlewares\Third_Party\FreeRTOS\Source\tasks.o
                0x080048e4                vTaskDelete
 .text.vTaskStartScheduler
                0x08004994       0x64 Middlewares\Third_Party\FreeRTOS\Source\tasks.o
                0x08004994                vTaskStartScheduler
 .text.vTaskSuspendAll
                0x080049f8       0x10 Middlewares\Third_Party\FreeRTOS\Source\tasks.o
                0x080049f8                vTaskSuspendAll
 .text.xTaskGetTickCount
                0x08004a08        0xc Middlewares\Third_Party\FreeRTOS\Source\tasks.o
                0x08004a08                xTaskGetTickCount
 .text.vTaskStepTick
                0x08004a14       0x28 Middlewares\Third_Party\FreeRTOS\Source\tasks.o
                0x08004a14                vTaskStepTick
 .text.xTaskIncrementTick
                0x08004a3c      0x128 Middlewares\Third_Party\FreeRTOS\Source\tasks.o
                0x08004a3c                xTaskIncrementTick
 .text.xTaskResumeAll
                0x08004b64       0xd4 Middlewares\Third_Party\FreeRTOS\Source\tasks.o
                0x08004b64                xTaskResumeAll
 .text.vTaskDelayUntil
                0x08004c38       0x8c Middlewares\Third_Party\FreeRTOS\Source\tasks.o
                0x08004c38                vTaskDelayUntil
 .text.vTaskDelay
                0x08004cc4       0x60 Middlewares\Third_Party\FreeRTOS\Source\tasks.o
                0x08004cc4                vTaskDelay
 .text.prvIdleTask
                0x08004d24       0xa0 Middlewares\Third_Party\FreeRTOS\Source\tasks.o
 .text.vTaskSwitchContext
                0x08004dc4       0x88 Middlewares\Third_Party\FreeRTOS\Source\tasks.o
                0x08004dc4                vTaskSwitchContext
 .text.xTaskRemoveFromEventList
                0x08004e4c       0x7c Middlewares\Third_Party\FreeRTOS\Source\tasks.o
                0x08004e4c                xTaskRemoveFromEventList
 .text.eTaskConfirmSleepModeStatus
                0x08004ec8       0x34 Middlewares\Third_Party\FreeRTOS\Source\tasks.o
                0x08004ec8                eTaskConfirmSleepModeStatus
 .text.xTaskGetSchedulerState
                0x08004efc       0x20 Middlewares\Third_Party\FreeRTOS\Source\tasks.o
                0x08004efc                xTaskGetSchedulerState
 .text.xTaskPriorityDisinherit
                0x08004f1c       0x88 Middlewares\Third_Party\FreeRTOS\Source\tasks.o
                0x08004f1c                xTaskPriorityDisinherit
 .text.consoleInput
                0x08004fa4       0x40 Src\console.o
                0x08004fa4                consoleInput
 .text.configureTimerForRunTimeStats
                0x08004fe4        0x2 Src\freertos.o
                0x08004fe4                configureTimerForRunTimeStats
 .text.getRunTimeCounterValue
                0x08004fe6        0x4 Src\freertos.o
                0x08004fe6                getRunTimeCounterValue
 .text.vApplicationIdleHook
                0x08004fea        0x2 Src\freertos.o
                0x08004fea                vApplicationIdleHook
 .text.vApplicationTickHook
                0x08004fec        0x2 Src\freertos.o
                0x08004fec                vApplicationTickHook
 .text.vApplicationMallocFailedHook
                0x08004fee        0x2 Src\freertos.o
                0x08004fee                vApplicationMallocFailedHook
 .text.PreSleepProcessing
                0x08004ff0        0x2 Src\freertos.o
                0x08004ff0                PreSleepProcessing
 .text.PostSleepProcessing
                0x08004ff2        0x2 Src\freertos.o
                0x08004ff2                PostSleepProcessing
 .text.MX_I2C2_Init
                0x08004ff4       0x40 Src\i2c.o
                0x08004ff4                MX_I2C2_Init
 .text.i2cRead  0x08005034       0x30 Src\i2c.o
                0x08005034                i2cRead
 .text.i2cWrite
                0x08005064       0x3c Src\i2c.o
                0x08005064                i2cWrite
 .text.l3gd20Config
                0x080050a0       0x24 Src\l3gd20.o
                0x080050a0                l3gd20Config
 .text.l3gd20Detect
                0x080050c4       0x28 Src\l3gd20.o
                0x080050c4                l3gd20Detect
 .text.l3gd20Read
                0x080050ec       0x40 Src\l3gd20.o
                0x080050ec                l3gd20Read
 .text.l3gd20GetTemp
                0x0800512c       0x20 Src\l3gd20.o
                0x0800512c                l3gd20GetTemp
 .text.ReadReg  0x0800514c        0x8 Src\lsm303dlhc.o
                0x0800514c                ReadReg
 .text.SetODR   0x08005154       0x40 Src\lsm303dlhc.o
                0x08005154                SetODR
 .text.SetODR_M
                0x08005194       0x36 Src\lsm303dlhc.o
                0x08005194                SetODR_M
 .text.SetTemperature
                0x080051ca       0x36 Src\lsm303dlhc.o
                0x080051ca                SetTemperature
 .text.SetGainMag
                0x08005200       0x2c Src\lsm303dlhc.o
                0x08005200                SetGainMag
 .text.SetModeMag
                0x0800522c       0x2a Src\lsm303dlhc.o
                0x0800522c                SetModeMag
 .text.GetTemperature
                0x08005256       0x38 Src\lsm303dlhc.o
                0x08005256                GetTemperature
 *fill*         0x0800528e        0x2 
 .text.SetMode  0x08005290       0xbc Src\lsm303dlhc.o
                0x08005290                SetMode
 .text.SetAxis  0x0800534c       0x36 Src\lsm303dlhc.o
                0x0800534c                SetAxis
 .text.SetFullScale
                0x08005382       0x36 Src\lsm303dlhc.o
                0x08005382                SetFullScale
 .text.FIFOModeEnable
                0x080053b8      0x1b8 Src\lsm303dlhc.o
                0x080053b8                FIFOModeEnable
 .text.lsm303dlhcConfig
                0x08005570       0x3c Src\lsm303dlhc.o
                0x08005570                lsm303dlhcConfig
 .text.lsm303dlhcReadAcc
                0x080055ac       0x54 Src\lsm303dlhc.o
                0x080055ac                lsm303dlhcReadAcc
 .text.DebugTask
                0x08005600       0x78 Src\main.o
                0x08005600                DebugTask
 .text.startup.main
                0x08005678       0x28 Src\main.o
                0x08005678                main
 .text.Error_Handler
                0x080056a0       0x2c Src\main.o
                0x080056a0                Error_Handler
 .text.SystemClock_Config
                0x080056cc       0x80 Src\main.o
                0x080056cc                SystemClock_Config
 .text.initTask
                0x0800574c      0x11c Src\main.o
                0x0800574c                initTask
 .text.SensInit
                0x08005868        0xe Src\sensors.o
                0x08005868                SensInit
 *fill*         0x08005876        0x2 
 .text.SensorTask
                0x08005878      0x224 Src\sensors.o
                0x08005878                SensorTask
 .text.HAL_MspInit
                0x08005a9c       0x7c Src\stm32f1xx_hal_msp.o
                0x08005a9c                HAL_MspInit
 .text.HAL_I2C_MspInit
                0x08005b18       0x30 Src\stm32f1xx_hal_msp.o
                0x08005b18                HAL_I2C_MspInit
 .text.NMI_Handler
                0x08005b48        0x2 Src\stm32f1xx_it.o
                0x08005b48                NMI_Handler
 .text.HardFault_Handler
                0x08005b4a        0x2 Src\stm32f1xx_it.o
                0x08005b4a                HardFault_Handler
 .text.MemManage_Handler
                0x08005b4c        0x2 Src\stm32f1xx_it.o
                0x08005b4c                MemManage_Handler
 .text.BusFault_Handler
                0x08005b4e        0x2 Src\stm32f1xx_it.o
                0x08005b4e                BusFault_Handler
 .text.UsageFault_Handler
                0x08005b50        0x2 Src\stm32f1xx_it.o
                0x08005b50                UsageFault_Handler
 .text.DebugMon_Handler
                0x08005b52        0x2 Src\stm32f1xx_it.o
                0x08005b52                DebugMon_Handler
 .text.SysTick_Handler
                0x08005b54        0xe Src\stm32f1xx_it.o
                0x08005b54                SysTick_Handler
 *fill*         0x08005b62        0x2 
 .text.DMA1_Channel1_IRQHandler
                0x08005b64        0xc Src\stm32f1xx_it.o
                0x08005b64                DMA1_Channel1_IRQHandler
 .text.USB_LP_CAN1_RX0_IRQHandler
                0x08005b70        0xc Src\stm32f1xx_it.o
                0x08005b70                USB_LP_CAN1_RX0_IRQHandler
 .text.SystemInit
                0x08005b7c       0x4c Src\system_stm32f1xx.o
                0x08005b7c                SystemInit
 .text.MX_USB_DEVICE_Init
                0x08005bc8       0x38 Src\usb_device.o
                0x08005bc8                MX_USB_DEVICE_Init
 .text.CDC_DeInit_FS
                0x08005c00        0x4 Src\usbd_cdc_if.o
 .text.CDC_Control_FS
                0x08005c04        0x4 Src\usbd_cdc_if.o
 .text.CDC_Receive_FS
                0x08005c08       0x4c Src\usbd_cdc_if.o
 .text.CDC_Init_FS
                0x08005c54       0x28 Src\usbd_cdc_if.o
 .text.CDC_Transmit_FS
                0x08005c7c       0x2c Src\usbd_cdc_if.o
                0x08005c7c                CDC_Transmit_FS
 .text.HAL_PCD_MspInit
                0x08005ca8       0x3c Src\usbd_conf.o
                0x08005ca8                HAL_PCD_MspInit
 .text.HAL_PCD_SetupStageCallback
                0x08005ce4        0xc Src\usbd_conf.o
                0x08005ce4                HAL_PCD_SetupStageCallback
 .text.HAL_PCD_DataOutStageCallback
                0x08005cf0       0x10 Src\usbd_conf.o
                0x08005cf0                HAL_PCD_DataOutStageCallback
 .text.HAL_PCD_DataInStageCallback
                0x08005d00        0xe Src\usbd_conf.o
                0x08005d00                HAL_PCD_DataInStageCallback
 .text.HAL_PCD_SOFCallback
                0x08005d0e        0x8 Src\usbd_conf.o
                0x08005d0e                HAL_PCD_SOFCallback
 .text.HAL_PCD_ResetCallback
                0x08005d16       0x1a Src\usbd_conf.o
                0x08005d16                HAL_PCD_ResetCallback
 .text.HAL_PCD_SuspendCallback
                0x08005d30       0x20 Src\usbd_conf.o
                0x08005d30                HAL_PCD_SuspendCallback
 .text.HAL_PCD_ResumeCallback
                0x08005d50        0x8 Src\usbd_conf.o
                0x08005d50                HAL_PCD_ResumeCallback
 .text.USBD_LL_Init
                0x08005d58       0x84 Src\usbd_conf.o
                0x08005d58                USBD_LL_Init
 .text.USBD_LL_Start
                0x08005ddc       0x1c Src\usbd_conf.o
                0x08005ddc                USBD_LL_Start
 .text.USBD_LL_OpenEP
                0x08005df8       0x20 Src\usbd_conf.o
                0x08005df8                USBD_LL_OpenEP
 .text.USBD_LL_CloseEP
                0x08005e18       0x1c Src\usbd_conf.o
                0x08005e18                USBD_LL_CloseEP
 .text.USBD_LL_StallEP
                0x08005e34       0x1c Src\usbd_conf.o
                0x08005e34                USBD_LL_StallEP
 .text.USBD_LL_ClearStallEP
                0x08005e50       0x1c Src\usbd_conf.o
                0x08005e50                USBD_LL_ClearStallEP
 .text.USBD_LL_IsStallEP
                0x08005e6c       0x20 Src\usbd_conf.o
                0x08005e6c                USBD_LL_IsStallEP
 .text.USBD_LL_SetUSBAddress
                0x08005e8c       0x1c Src\usbd_conf.o
                0x08005e8c                USBD_LL_SetUSBAddress
 .text.USBD_LL_Transmit
                0x08005ea8       0x1c Src\usbd_conf.o
                0x08005ea8                USBD_LL_Transmit
 .text.USBD_LL_PrepareReceive
                0x08005ec4       0x1c Src\usbd_conf.o
                0x08005ec4                USBD_LL_PrepareReceive
 .text.USBD_LL_GetRxDataSize
                0x08005ee0        0xc Src\usbd_conf.o
                0x08005ee0                USBD_LL_GetRxDataSize
 .text.USBD_static_malloc
                0x08005eec        0x8 Src\usbd_conf.o
                0x08005eec                USBD_static_malloc
 .text.USBD_static_free
                0x08005ef4        0x2 Src\usbd_conf.o
                0x08005ef4                USBD_static_free
 .text.HAL_PCDEx_SetConnectionState
                0x08005ef6        0x2 Src\usbd_conf.o
                0x08005ef6                HAL_PCDEx_SetConnectionState
 .text.USBD_FS_DeviceDescriptor
                0x08005ef8        0xc Src\usbd_desc.o
                0x08005ef8                USBD_FS_DeviceDescriptor
 .text.USBD_FS_LangIDStrDescriptor
                0x08005f04        0xc Src\usbd_desc.o
                0x08005f04                USBD_FS_LangIDStrDescriptor
 .text.USBD_FS_ManufacturerStrDescriptor
                0x08005f10       0x1c Src\usbd_desc.o
                0x08005f10                USBD_FS_ManufacturerStrDescriptor
 .text.USBD_FS_ProductStrDescriptor
                0x08005f2c       0x1c Src\usbd_desc.o
                0x08005f2c                USBD_FS_ProductStrDescriptor
 .text.USBD_FS_SerialStrDescriptor
                0x08005f48       0x1c Src\usbd_desc.o
                0x08005f48                USBD_FS_SerialStrDescriptor
 .text.USBD_FS_ConfigStrDescriptor
                0x08005f64       0x1c Src\usbd_desc.o
                0x08005f64                USBD_FS_ConfigStrDescriptor
 .text.USBD_FS_InterfaceStrDescriptor
                0x08005f80       0x1c Src\usbd_desc.o
                0x08005f80                USBD_FS_InterfaceStrDescriptor
 .text.__libc_init_array
                0x08005f9c       0x48 c:/program files/atollic/truestudio for stm32 9.0.1/armtools/bin/../lib/gcc/arm-atollic-eabi/6.3.1/../../../../arm-atollic-eabi/lib/armv7-m\libc_nano.a(lib_a-init.o)
                0x08005f9c                __libc_init_array
 .text.memcpy   0x08005fe4       0x16 c:/program files/atollic/truestudio for stm32 9.0.1/armtools/bin/../lib/gcc/arm-atollic-eabi/6.3.1/../../../../arm-atollic-eabi/lib/armv7-m\libc_nano.a(lib_a-memcpy-stub.o)
                0x08005fe4                memcpy
 .text.memset   0x08005ffa       0x10 c:/program files/atollic/truestudio for stm32 9.0.1/armtools/bin/../lib/gcc/arm-atollic-eabi/6.3.1/../../../../arm-atollic-eabi/lib/armv7-m\libc_nano.a(lib_a-memset.o)
                0x08005ffa                memset
 .text.atan2    0x0800600a        0x4 c:/program files/atollic/truestudio for stm32 9.0.1/armtools/bin/../lib/gcc/arm-atollic-eabi/6.3.1/../../../../arm-atollic-eabi/lib/armv7-m\libm.a(lib_a-w_atan2.o)
                0x0800600a                atan2
 *fill*         0x0800600e        0x2 
 .text.__ieee754_atan2
                0x08006010      0x1b4 c:/program files/atollic/truestudio for stm32 9.0.1/armtools/bin/../lib/gcc/arm-atollic-eabi/6.3.1/../../../../arm-atollic-eabi/lib/armv7-m\libm.a(lib_a-e_atan2.o)
                0x08006010                __ieee754_atan2
 *fill*         0x080061c4        0x4 
 .text.atan     0x080061c8      0x324 c:/program files/atollic/truestudio for stm32 9.0.1/armtools/bin/../lib/gcc/arm-atollic-eabi/6.3.1/../../../../arm-atollic-eabi/lib/armv7-m\libm.a(lib_a-s_atan.o)
                0x080061c8                atan
 .text.fabs     0x080064ec        0x6 c:/program files/atollic/truestudio for stm32 9.0.1/armtools/bin/../lib/gcc/arm-atollic-eabi/6.3.1/../../../../arm-atollic-eabi/lib/armv7-m\libm.a(lib_a-s_fabs.o)
                0x080064ec                fabs
 *(.glue_7)
 .glue_7        0x080064f2        0x0 linker stubs
 *(.glue_7t)
 .glue_7t       0x080064f2        0x0 linker stubs
 *(.eh_frame)
 *fill*         0x080064f2        0x2 
 .eh_frame      0x080064f4        0x0 c:/program files/atollic/truestudio for stm32 9.0.1/armtools/bin/../lib/gcc/arm-atollic-eabi/6.3.1/armv7-m/crtbegin.o
 *(.init)
 .init          0x080064f4        0x4 c:/program files/atollic/truestudio for stm32 9.0.1/armtools/bin/../lib/gcc/arm-atollic-eabi/6.3.1/armv7-m/crti.o
                0x080064f4                _init
 .init          0x080064f8        0x8 c:/program files/atollic/truestudio for stm32 9.0.1/armtools/bin/../lib/gcc/arm-atollic-eabi/6.3.1/armv7-m/crtn.o
 *(.fini)
 .fini          0x08006500        0x4 c:/program files/atollic/truestudio for stm32 9.0.1/armtools/bin/../lib/gcc/arm-atollic-eabi/6.3.1/armv7-m/crti.o
                0x08006500                _fini
 .fini          0x08006504        0x8 c:/program files/atollic/truestudio for stm32 9.0.1/armtools/bin/../lib/gcc/arm-atollic-eabi/6.3.1/armv7-m/crtn.o
                0x0800650c                . = ALIGN (0x4)
                0x0800650c                _etext = .

.vfp11_veneer   0x0800650c        0x0
 .vfp11_veneer  0x0800650c        0x0 linker stubs

.v4_bx          0x0800650c        0x0
 .v4_bx         0x0800650c        0x0 linker stubs

.iplt           0x0800650c        0x0
 .iplt          0x0800650c        0x0 c:/program files/atollic/truestudio for stm32 9.0.1/armtools/bin/../lib/gcc/arm-atollic-eabi/6.3.1/armv7-m/crtbegin.o

.rodata         0x08006510       0xd8
                0x08006510                . = ALIGN (0x4)
 *(.rodata)
 .rodata        0x08006510       0x10 Drivers\STM32F1xx_HAL_Driver\Src\stm32f1xx_hal_rcc.o
 *(.rodata*)
 .rodata.vTaskStartScheduler.str1.1
                0x08006520        0x5 Middlewares\Third_Party\FreeRTOS\Source\tasks.o
 .rodata.initTask.str1.1
                0x08006525        0xd Src\main.o
 .rodata.main.str1.1
                0x08006532        0x5 Src\main.o
 .rodata.AHBPrescTable
                0x08006537       0x10 Src\system_stm32f1xx.o
                0x08006537                AHBPrescTable
 .rodata.APBPrescTable
                0x08006547        0x8 Src\system_stm32f1xx.o
                0x08006547                APBPrescTable
 .rodata.CSWTCH.39
                0x0800654f        0x4 Src\usbd_conf.o
 .rodata.USBD_FS_ConfigStrDescriptor.str1.1
                0x08006553        0xb Src\usbd_desc.o
 .rodata.USBD_FS_InterfaceStrDescriptor.str1.1
                0x0800655e        0xe Src\usbd_desc.o
 .rodata.USBD_FS_ManufacturerStrDescriptor.str1.1
                0x0800656c       0x13 Src\usbd_desc.o
 .rodata.USBD_FS_ProductStrDescriptor.str1.1
                0x0800657f       0x16 Src\usbd_desc.o
 .rodata.USBD_FS_SerialStrDescriptor.str1.1
                0x08006595        0xd Src\usbd_desc.o
 *fill*         0x080065a2        0x6 
 .rodata.atanhi
                0x080065a8       0x20 c:/program files/atollic/truestudio for stm32 9.0.1/armtools/bin/../lib/gcc/arm-atollic-eabi/6.3.1/../../../../arm-atollic-eabi/lib/armv7-m\libm.a(lib_a-s_atan.o)
 .rodata.atanlo
                0x080065c8       0x20 c:/program files/atollic/truestudio for stm32 9.0.1/armtools/bin/../lib/gcc/arm-atollic-eabi/6.3.1/../../../../arm-atollic-eabi/lib/armv7-m\libm.a(lib_a-s_atan.o)
                0x080065e8                . = ALIGN (0x4)

.rel.dyn        0x080065e8        0x0
 .rel.iplt      0x080065e8        0x0 c:/program files/atollic/truestudio for stm32 9.0.1/armtools/bin/../lib/gcc/arm-atollic-eabi/6.3.1/armv7-m/crtbegin.o

.ARM.extab
 *(.ARM.extab* .gnu.linkonce.armextab.*)

.ARM            0x080065e8        0x0
                0x080065e8                __exidx_start = .
 *(.ARM.exidx*)
                0x080065e8                __exidx_end = .

.preinit_array  0x080065e8        0x0
                0x080065e8                PROVIDE (__preinit_array_start, .)
 *(.preinit_array*)
                0x080065e8                PROVIDE (__preinit_array_end, .)

.init_array     0x080065e8        0x4
                0x080065e8                PROVIDE (__init_array_start, .)
 *(SORT(.init_array.*))
 *(.init_array*)
 .init_array    0x080065e8        0x4 c:/program files/atollic/truestudio for stm32 9.0.1/armtools/bin/../lib/gcc/arm-atollic-eabi/6.3.1/armv7-m/crtbegin.o
                0x080065ec                PROVIDE (__init_array_end, .)

.fini_array     0x080065ec        0x4
                [!provide]                PROVIDE (__fini_array_start, .)
 *(SORT(.fini_array.*))
 *(.fini_array*)
 .fini_array    0x080065ec        0x4 c:/program files/atollic/truestudio for stm32 9.0.1/armtools/bin/../lib/gcc/arm-atollic-eabi/6.3.1/armv7-m/crtbegin.o
                [!provide]                PROVIDE (__fini_array_end, .)
                0x080065f0                _sidata = LOADADDR (.data)

.data           0x20000000      0x15c load address 0x080065f0
                0x20000000                . = ALIGN (0x4)
                0x20000000                _sdata = .
 *(.data)
 *(.data*)
 .data.USBD_CDC
                0x20000000       0x38 Middlewares\ST\STM32_USB_Device_Library\Class\CDC\Src\usbd_cdc.o
                0x20000000                USBD_CDC
 .data.USBD_CDC_CfgFSDesc
                0x20000038       0x43 Middlewares\ST\STM32_USB_Device_Library\Class\CDC\Src\usbd_cdc.o
                0x20000038                USBD_CDC_CfgFSDesc
 *fill*         0x2000007b        0x1 
 .data.USBD_CDC_CfgHSDesc
                0x2000007c       0x43 Middlewares\ST\STM32_USB_Device_Library\Class\CDC\Src\usbd_cdc.o
                0x2000007c                USBD_CDC_CfgHSDesc
 *fill*         0x200000bf        0x1 
 .data.USBD_CDC_DeviceQualifierDesc
                0x200000c0        0xa Middlewares\ST\STM32_USB_Device_Library\Class\CDC\Src\usbd_cdc.o
 *fill*         0x200000ca        0x2 
 .data.USBD_CDC_OtherSpeedCfgDesc
                0x200000cc       0x43 Middlewares\ST\STM32_USB_Device_Library\Class\CDC\Src\usbd_cdc.o
                0x200000cc                USBD_CDC_OtherSpeedCfgDesc
 *fill*         0x2000010f        0x1 
 .data.uxCriticalNesting
                0x20000110        0x4 Middlewares\Third_Party\FreeRTOS\Source\portable\GCC\ARM_CM3\port.o
 .data.SystemCoreClock
                0x20000114        0x4 Src\system_stm32f1xx.o
                0x20000114                SystemCoreClock
 .data.USBD_Interface_fops_FS
                0x20000118       0x10 Src\usbd_cdc_if.o
                0x20000118                USBD_Interface_fops_FS
 .data.FS_Desc  0x20000128       0x1c Src\usbd_desc.o
                0x20000128                FS_Desc
 .data.USBD_FS_DeviceDesc
                0x20000144       0x12 Src\usbd_desc.o
                0x20000144                USBD_FS_DeviceDesc
 *fill*         0x20000156        0x2 
 .data.USBD_LangIDDesc
                0x20000158        0x4 Src\usbd_desc.o
                0x20000158                USBD_LangIDDesc
                0x2000015c                . = ALIGN (0x4)
                0x2000015c                _edata = .

.igot.plt       0x2000015c        0x0 load address 0x0800674c
 .igot.plt      0x2000015c        0x0 c:/program files/atollic/truestudio for stm32 9.0.1/armtools/bin/../lib/gcc/arm-atollic-eabi/6.3.1/armv7-m/crtbegin.o
                0x2000015c                . = ALIGN (0x4)

.bss            0x2000015c     0x35fc load address 0x0800674c
                0x2000015c                _sbss = .
                0x2000015c                __bss_start__ = _sbss
 *(.bss)
 .bss           0x2000015c       0x1c c:/program files/atollic/truestudio for stm32 9.0.1/armtools/bin/../lib/gcc/arm-atollic-eabi/6.3.1/armv7-m/crtbegin.o
 *(.bss*)
 .bss.uwTick    0x20000178        0x4 Drivers\STM32F1xx_HAL_Driver\Src\stm32f1xx_hal.o
 .bss.ifalt.8338
                0x2000017c        0x1 Middlewares\ST\STM32_USB_Device_Library\Class\CDC\Src\usbd_cdc.o
 .bss.cfgidx.8343
                0x2000017d        0x1 Middlewares\ST\STM32_USB_Device_Library\Core\Src\usbd_ctlreq.o
 .bss.ucMaxSysCallPriority
                0x2000017e        0x1 Middlewares\Third_Party\FreeRTOS\Source\portable\GCC\ARM_CM3\port.o
 *fill*         0x2000017f        0x1 
 .bss.ulMaxPRIGROUPValue
                0x20000180        0x4 Middlewares\Third_Party\FreeRTOS\Source\portable\GCC\ARM_CM3\port.o
 .bss.ulStoppedTimerCompensation
                0x20000184        0x4 Middlewares\Third_Party\FreeRTOS\Source\portable\GCC\ARM_CM3\port.o
 .bss.ulTimerCountsForOneTick
                0x20000188        0x4 Middlewares\Third_Party\FreeRTOS\Source\portable\GCC\ARM_CM3\port.o
 .bss.xMaximumPossibleSuppressedTicks
                0x2000018c        0x4 Middlewares\Third_Party\FreeRTOS\Source\portable\GCC\ARM_CM3\port.o
 .bss.pxEnd     0x20000190        0x4 Middlewares\Third_Party\FreeRTOS\Source\portable\MemMang\heap_4.o
 .bss.ucHeap    0x20000194     0x2800 Middlewares\Third_Party\FreeRTOS\Source\portable\MemMang\heap_4.o
 .bss.xBlockAllocatedBit
                0x20002994        0x4 Middlewares\Third_Party\FreeRTOS\Source\portable\MemMang\heap_4.o
 .bss.xFreeBytesRemaining
                0x20002998        0x4 Middlewares\Third_Party\FreeRTOS\Source\portable\MemMang\heap_4.o
 .bss.xMinimumEverFreeBytesRemaining
                0x2000299c        0x4 Middlewares\Third_Party\FreeRTOS\Source\portable\MemMang\heap_4.o
 .bss.xStart    0x200029a0        0x8 Middlewares\Third_Party\FreeRTOS\Source\portable\MemMang\heap_4.o
 .bss.pxCurrentTCB
                0x200029a8        0x4 Middlewares\Third_Party\FreeRTOS\Source\tasks.o
                0x200029a8                pxCurrentTCB
 .bss.pxDelayedTaskList
                0x200029ac        0x4 Middlewares\Third_Party\FreeRTOS\Source\tasks.o
 .bss.pxOverflowDelayedTaskList
                0x200029b0        0x4 Middlewares\Third_Party\FreeRTOS\Source\tasks.o
 .bss.pxReadyTasksLists
                0x200029b4       0x8c Middlewares\Third_Party\FreeRTOS\Source\tasks.o
 .bss.ulTaskSwitchedInTime
                0x20002a40        0x4 Middlewares\Third_Party\FreeRTOS\Source\tasks.o
 .bss.uxCurrentNumberOfTasks
                0x20002a44        0x4 Middlewares\Third_Party\FreeRTOS\Source\tasks.o
 .bss.uxPendedTicks
                0x20002a48        0x4 Middlewares\Third_Party\FreeRTOS\Source\tasks.o
 .bss.uxSchedulerSuspended
                0x20002a4c        0x4 Middlewares\Third_Party\FreeRTOS\Source\tasks.o
 .bss.uxTaskNumber
                0x20002a50        0x4 Middlewares\Third_Party\FreeRTOS\Source\tasks.o
 .bss.uxTasksDeleted
                0x20002a54        0x4 Middlewares\Third_Party\FreeRTOS\Source\tasks.o
 .bss.uxTopReadyPriority
                0x20002a58        0x4 Middlewares\Third_Party\FreeRTOS\Source\tasks.o
 .bss.xDelayedTaskList1
                0x20002a5c       0x14 Middlewares\Third_Party\FreeRTOS\Source\tasks.o
 .bss.xDelayedTaskList2
                0x20002a70       0x14 Middlewares\Third_Party\FreeRTOS\Source\tasks.o
 .bss.xNextTaskUnblockTime
                0x20002a84        0x4 Middlewares\Third_Party\FreeRTOS\Source\tasks.o
 .bss.xNumOfOverflows
                0x20002a88        0x4 Middlewares\Third_Party\FreeRTOS\Source\tasks.o
 .bss.xPendingReadyList
                0x20002a8c       0x14 Middlewares\Third_Party\FreeRTOS\Source\tasks.o
 .bss.xSchedulerRunning
                0x20002aa0        0x4 Middlewares\Third_Party\FreeRTOS\Source\tasks.o
 .bss.xSuspendedTaskList
                0x20002aa4       0x14 Middlewares\Third_Party\FreeRTOS\Source\tasks.o
 .bss.xTasksWaitingTermination
                0x20002ab8       0x14 Middlewares\Third_Party\FreeRTOS\Source\tasks.o
 .bss.xTickCount
                0x20002acc        0x4 Middlewares\Third_Party\FreeRTOS\Source\tasks.o
 .bss.xYieldPending
                0x20002ad0        0x4 Middlewares\Third_Party\FreeRTOS\Source\tasks.o
 .bss.xQueueCmdBuffer
                0x20002ad4        0x4 Src\console.o
 .bss.ODR_old_value.9515
                0x20002ad8        0x1 Src\lsm303dlhc.o
 *fill*         0x20002ad9        0x3 
 .bss.delay.9919
                0x20002adc        0x4 Src\main.o
 .bss.GyroAngleX
                0x20002ae0        0x4 Src\sensors.o
                0x20002ae0                GyroAngleX
 .bss.TempCounter.9854
                0x20002ae4        0x1 Src\sensors.o
 *fill*         0x20002ae5        0x3 
 .bss.pAngle    0x20002ae8        0x4 Src\sensors.o
                0x20002ae8                pAngle
 .bss.temp_counter.9848
                0x20002aec        0x1 Src\sensors.o
 *fill*         0x20002aed        0x3 
 .bss.receive_total
                0x20002af0        0x4 Src\usbd_cdc_if.o
                0x20002af0                receive_total
 .bss.mem.8496  0x20002af4      0x220 Src\usbd_conf.o
 *(COMMON)
 COMMON         0x20002d14       0x68 Src\adc.o
                0x20002d14                hadc1
                0x20002d44                hdma_adc1
 COMMON         0x20002d7c       0x3c Src\i2c.o
                0x20002d7c                hi2c2
 COMMON         0x20002db8       0x44 Src\main.o
                0x20002db8                defaultTaskHandle
                0x20002dbc                htim1
                0x20002df8                periodBlink
 COMMON         0x20002dfc       0x90 Src\sensors.o
                0x20002dfc                AccSensor
                0x20002e44                GyroSensor
 COMMON         0x20002e8c      0x224 Src\usb_device.o
                0x20002e8c                hUsbDeviceFS
 COMMON         0x200030b0       0x85 Src\usbd_cdc_if.o
                0x200030b0                received_data_size
                0x200030b4                UserRxBufferFS
                0x200030f4                received_data
                0x200030f5                UserTxBufferFS
 *fill*         0x20003135        0x3 
 COMMON         0x20003138      0x420 Src\usbd_conf.o
                0x20003138                hpcd_USB_FS
 COMMON         0x20003558      0x200 Src\usbd_desc.o
                0x20003558                USBD_StrDesc
                0x20003758                . = ALIGN (0x4)
                0x20003758                _ebss = .
                0x20003758                __bss_end__ = _ebss

._user_heap_stack
                0x20003758      0x600 load address 0x0800674c
                0x20003758                . = ALIGN (0x4)
                [!provide]                PROVIDE (end, .)
                0x20003758                PROVIDE (_end, .)
                0x20003958                . = (. + _Min_Heap_Size)
 *fill*         0x20003758      0x200 
                0x20003d58                . = (. + _Min_Stack_Size)
 *fill*         0x20003958      0x400 
                0x20003d58                . = ALIGN (0x4)

/DISCARD/
 libc.a(*)
 libm.a(*)
 libgcc.a(*)

.ARM.attributes
                0x00000000       0x29
 *(.ARM.attributes)
 .ARM.attributes
                0x00000000       0x1d c:/program files/atollic/truestudio for stm32 9.0.1/armtools/bin/../lib/gcc/arm-atollic-eabi/6.3.1/armv7-m/crti.o
 .ARM.attributes
                0x0000001d       0x2d c:/program files/atollic/truestudio for stm32 9.0.1/armtools/bin/../lib/gcc/arm-atollic-eabi/6.3.1/armv7-m/crtbegin.o
 .ARM.attributes
                0x0000004a       0x21 Drivers\CMSIS\Device\ST\STM32F1xx\Source\Templates\gcc\startup_stm32f103xe.o
 .ARM.attributes
                0x0000006b       0x33 Drivers\STM32F1xx_HAL_Driver\Src\stm32f1xx_hal.o
 .ARM.attributes
                0x0000009e       0x33 Drivers\STM32F1xx_HAL_Driver\Src\stm32f1xx_hal_cortex.o
 .ARM.attributes
                0x000000d1       0x33 Drivers\STM32F1xx_HAL_Driver\Src\stm32f1xx_hal_dma.o
 .ARM.attributes
                0x00000104       0x33 Drivers\STM32F1xx_HAL_Driver\Src\stm32f1xx_hal_gpio.o
 .ARM.attributes
                0x00000137       0x33 Drivers\STM32F1xx_HAL_Driver\Src\stm32f1xx_hal_i2c.o
 .ARM.attributes
                0x0000016a       0x33 Drivers\STM32F1xx_HAL_Driver\Src\stm32f1xx_hal_pcd.o
 .ARM.attributes
                0x0000019d       0x33 Drivers\STM32F1xx_HAL_Driver\Src\stm32f1xx_hal_pcd_ex.o
 .ARM.attributes
                0x000001d0       0x33 Drivers\STM32F1xx_HAL_Driver\Src\stm32f1xx_hal_rcc.o
 .ARM.attributes
                0x00000203       0x33 Drivers\STM32F1xx_HAL_Driver\Src\stm32f1xx_hal_rcc_ex.o
 .ARM.attributes
                0x00000236       0x33 Drivers\STM32F1xx_HAL_Driver\Src\stm32f1xx_ll_usb.o
 .ARM.attributes
                0x00000269       0x33 Middlewares\ST\STM32_USB_Device_Library\Class\CDC\Src\usbd_cdc.o
 .ARM.attributes
                0x0000029c       0x33 Middlewares\ST\STM32_USB_Device_Library\Core\Src\usbd_core.o
 .ARM.attributes
                0x000002cf       0x33 Middlewares\ST\STM32_USB_Device_Library\Core\Src\usbd_ctlreq.o
 .ARM.attributes
                0x00000302       0x33 Middlewares\ST\STM32_USB_Device_Library\Core\Src\usbd_ioreq.o
 .ARM.attributes
                0x00000335       0x33 Middlewares\Third_Party\FreeRTOS\Source\CMSIS_RTOS\cmsis_os.o
 .ARM.attributes
                0x00000368       0x33 Middlewares\Third_Party\FreeRTOS\Source\list.o
 .ARM.attributes
                0x0000039b       0x33 Middlewares\Third_Party\FreeRTOS\Source\portable\GCC\ARM_CM3\port.o
 .ARM.attributes
                0x000003ce       0x33 Middlewares\Third_Party\FreeRTOS\Source\portable\MemMang\heap_4.o
 .ARM.attributes
                0x00000401       0x33 Middlewares\Third_Party\FreeRTOS\Source\queue.o
 .ARM.attributes
                0x00000434       0x33 Middlewares\Third_Party\FreeRTOS\Source\tasks.o
 .ARM.attributes
                0x00000467       0x33 Src\adc.o
 .ARM.attributes
                0x0000049a       0x33 Src\console.o
 .ARM.attributes
                0x000004cd       0x33 Src\freertos.o
 .ARM.attributes
                0x00000500       0x33 Src\i2c.o
 .ARM.attributes
                0x00000533       0x33 Src\l3gd20.o
 .ARM.attributes
                0x00000566       0x33 Src\lsm303dlhc.o
 .ARM.attributes
                0x00000599       0x33 Src\main.o
 .ARM.attributes
                0x000005cc       0x33 Src\sensors.o
 .ARM.attributes
                0x000005ff       0x33 Src\stm32f1xx_hal_msp.o
 .ARM.attributes
                0x00000632       0x33 Src\stm32f1xx_it.o
 .ARM.attributes
                0x00000665       0x33 Src\system_stm32f1xx.o
 .ARM.attributes
                0x00000698       0x33 Src\usb_device.o
 .ARM.attributes
                0x000006cb       0x33 Src\usbd_cdc_if.o
 .ARM.attributes
                0x000006fe       0x33 Src\usbd_conf.o
 .ARM.attributes
                0x00000731       0x33 Src\usbd_desc.o
 .ARM.attributes
                0x00000764       0x2d c:/program files/atollic/truestudio for stm32 9.0.1/armtools/bin/../lib/gcc/arm-atollic-eabi/6.3.1/../../../../arm-atollic-eabi/lib/armv7-m\libc_nano.a(lib_a-init.o)
 .ARM.attributes
                0x00000791       0x2d c:/program files/atollic/truestudio for stm32 9.0.1/armtools/bin/../lib/gcc/arm-atollic-eabi/6.3.1/../../../../arm-atollic-eabi/lib/armv7-m\libc_nano.a(lib_a-memcpy-stub.o)
 .ARM.attributes
                0x000007be       0x2d c:/program files/atollic/truestudio for stm32 9.0.1/armtools/bin/../lib/gcc/arm-atollic-eabi/6.3.1/../../../../arm-atollic-eabi/lib/armv7-m\libc_nano.a(lib_a-memset.o)
 .ARM.attributes
                0x000007eb       0x2d c:/program files/atollic/truestudio for stm32 9.0.1/armtools/bin/../lib/gcc/arm-atollic-eabi/6.3.1/../../../../arm-atollic-eabi/lib/armv7-m\libm.a(lib_a-w_atan2.o)
 .ARM.attributes
                0x00000818       0x2d c:/program files/atollic/truestudio for stm32 9.0.1/armtools/bin/../lib/gcc/arm-atollic-eabi/6.3.1/../../../../arm-atollic-eabi/lib/armv7-m\libm.a(lib_a-e_atan2.o)
 .ARM.attributes
                0x00000845       0x2d c:/program files/atollic/truestudio for stm32 9.0.1/armtools/bin/../lib/gcc/arm-atollic-eabi/6.3.1/../../../../arm-atollic-eabi/lib/armv7-m\libm.a(lib_a-s_atan.o)
 .ARM.attributes
                0x00000872       0x2d c:/program files/atollic/truestudio for stm32 9.0.1/armtools/bin/../lib/gcc/arm-atollic-eabi/6.3.1/../../../../arm-atollic-eabi/lib/armv7-m\libm.a(lib_a-s_fabs.o)
 .ARM.attributes
                0x0000089f       0x1d c:/program files/atollic/truestudio for stm32 9.0.1/armtools/bin/../lib/gcc/arm-atollic-eabi/6.3.1/armv7-m\libgcc.a(_arm_addsubdf3.o)
 .ARM.attributes
                0x000008bc       0x1d c:/program files/atollic/truestudio for stm32 9.0.1/armtools/bin/../lib/gcc/arm-atollic-eabi/6.3.1/armv7-m\libgcc.a(_arm_muldivdf3.o)
 .ARM.attributes
                0x000008d9       0x1d c:/program files/atollic/truestudio for stm32 9.0.1/armtools/bin/../lib/gcc/arm-atollic-eabi/6.3.1/armv7-m\libgcc.a(_arm_cmpdf2.o)
 .ARM.attributes
                0x000008f6       0x1d c:/program files/atollic/truestudio for stm32 9.0.1/armtools/bin/../lib/gcc/arm-atollic-eabi/6.3.1/armv7-m\libgcc.a(_arm_fixdfsi.o)
 .ARM.attributes
                0x00000913       0x1d c:/program files/atollic/truestudio for stm32 9.0.1/armtools/bin/../lib/gcc/arm-atollic-eabi/6.3.1/armv7-m\libgcc.a(_arm_truncdfsf2.o)
 .ARM.attributes
                0x00000930       0x1d c:/program files/atollic/truestudio for stm32 9.0.1/armtools/bin/../lib/gcc/arm-atollic-eabi/6.3.1/armv7-m\libgcc.a(_arm_addsubsf3.o)
 .ARM.attributes
                0x0000094d       0x1d c:/program files/atollic/truestudio for stm32 9.0.1/armtools/bin/../lib/gcc/arm-atollic-eabi/6.3.1/armv7-m\libgcc.a(_arm_muldivsf3.o)
 .ARM.attributes
                0x0000096a       0x1d c:/program files/atollic/truestudio for stm32 9.0.1/armtools/bin/../lib/gcc/arm-atollic-eabi/6.3.1/armv7-m\libgcc.a(_arm_fixsfsi.o)
 .ARM.attributes
                0x00000987       0x1d c:/program files/atollic/truestudio for stm32 9.0.1/armtools/bin/../lib/gcc/arm-atollic-eabi/6.3.1/armv7-m/crtn.o
OUTPUT(Balancer.elf elf32-littlearm)

.debug_line     0x00000000     0xc3d0
 .debug_line    0x00000000       0xac Drivers\CMSIS\Device\ST\STM32F1xx\Source\Templates\gcc\startup_stm32f103xe.o
 .debug_line    0x000000ac      0x415 Drivers\STM32F1xx_HAL_Driver\Src\stm32f1xx_hal.o
 .debug_line    0x000004c1      0x420 Drivers\STM32F1xx_HAL_Driver\Src\stm32f1xx_hal_cortex.o
 .debug_line    0x000008e1      0x98a Drivers\STM32F1xx_HAL_Driver\Src\stm32f1xx_hal_dma.o
 .debug_line    0x0000126b      0x458 Drivers\STM32F1xx_HAL_Driver\Src\stm32f1xx_hal_gpio.o
 .debug_line    0x000016c3     0x142a Drivers\STM32F1xx_HAL_Driver\Src\stm32f1xx_hal_i2c.o
 .debug_line    0x00002aed      0x727 Drivers\STM32F1xx_HAL_Driver\Src\stm32f1xx_hal_pcd.o
 .debug_line    0x00003214      0x2da Drivers\STM32F1xx_HAL_Driver\Src\stm32f1xx_hal_pcd_ex.o
 .debug_line    0x000034ee      0x8ab Drivers\STM32F1xx_HAL_Driver\Src\stm32f1xx_hal_rcc.o
 .debug_line    0x00003d99      0x43e Drivers\STM32F1xx_HAL_Driver\Src\stm32f1xx_hal_rcc_ex.o
 .debug_line    0x000041d7      0x5d4 Drivers\STM32F1xx_HAL_Driver\Src\stm32f1xx_ll_usb.o
 .debug_line    0x000047ab      0x4f4 Middlewares\ST\STM32_USB_Device_Library\Class\CDC\Src\usbd_cdc.o
 .debug_line    0x00004c9f      0x4de Middlewares\ST\STM32_USB_Device_Library\Core\Src\usbd_core.o
 .debug_line    0x0000517d      0x45e Middlewares\ST\STM32_USB_Device_Library\Core\Src\usbd_ctlreq.o
 .debug_line    0x000055db      0x374 Middlewares\ST\STM32_USB_Device_Library\Core\Src\usbd_ioreq.o
 .debug_line    0x0000594f      0x89b Middlewares\Third_Party\FreeRTOS\Source\CMSIS_RTOS\cmsis_os.o
 .debug_line    0x000061ea      0x34b Middlewares\Third_Party\FreeRTOS\Source\list.o
 .debug_line    0x00006535      0x386 Middlewares\Third_Party\FreeRTOS\Source\portable\GCC\ARM_CM3\port.o
 .debug_line    0x000068bb      0x3f2 Middlewares\Third_Party\FreeRTOS\Source\portable\MemMang\heap_4.o
 .debug_line    0x00006cad      0x88a Middlewares\Third_Party\FreeRTOS\Source\queue.o
 .debug_line    0x00007537      0xd02 Middlewares\Third_Party\FreeRTOS\Source\tasks.o
 .debug_line    0x00008239      0x303 Src\adc.o
 .debug_line    0x0000853c      0x55c Src\console.o
 .debug_line    0x00008a98      0x157 Src\freertos.o
 .debug_line    0x00008bef      0x385 Src\i2c.o
 .debug_line    0x00008f74      0x2fe Src\l3gd20.o
 .debug_line    0x00009272      0xb93 Src\lsm303dlhc.o
 .debug_line    0x00009e05      0x6fa Src\main.o
 .debug_line    0x0000a4ff      0x4a3 Src\sensors.o
 .debug_line    0x0000a9a2      0x3db Src\stm32f1xx_hal_msp.o
 .debug_line    0x0000ad7d      0x377 Src\stm32f1xx_it.o
 .debug_line    0x0000b0f4      0x276 Src\system_stm32f1xx.o
 .debug_line    0x0000b36a      0x34e Src\usb_device.o
 .debug_line    0x0000b6b8      0x38b Src\usbd_cdc_if.o
 .debug_line    0x0000ba43      0x639 Src\usbd_conf.o
 .debug_line    0x0000c07c      0x354 Src\usbd_desc.o

.debug_info     0x00000000    0x2dfc2
 .debug_info    0x00000000       0xa0 Drivers\CMSIS\Device\ST\STM32F1xx\Source\Templates\gcc\startup_stm32f103xe.o
 .debug_info    0x000000a0      0xf5a Drivers\STM32F1xx_HAL_Driver\Src\stm32f1xx_hal.o
 .debug_info    0x00000ffa     0x14ce Drivers\STM32F1xx_HAL_Driver\Src\stm32f1xx_hal_cortex.o
 .debug_info    0x000024c8      0xeb6 Drivers\STM32F1xx_HAL_Driver\Src\stm32f1xx_hal_dma.o
 .debug_info    0x0000337e      0xe7c Drivers\STM32F1xx_HAL_Driver\Src\stm32f1xx_hal_gpio.o
 .debug_info    0x000041fa     0x33c1 Drivers\STM32F1xx_HAL_Driver\Src\stm32f1xx_hal_i2c.o
 .debug_info    0x000075bb     0x198c Drivers\STM32F1xx_HAL_Driver\Src\stm32f1xx_hal_pcd.o
 .debug_info    0x00008f47      0xdfe Drivers\STM32F1xx_HAL_Driver\Src\stm32f1xx_hal_pcd_ex.o
 .debug_info    0x00009d45     0x19f5 Drivers\STM32F1xx_HAL_Driver\Src\stm32f1xx_hal_rcc.o
 .debug_info    0x0000b73a      0xde3 Drivers\STM32F1xx_HAL_Driver\Src\stm32f1xx_hal_rcc_ex.o
 .debug_info    0x0000c51d     0x16b7 Drivers\STM32F1xx_HAL_Driver\Src\stm32f1xx_ll_usb.o
 .debug_info    0x0000dbd4     0x14f6 Middlewares\ST\STM32_USB_Device_Library\Class\CDC\Src\usbd_cdc.o
 .debug_info    0x0000f0ca     0x1466 Middlewares\ST\STM32_USB_Device_Library\Core\Src\usbd_core.o
 .debug_info    0x00010530     0x1499 Middlewares\ST\STM32_USB_Device_Library\Core\Src\usbd_ctlreq.o
 .debug_info    0x000119c9      0xfc5 Middlewares\ST\STM32_USB_Device_Library\Core\Src\usbd_ioreq.o
 .debug_info    0x0001298e     0x2533 Middlewares\Third_Party\FreeRTOS\Source\CMSIS_RTOS\cmsis_os.o
 .debug_info    0x00014ec1      0xac0 Middlewares\Third_Party\FreeRTOS\Source\list.o
 .debug_info    0x00015981      0x555 Middlewares\Third_Party\FreeRTOS\Source\portable\GCC\ARM_CM3\port.o
 .debug_info    0x00015ed6      0xc58 Middlewares\Third_Party\FreeRTOS\Source\portable\MemMang\heap_4.o
 .debug_info    0x00016b2e     0x2034 Middlewares\Third_Party\FreeRTOS\Source\queue.o
 .debug_info    0x00018b62     0x2f3e Middlewares\Third_Party\FreeRTOS\Source\tasks.o
 .debug_info    0x0001baa0      0xf01 Src\adc.o
 .debug_info    0x0001c9a1     0x177c Src\console.o
 .debug_info    0x0001e11d      0x12f Src\freertos.o
 .debug_info    0x0001e24c      0xf8d Src\i2c.o
 .debug_info    0x0001f1d9      0xbae Src\l3gd20.o
 .debug_info    0x0001fd87     0x2df0 Src\lsm303dlhc.o
 .debug_info    0x00022b77     0x1ffd Src\main.o
 .debug_info    0x00024b74     0x1295 Src\sensors.o
 .debug_info    0x00025e09     0x182f Src\stm32f1xx_hal_msp.o
 .debug_info    0x00027638      0xfd0 Src\stm32f1xx_it.o
 .debug_info    0x00028608      0xc07 Src\system_stm32f1xx.o
 .debug_info    0x0002920f      0xe80 Src\usb_device.o
 .debug_info    0x0002a08f     0x1114 Src\usbd_cdc_if.o
 .debug_info    0x0002b1a3     0x20ae Src\usbd_conf.o
 .debug_info    0x0002d251      0xd71 Src\usbd_desc.o

.debug_abbrev   0x00000000     0x629a
 .debug_abbrev  0x00000000       0x12 Drivers\CMSIS\Device\ST\STM32F1xx\Source\Templates\gcc\startup_stm32f103xe.o
 .debug_abbrev  0x00000012      0x32d Drivers\STM32F1xx_HAL_Driver\Src\stm32f1xx_hal.o
 .debug_abbrev  0x0000033f      0x37d Drivers\STM32F1xx_HAL_Driver\Src\stm32f1xx_hal_cortex.o
 .debug_abbrev  0x000006bc      0x2a0 Drivers\STM32F1xx_HAL_Driver\Src\stm32f1xx_hal_dma.o
 .debug_abbrev  0x0000095c      0x268 Drivers\STM32F1xx_HAL_Driver\Src\stm32f1xx_hal_gpio.o
 .debug_abbrev  0x00000bc4      0x397 Drivers\STM32F1xx_HAL_Driver\Src\stm32f1xx_hal_i2c.o
 .debug_abbrev  0x00000f5b      0x3a9 Drivers\STM32F1xx_HAL_Driver\Src\stm32f1xx_hal_pcd.o
 .debug_abbrev  0x00001304      0x1f5 Drivers\STM32F1xx_HAL_Driver\Src\stm32f1xx_hal_pcd_ex.o
 .debug_abbrev  0x000014f9      0x347 Drivers\STM32F1xx_HAL_Driver\Src\stm32f1xx_hal_rcc.o
 .debug_abbrev  0x00001840      0x30d Drivers\STM32F1xx_HAL_Driver\Src\stm32f1xx_hal_rcc_ex.o
 .debug_abbrev  0x00001b4d      0x2fd Drivers\STM32F1xx_HAL_Driver\Src\stm32f1xx_ll_usb.o
 .debug_abbrev  0x00001e4a      0x2e8 Middlewares\ST\STM32_USB_Device_Library\Class\CDC\Src\usbd_cdc.o
 .debug_abbrev  0x00002132      0x308 Middlewares\ST\STM32_USB_Device_Library\Core\Src\usbd_core.o
 .debug_abbrev  0x0000243a      0x3aa Middlewares\ST\STM32_USB_Device_Library\Core\Src\usbd_ctlreq.o
 .debug_abbrev  0x000027e4      0x1da Middlewares\ST\STM32_USB_Device_Library\Core\Src\usbd_ioreq.o
 .debug_abbrev  0x000029be      0x433 Middlewares\Third_Party\FreeRTOS\Source\CMSIS_RTOS\cmsis_os.o
 .debug_abbrev  0x00002df1      0x1e3 Middlewares\Third_Party\FreeRTOS\Source\list.o
 .debug_abbrev  0x00002fd4      0x269 Middlewares\Third_Party\FreeRTOS\Source\portable\GCC\ARM_CM3\port.o
 .debug_abbrev  0x0000323d      0x30b Middlewares\Third_Party\FreeRTOS\Source\portable\MemMang\heap_4.o
 .debug_abbrev  0x00003548      0x2fc Middlewares\Third_Party\FreeRTOS\Source\queue.o
 .debug_abbrev  0x00003844      0x445 Middlewares\Third_Party\FreeRTOS\Source\tasks.o
 .debug_abbrev  0x00003c89      0x21f Src\adc.o
 .debug_abbrev  0x00003ea8      0x359 Src\console.o
 .debug_abbrev  0x00004201       0xe5 Src\freertos.o
 .debug_abbrev  0x000042e6      0x272 Src\i2c.o
 .debug_abbrev  0x00004558      0x284 Src\l3gd20.o
 .debug_abbrev  0x000047dc      0x370 Src\lsm303dlhc.o
 .debug_abbrev  0x00004b4c      0x3b9 Src\main.o
 .debug_abbrev  0x00004f05      0x339 Src\sensors.o
 .debug_abbrev  0x0000523e      0x263 Src\stm32f1xx_hal_msp.o
 .debug_abbrev  0x000054a1      0x21e Src\stm32f1xx_it.o
 .debug_abbrev  0x000056bf      0x1eb Src\system_stm32f1xx.o
 .debug_abbrev  0x000058aa      0x1e0 Src\usb_device.o
 .debug_abbrev  0x00005a8a      0x2b4 Src\usbd_cdc_if.o
 .debug_abbrev  0x00005d3e      0x2ea Src\usbd_conf.o
 .debug_abbrev  0x00006028      0x272 Src\usbd_desc.o

.debug_aranges  0x00000000     0x1398
 .debug_aranges
                0x00000000       0x28 Drivers\CMSIS\Device\ST\STM32F1xx\Source\Templates\gcc\startup_stm32f103xe.o
 .debug_aranges
                0x00000028       0xa8 Drivers\STM32F1xx_HAL_Driver\Src\stm32f1xx_hal.o
 .debug_aranges
                0x000000d0       0x90 Drivers\STM32F1xx_HAL_Driver\Src\stm32f1xx_hal_cortex.o
 .debug_aranges
                0x00000160       0x60 Drivers\STM32F1xx_HAL_Driver\Src\stm32f1xx_hal_dma.o
 .debug_aranges
                0x000001c0       0x58 Drivers\STM32F1xx_HAL_Driver\Src\stm32f1xx_hal_gpio.o
 .debug_aranges
                0x00000218      0x170 Drivers\STM32F1xx_HAL_Driver\Src\stm32f1xx_hal_i2c.o
 .debug_aranges
                0x00000388       0xc0 Drivers\STM32F1xx_HAL_Driver\Src\stm32f1xx_hal_pcd.o
 .debug_aranges
                0x00000448       0x28 Drivers\STM32F1xx_HAL_Driver\Src\stm32f1xx_hal_pcd_ex.o
 .debug_aranges
                0x00000470       0x88 Drivers\STM32F1xx_HAL_Driver\Src\stm32f1xx_hal_rcc.o
 .debug_aranges
                0x000004f8       0x30 Drivers\STM32F1xx_HAL_Driver\Src\stm32f1xx_hal_rcc_ex.o
 .debug_aranges
                0x00000528       0xe0 Drivers\STM32F1xx_HAL_Driver\Src\stm32f1xx_ll_usb.o
 .debug_aranges
                0x00000608       0x90 Middlewares\ST\STM32_USB_Device_Library\Class\CDC\Src\usbd_cdc.o
 .debug_aranges
                0x00000698       0xa8 Middlewares\ST\STM32_USB_Device_Library\Core\Src\usbd_core.o
 .debug_aranges
                0x00000740       0x50 Middlewares\ST\STM32_USB_Device_Library\Core\Src\usbd_ctlreq.o
 .debug_aranges
                0x00000790       0x50 Middlewares\ST\STM32_USB_Device_Library\Core\Src\usbd_ioreq.o
 .debug_aranges
                0x000007e0      0x190 Middlewares\Third_Party\FreeRTOS\Source\CMSIS_RTOS\cmsis_os.o
 .debug_aranges
                0x00000970       0x40 Middlewares\Third_Party\FreeRTOS\Source\list.o
 .debug_aranges
                0x000009b0       0x98 Middlewares\Third_Party\FreeRTOS\Source\portable\GCC\ARM_CM3\port.o
 .debug_aranges
                0x00000a48       0x48 Middlewares\Third_Party\FreeRTOS\Source\portable\MemMang\heap_4.o
 .debug_aranges
                0x00000a90      0x100 Middlewares\Third_Party\FreeRTOS\Source\queue.o
 .debug_aranges
                0x00000b90      0x1d0 Middlewares\Third_Party\FreeRTOS\Source\tasks.o
 .debug_aranges
                0x00000d60       0x28 Src\adc.o
 .debug_aranges
                0x00000d88       0x80 Src\console.o
 .debug_aranges
                0x00000e08       0x30 Src\freertos.o
 .debug_aranges
                0x00000e38       0x30 Src\i2c.o
 .debug_aranges
                0x00000e68       0x40 Src\l3gd20.o
 .debug_aranges
                0x00000ea8      0x1c0 Src\lsm303dlhc.o
 .debug_aranges
                0x00001068       0x68 Src\main.o
 .debug_aranges
                0x000010d0       0x30 Src\sensors.o
 .debug_aranges
                0x00001100       0x58 Src\stm32f1xx_hal_msp.o
 .debug_aranges
                0x00001158       0x58 Src\stm32f1xx_it.o
 .debug_aranges
                0x000011b0       0x28 Src\system_stm32f1xx.o
 .debug_aranges
                0x000011d8       0x20 Src\usb_device.o
 .debug_aranges
                0x000011f8       0x40 Src\usbd_cdc_if.o
 .debug_aranges
                0x00001238      0x110 Src\usbd_conf.o
 .debug_aranges
                0x00001348       0x50 Src\usbd_desc.o

.debug_ranges   0x00000000     0x1fc8
 .debug_ranges  0x00000000       0x20 Drivers\CMSIS\Device\ST\STM32F1xx\Source\Templates\gcc\startup_stm32f103xe.o
 .debug_ranges  0x00000020       0x98 Drivers\STM32F1xx_HAL_Driver\Src\stm32f1xx_hal.o
 .debug_ranges  0x000000b8      0x128 Drivers\STM32F1xx_HAL_Driver\Src\stm32f1xx_hal_cortex.o
 .debug_ranges  0x000001e0       0x80 Drivers\STM32F1xx_HAL_Driver\Src\stm32f1xx_hal_dma.o
 .debug_ranges  0x00000260       0x68 Drivers\STM32F1xx_HAL_Driver\Src\stm32f1xx_hal_gpio.o
 .debug_ranges  0x000002c8      0x3a0 Drivers\STM32F1xx_HAL_Driver\Src\stm32f1xx_hal_i2c.o
 .debug_ranges  0x00000668      0x118 Drivers\STM32F1xx_HAL_Driver\Src\stm32f1xx_hal_pcd.o
 .debug_ranges  0x00000780       0x18 Drivers\STM32F1xx_HAL_Driver\Src\stm32f1xx_hal_pcd_ex.o
 .debug_ranges  0x00000798      0x238 Drivers\STM32F1xx_HAL_Driver\Src\stm32f1xx_hal_rcc.o
 .debug_ranges  0x000009d0       0x80 Drivers\STM32F1xx_HAL_Driver\Src\stm32f1xx_hal_rcc_ex.o
 .debug_ranges  0x00000a50      0x210 Drivers\STM32F1xx_HAL_Driver\Src\stm32f1xx_ll_usb.o
 .debug_ranges  0x00000c60       0x80 Middlewares\ST\STM32_USB_Device_Library\Class\CDC\Src\usbd_cdc.o
 .debug_ranges  0x00000ce0       0x98 Middlewares\ST\STM32_USB_Device_Library\Core\Src\usbd_core.o
 .debug_ranges  0x00000d78       0xc0 Middlewares\ST\STM32_USB_Device_Library\Core\Src\usbd_ctlreq.o
 .debug_ranges  0x00000e38       0x40 Middlewares\ST\STM32_USB_Device_Library\Core\Src\usbd_ioreq.o
 .debug_ranges  0x00000e78      0x198 Middlewares\Third_Party\FreeRTOS\Source\CMSIS_RTOS\cmsis_os.o
 .debug_ranges  0x00001010       0x30 Middlewares\Third_Party\FreeRTOS\Source\list.o
 .debug_ranges  0x00001040       0xa0 Middlewares\Third_Party\FreeRTOS\Source\portable\GCC\ARM_CM3\port.o
 .debug_ranges  0x000010e0       0x38 Middlewares\Third_Party\FreeRTOS\Source\portable\MemMang\heap_4.o
 .debug_ranges  0x00001118       0xf0 Middlewares\Third_Party\FreeRTOS\Source\queue.o
 .debug_ranges  0x00001208      0x310 Middlewares\Third_Party\FreeRTOS\Source\tasks.o
 .debug_ranges  0x00001518       0x18 Src\adc.o
 .debug_ranges  0x00001530       0x70 Src\console.o
 .debug_ranges  0x000015a0       0x20 Src\freertos.o
 .debug_ranges  0x000015c0       0x20 Src\i2c.o
 .debug_ranges  0x000015e0       0x30 Src\l3gd20.o
 .debug_ranges  0x00001610      0x5a8 Src\lsm303dlhc.o
 .debug_ranges  0x00001bb8      0x108 Src\main.o
 .debug_ranges  0x00001cc0       0x78 Src\sensors.o
 .debug_ranges  0x00001d38       0x88 Src\stm32f1xx_hal_msp.o
 .debug_ranges  0x00001dc0       0x48 Src\stm32f1xx_it.o
 .debug_ranges  0x00001e08       0x18 Src\system_stm32f1xx.o
 .debug_ranges  0x00001e20       0x10 Src\usb_device.o
 .debug_ranges  0x00001e30       0x30 Src\usbd_cdc_if.o
 .debug_ranges  0x00001e60      0x128 Src\usbd_conf.o
 .debug_ranges  0x00001f88       0x40 Src\usbd_desc.o

.debug_loc      0x00000000     0xe324
 .debug_loc     0x00000000       0x73 Drivers\STM32F1xx_HAL_Driver\Src\stm32f1xx_hal.o
 .debug_loc     0x00000073      0x46b Drivers\STM32F1xx_HAL_Driver\Src\stm32f1xx_hal_cortex.o
 .debug_loc     0x000004de      0x45c Drivers\STM32F1xx_HAL_Driver\Src\stm32f1xx_hal_dma.o
 .debug_loc     0x0000093a      0x35f Drivers\STM32F1xx_HAL_Driver\Src\stm32f1xx_hal_gpio.o
 .debug_loc     0x00000c99     0x2abb Drivers\STM32F1xx_HAL_Driver\Src\stm32f1xx_hal_i2c.o
 .debug_loc     0x00003754      0xa23 Drivers\STM32F1xx_HAL_Driver\Src\stm32f1xx_hal_pcd.o
 .debug_loc     0x00004177       0xe0 Drivers\STM32F1xx_HAL_Driver\Src\stm32f1xx_hal_pcd_ex.o
 .debug_loc     0x00004257      0x835 Drivers\STM32F1xx_HAL_Driver\Src\stm32f1xx_hal_rcc.o
 .debug_loc     0x00004a8c      0x39d Drivers\STM32F1xx_HAL_Driver\Src\stm32f1xx_hal_rcc_ex.o
 .debug_loc     0x00004e29      0xaf4 Drivers\STM32F1xx_HAL_Driver\Src\stm32f1xx_ll_usb.o
 .debug_loc     0x0000591d      0x4cf Middlewares\ST\STM32_USB_Device_Library\Class\CDC\Src\usbd_cdc.o
 .debug_loc     0x00005dec      0x5f2 Middlewares\ST\STM32_USB_Device_Library\Core\Src\usbd_core.o
 .debug_loc     0x000063de      0x7cd Middlewares\ST\STM32_USB_Device_Library\Core\Src\usbd_ctlreq.o
 .debug_loc     0x00006bab      0x23c Middlewares\ST\STM32_USB_Device_Library\Core\Src\usbd_ioreq.o
 .debug_loc     0x00006de7     0x10c1 Middlewares\Third_Party\FreeRTOS\Source\CMSIS_RTOS\cmsis_os.o
 .debug_loc     0x00007ea8       0x94 Middlewares\Third_Party\FreeRTOS\Source\list.o
 .debug_loc     0x00007f3c      0x150 Middlewares\Third_Party\FreeRTOS\Source\portable\GCC\ARM_CM3\port.o
 .debug_loc     0x0000808c      0x477 Middlewares\Third_Party\FreeRTOS\Source\portable\MemMang\heap_4.o
 .debug_loc     0x00008503     0x1674 Middlewares\Third_Party\FreeRTOS\Source\queue.o
 .debug_loc     0x00009b77     0x1eb5 Middlewares\Third_Party\FreeRTOS\Source\tasks.o
 .debug_loc     0x0000ba2c       0x21 Src\adc.o
 .debug_loc     0x0000ba4d      0x318 Src\console.o
 .debug_loc     0x0000bd65      0x1c0 Src\i2c.o
 .debug_loc     0x0000bf25       0x66 Src\l3gd20.o
 .debug_loc     0x0000bf8b     0x131b Src\lsm303dlhc.o
 .debug_loc     0x0000d2a6      0x16f Src\main.o
 .debug_loc     0x0000d415       0x82 Src\sensors.o
 .debug_loc     0x0000d497       0xd1 Src\stm32f1xx_hal_msp.o
 .debug_loc     0x0000d568       0xcd Src\system_stm32f1xx.o
 .debug_loc     0x0000d635      0x117 Src\usbd_cdc_if.o
 .debug_loc     0x0000d74c      0x965 Src\usbd_conf.o
 .debug_loc     0x0000e0b1      0x273 Src\usbd_desc.o

.debug_str      0x00000000     0x6bae
 .debug_str     0x00000000      0xbf4 Drivers\STM32F1xx_HAL_Driver\Src\stm32f1xx_hal.o
                                0xcad (size before relaxing)
 .debug_str     0x00000bf4      0x2d8 Drivers\STM32F1xx_HAL_Driver\Src\stm32f1xx_hal_cortex.o
                                0xdf9 (size before relaxing)
 .debug_str     0x00000ecc      0x2e7 Drivers\STM32F1xx_HAL_Driver\Src\stm32f1xx_hal_dma.o
                                0x96e (size before relaxing)
 .debug_str     0x000011b3      0x1c4 Drivers\STM32F1xx_HAL_Driver\Src\stm32f1xx_hal_gpio.o
                                0x882 (size before relaxing)
 .debug_str     0x00001377      0x870 Drivers\STM32F1xx_HAL_Driver\Src\stm32f1xx_hal_i2c.o
                               0x10db (size before relaxing)
 .debug_str     0x00001be7      0x7a7 Drivers\STM32F1xx_HAL_Driver\Src\stm32f1xx_hal_pcd.o
                                0xe8c (size before relaxing)
 .debug_str     0x0000238e       0x57 Drivers\STM32F1xx_HAL_Driver\Src\stm32f1xx_hal_pcd_ex.o
                                0x9a7 (size before relaxing)
 .debug_str     0x000023e5      0x2c4 Drivers\STM32F1xx_HAL_Driver\Src\stm32f1xx_hal_rcc.o
                                0xa48 (size before relaxing)
 .debug_str     0x000026a9      0x151 Drivers\STM32F1xx_HAL_Driver\Src\stm32f1xx_hal_rcc_ex.o
                                0x876 (size before relaxing)
 .debug_str     0x000027fa      0x15b Drivers\STM32F1xx_HAL_Driver\Src\stm32f1xx_ll_usb.o
                                0xb7a (size before relaxing)
 .debug_str     0x00002955      0x64f Middlewares\ST\STM32_USB_Device_Library\Class\CDC\Src\usbd_cdc.o
                                0xd26 (size before relaxing)
 .debug_str     0x00002fa4      0x2a0 Middlewares\ST\STM32_USB_Device_Library\Core\Src\usbd_core.o
                                0xc98 (size before relaxing)
 .debug_str     0x00003244      0x12e Middlewares\ST\STM32_USB_Device_Library\Core\Src\usbd_ctlreq.o
                                0xbb2 (size before relaxing)
 .debug_str     0x00003372       0x51 Middlewares\ST\STM32_USB_Device_Library\Core\Src\usbd_ioreq.o
                                0xadf (size before relaxing)
 .debug_str     0x000033c3      0xb91 Middlewares\Third_Party\FreeRTOS\Source\CMSIS_RTOS\cmsis_os.o
                               0x124d (size before relaxing)
 .debug_str     0x00003f54      0x14f Middlewares\Third_Party\FreeRTOS\Source\list.o
                                0x729 (size before relaxing)
 .debug_str     0x000040a3      0x387 Middlewares\Third_Party\FreeRTOS\Source\portable\GCC\ARM_CM3\port.o
                                0x5cf (size before relaxing)
 .debug_str     0x0000442a      0x205 Middlewares\Third_Party\FreeRTOS\Source\portable\MemMang\heap_4.o
                                0x827 (size before relaxing)
 .debug_str     0x0000462f      0x502 Middlewares\Third_Party\FreeRTOS\Source\queue.o
                                0xdc4 (size before relaxing)
 .debug_str     0x00004b31      0xa04 Middlewares\Third_Party\FreeRTOS\Source\tasks.o
                               0x162e (size before relaxing)
 .debug_str     0x00005535      0x217 Src\adc.o
                                0xa30 (size before relaxing)
 .debug_str     0x0000574c      0x2a3 Src\console.o
                                0xdc0 (size before relaxing)
 .debug_str     0x000059ef       0x25 Src\freertos.o
                                0x25a (size before relaxing)
 .debug_str     0x00005a14       0xa0 Src\i2c.o
                                0xae6 (size before relaxing)
 .debug_str     0x00005ab4       0x96 Src\l3gd20.o
                                0x727 (size before relaxing)
 .debug_str     0x00005b4a      0x872 Src\lsm303dlhc.o
                                0xf51 (size before relaxing)