Archive member included to satisfy reference by file (symbol)

c:/program files/atollic/truestudio for stm32 9.0.1/armtools/bin/../lib/gcc/arm-atollic-eabi/6.3.1/../../../../arm-atollic-eabi/lib/armv7-m\libc_nano.a(lib_a-init.o)
                              Drivers\CMSIS\Device\ST\STM32F1xx\Source\Templates\gcc\startup_stm32f103xe.o (__libc_init_array)
c:/program files/atollic/truestudio for stm32 9.0.1/armtools/bin/../lib/gcc/arm-atollic-eabi/6.3.1/../../../../arm-atollic-eabi/lib/armv7-m\libc_nano.a(lib_a-itoa.o)
                              Src\console_cmd.o (itoa)
c:/program files/atollic/truestudio for stm32 9.0.1/armtools/bin/../lib/gcc/arm-atollic-eabi/6.3.1/../../../../arm-atollic-eabi/lib/armv7-m\libc_nano.a(lib_a-memcpy-stub.o)
                              Middlewares\Third_Party\FreeRTOS\Source\queue.o (memcpy)
c:/program files/atollic/truestudio for stm32 9.0.1/armtools/bin/../lib/gcc/arm-atollic-eabi/6.3.1/../../../../arm-atollic-eabi/lib/armv7-m\libc_nano.a(lib_a-memmove.o)
                              microrl_lib\microrl.o (memmove)
c:/program files/atollic/truestudio for stm32 9.0.1/armtools/bin/../lib/gcc/arm-atollic-eabi/6.3.1/../../../../arm-atollic-eabi/lib/armv7-m\libc_nano.a(lib_a-memset.o)
                              Drivers\STM32F1xx_HAL_Driver\Src\stm32f1xx_hal_rcc.o (memset)
c:/program files/atollic/truestudio for stm32 9.0.1/armtools/bin/../lib/gcc/arm-atollic-eabi/6.3.1/../../../../arm-atollic-eabi/lib/armv7-m\libc_nano.a(lib_a-printf.o)
                              Src\console.o (printf)
c:/program files/atollic/truestudio for stm32 9.0.1/armtools/bin/../lib/gcc/arm-atollic-eabi/6.3.1/../../../../arm-atollic-eabi/lib/armv7-m\libc_nano.a(lib_a-puts.o)
                              Src\console.o (puts)
c:/program files/atollic/truestudio for stm32 9.0.1/armtools/bin/../lib/gcc/arm-atollic-eabi/6.3.1/../../../../arm-atollic-eabi/lib/armv7-m\libc_nano.a(lib_a-strcasecmp.o)
                              Src\console.o (strcasecmp)
c:/program files/atollic/truestudio for stm32 9.0.1/armtools/bin/../lib/gcc/arm-atollic-eabi/6.3.1/../../../../arm-atollic-eabi/lib/armv7-m\libc_nano.a(lib_a-strcat.o)
                              Src\console_cmd.o (strcat)
c:/program files/atollic/truestudio for stm32 9.0.1/armtools/bin/../lib/gcc/arm-atollic-eabi/6.3.1/../../../../arm-atollic-eabi/lib/armv7-m\libc_nano.a(lib_a-strcpy.o)
                              microrl_lib\microrl.o (strcpy)
c:/program files/atollic/truestudio for stm32 9.0.1/armtools/bin/../lib/gcc/arm-atollic-eabi/6.3.1/../../../../arm-atollic-eabi/lib/armv7-m\libc_nano.a(lib_a-strlen.o)
                              Src\console.o (strlen)
c:/program files/atollic/truestudio for stm32 9.0.1/armtools/bin/../lib/gcc/arm-atollic-eabi/6.3.1/../../../../arm-atollic-eabi/lib/armv7-m\libc_nano.a(lib_a-strncpy.o)
                              Src\console_cmd.o (strncpy)
c:/program files/atollic/truestudio for stm32 9.0.1/armtools/bin/../lib/gcc/arm-atollic-eabi/6.3.1/../../../../arm-atollic-eabi/lib/armv7-m\libc_nano.a(lib_a-strstr.o)
                              Src\console.o (strstr)
c:/program files/atollic/truestudio for stm32 9.0.1/armtools/bin/../lib/gcc/arm-atollic-eabi/6.3.1/../../../../arm-atollic-eabi/lib/armv7-m\libc_nano.a(lib_a-utoa.o)
                              c:/program files/atollic/truestudio for stm32 9.0.1/armtools/bin/../lib/gcc/arm-atollic-eabi/6.3.1/../../../../arm-atollic-eabi/lib/armv7-m\libc_nano.a(lib_a-itoa.o) (__utoa)
c:/program files/atollic/truestudio for stm32 9.0.1/armtools/bin/../lib/gcc/arm-atollic-eabi/6.3.1/../../../../arm-atollic-eabi/lib/armv7-m\libc_nano.a(lib_a-vprintf.o)
                              Src\console.o (vprintf)
c:/program files/atollic/truestudio for stm32 9.0.1/armtools/bin/../lib/gcc/arm-atollic-eabi/6.3.1/../../../../arm-atollic-eabi/lib/armv7-m\libc_nano.a(lib_a-wbuf.o)
                              c:/program files/atollic/truestudio for stm32 9.0.1/armtools/bin/../lib/gcc/arm-atollic-eabi/6.3.1/../../../../arm-atollic-eabi/lib/armv7-m\libc_nano.a(lib_a-puts.o) (__swbuf_r)
c:/program files/atollic/truestudio for stm32 9.0.1/armtools/bin/../lib/gcc/arm-atollic-eabi/6.3.1/../../../../arm-atollic-eabi/lib/armv7-m\libc_nano.a(lib_a-wsetup.o)
                              c:/program files/atollic/truestudio for stm32 9.0.1/armtools/bin/../lib/gcc/arm-atollic-eabi/6.3.1/../../../../arm-atollic-eabi/lib/armv7-m\libc_nano.a(lib_a-puts.o) (__swsetup_r)
c:/program files/atollic/truestudio for stm32 9.0.1/armtools/bin/../lib/gcc/arm-atollic-eabi/6.3.1/../../../../arm-atollic-eabi/lib/armv7-m\libc_nano.a(lib_a-fflush.o)
                              c:/program files/atollic/truestudio for stm32 9.0.1/armtools/bin/../lib/gcc/arm-atollic-eabi/6.3.1/../../../../arm-atollic-eabi/lib/armv7-m\libc_nano.a(lib_a-wbuf.o) (_fflush_r)
[...]
Memory Configuration

Name             Origin             Length             Attributes
RAM              0x20000000         0x00010000         xrw
FLASH            0x08000000         0x00080000         xr
*default*        0x00000000         0xffffffff

Linker script and memory map

LOAD c:/program files/atollic/truestudio for stm32 9.0.1/armtools/bin/../lib/gcc/arm-atollic-eabi/6.3.1/armv7-m/crti.o
LOAD c:/program files/atollic/truestudio for stm32 9.0.1/armtools/bin/../lib/gcc/arm-atollic-eabi/6.3.1/armv7-m/crtbegin.o
LOAD Drivers\CMSIS\Device\ST\STM32F1xx\Source\Templates\gcc\startup_stm32f103xe.o
LOAD Drivers\STM32F1xx_HAL_Driver\Src\stm32f1xx_hal.o
LOAD Drivers\STM32F1xx_HAL_Driver\Src\stm32f1xx_hal_adc.o
LOAD Drivers\STM32F1xx_HAL_Driver\Src\stm32f1xx_hal_adc_ex.o
LOAD Drivers\STM32F1xx_HAL_Driver\Src\stm32f1xx_hal_cortex.o
LOAD Drivers\STM32F1xx_HAL_Driver\Src\stm32f1xx_hal_dma.o
LOAD Drivers\STM32F1xx_HAL_Driver\Src\stm32f1xx_hal_flash.o
LOAD Drivers\STM32F1xx_HAL_Driver\Src\stm32f1xx_hal_flash_ex.o
LOAD Drivers\STM32F1xx_HAL_Driver\Src\stm32f1xx_hal_gpio.o
LOAD Drivers\STM32F1xx_HAL_Driver\Src\stm32f1xx_hal_gpio_ex.o
LOAD Drivers\STM32F1xx_HAL_Driver\Src\stm32f1xx_hal_i2c.o
LOAD Drivers\STM32F1xx_HAL_Driver\Src\stm32f1xx_hal_pcd.o
LOAD Drivers\STM32F1xx_HAL_Driver\Src\stm32f1xx_hal_pcd_ex.o
LOAD Drivers\STM32F1xx_HAL_Driver\Src\stm32f1xx_hal_pwr.o
LOAD Drivers\STM32F1xx_HAL_Driver\Src\stm32f1xx_hal_rcc.o
LOAD Drivers\STM32F1xx_HAL_Driver\Src\stm32f1xx_hal_rcc_ex.o
LOAD Drivers\STM32F1xx_HAL_Driver\Src\stm32f1xx_hal_tim.o
LOAD Drivers\STM32F1xx_HAL_Driver\Src\stm32f1xx_hal_tim_ex.o
LOAD Drivers\STM32F1xx_HAL_Driver\Src\stm32f1xx_ll_usb.o
LOAD Middlewares\ST\STM32_USB_Device_Library\Class\CDC\Src\usbd_cdc.o
LOAD Middlewares\ST\STM32_USB_Device_Library\Core\Src\usbd_core.o
LOAD Middlewares\ST\STM32_USB_Device_Library\Core\Src\usbd_ctlreq.o
LOAD Middlewares\ST\STM32_USB_Device_Library\Core\Src\usbd_ioreq.o
LOAD Middlewares\Third_Party\FreeRTOS\Source\CMSIS_RTOS\cmsis_os.o
LOAD Middlewares\Third_Party\FreeRTOS\Source\croutine.o
LOAD Middlewares\Third_Party\FreeRTOS\Source\event_groups.o
LOAD Middlewares\Third_Party\FreeRTOS\Source\list.o
LOAD Middlewares\Third_Party\FreeRTOS\Source\portable\GCC\ARM_CM3\port.o
LOAD Middlewares\Third_Party\FreeRTOS\Source\portable\MemMang\heap_4.o
LOAD Middlewares\Third_Party\FreeRTOS\Source\queue.o
LOAD Middlewares\Third_Party\FreeRTOS\Source\tasks.o
LOAD Middlewares\Third_Party\FreeRTOS\Source\timers.o
LOAD Src\adc.o
LOAD Src\console.o
LOAD Src\console_cmd.o
LOAD Src\freertos.o
LOAD Src\i2c.o
LOAD Src\lsm303dlhc.o
LOAD Src\main.o
LOAD Src\sensors.o
LOAD Src\stm32f1xx_hal_msp.o
LOAD Src\stm32f1xx_it.o
LOAD Src\syscalls.o
LOAD Src\system_stm32f1xx.o
LOAD Src\usb_device.o
LOAD Src\usbd_cdc_if.o
LOAD Src\usbd_conf.o
LOAD Src\usbd_desc.o
LOAD microrl_lib\microrl.o
                0x00000080                malloc_getpagesize_P = 0x80
START GROUP
LOAD c:/program files/atollic/truestudio for stm32 9.0.1/armtools/bin/../lib/gcc/arm-atollic-eabi/6.3.1/../../../../arm-atollic-eabi/lib/armv7-m\libc_nano.a
LOAD c:/program files/atollic/truestudio for stm32 9.0.1/armtools/bin/../lib/gcc/arm-atollic-eabi/6.3.1/../../../../arm-atollic-eabi/lib/armv7-m\libm.a
END GROUP
START GROUP
LOAD c:/program files/atollic/truestudio for stm32 9.0.1/armtools/bin/../lib/gcc/arm-atollic-eabi/6.3.1/armv7-m\libgcc.a
LOAD c:/program files/atollic/truestudio for stm32 9.0.1/armtools/bin/../lib/gcc/arm-atollic-eabi/6.3.1/../../../../arm-atollic-eabi/lib/armv7-m\libc_nano.a
END GROUP
START GROUP
LOAD c:/program files/atollic/truestudio for stm32 9.0.1/armtools/bin/../lib/gcc/arm-atollic-eabi/6.3.1/armv7-m\libgcc.a
LOAD c:/program files/atollic/truestudio for stm32 9.0.1/armtools/bin/../lib/gcc/arm-atollic-eabi/6.3.1/../../../../arm-atollic-eabi/lib/armv7-m\libc_nano.a
LOAD c:/program files/atollic/truestudio for stm32 9.0.1/armtools/bin/../lib/gcc/arm-atollic-eabi/6.3.1/../../../../arm-atollic-eabi/lib/armv7-m\libnosys.a
END GROUP
START GROUP
LOAD c:/program files/atollic/truestudio for stm32 9.0.1/armtools/bin/../lib/gcc/arm-atollic-eabi/6.3.1/armv7-m\libgcc.a
LOAD c:/program files/atollic/truestudio for stm32 9.0.1/armtools/bin/../lib/gcc/arm-atollic-eabi/6.3.1/../../../../arm-atollic-eabi/lib/armv7-m\libc_nano.a
LOAD c:/program files/atollic/truestudio for stm32 9.0.1/armtools/bin/../lib/gcc/arm-atollic-eabi/6.3.1/../../../../arm-atollic-eabi/lib/armv7-m\libnosys.a
END GROUP
LOAD c:/program files/atollic/truestudio for stm32 9.0.1/armtools/bin/../lib/gcc/arm-atollic-eabi/6.3.1/armv7-m/crtend.o
LOAD c:/program files/atollic/truestudio for stm32 9.0.1/armtools/bin/../lib/gcc/arm-atollic-eabi/6.3.1/armv7-m/crtn.o
                0x20010000                _estack = 0x20010000
                0x00000200                _Min_Heap_Size = 0x200
                0x00000400                _Min_Stack_Size = 0x400

.isr_vector     0x08000000      0x1e4
                0x08000000                . = ALIGN (0x4)
 *(.isr_vector)
 .isr_vector    0x08000000      0x1e4 Drivers\CMSIS\Device\ST\STM32F1xx\Source\Templates\gcc\startup_stm32f103xe.o
                0x08000000                g_pfnVectors
                0x080001e4                . = ALIGN (0x4)

.text           0x080001e8     0x8da8
                0x080001e8                . = ALIGN (0x4)
 *(.text)
 .text          0x080001e8       0x40 c:/program files/atollic/truestudio for stm32 9.0.1/armtools/bin/../lib/gcc/arm-atollic-eabi/6.3.1/armv7-m/crtbegin.o
 .text          0x08000228       0x10 c:/program files/atollic/truestudio for stm32 9.0.1/armtools/bin/../lib/gcc/arm-atollic-eabi/6.3.1/../../../../arm-atollic-eabi/lib/armv7-m\libc_nano.a(lib_a-strlen.o)
                0x08000228                strlen
 .text          0x08000238      0x370 c:/program files/atollic/truestudio for stm32 9.0.1/armtools/bin/../lib/gcc/arm-atollic-eabi/6.3.1/armv7-m\libgcc.a(_arm_addsubdf3.o)
                0x08000238                __aeabi_drsub
                0x08000240                __aeabi_dsub
                0x08000240                __subdf3
                0x08000244                __aeabi_dadd
                0x08000244                __adddf3
                0x080004bc                __floatunsidf
                0x080004bc                __aeabi_ui2d
                0x080004dc                __floatsidf
                0x080004dc                __aeabi_i2d
                0x08000500                __aeabi_f2d
                0x08000500                __extendsfdf2
                0x0800053c                __floatundidf
                0x0800053c                __aeabi_ul2d
                0x0800054c                __floatdidf
                0x0800054c                __aeabi_l2d
 .text          0x080005a8      0x424 c:/program files/atollic/truestudio for stm32 9.0.1/armtools/bin/../lib/gcc/arm-atollic-eabi/6.3.1/armv7-m\libgcc.a(_arm_muldivdf3.o)
                0x080005a8                __aeabi_dmul
                0x080005a8                __muldf3
                0x080007fc                __divdf3
                0x080007fc                __aeabi_ddiv
 .text          0x080009cc       0x50 c:/program files/atollic/truestudio for stm32 9.0.1/armtools/bin/../lib/gcc/arm-atollic-eabi/6.3.1/armv7-m\libgcc.a(_arm_fixdfsi.o)
                0x080009cc                __aeabi_d2iz
                0x080009cc                __fixdfsi
 .text          0x08000a1c       0xa0 c:/program files/atollic/truestudio for stm32 9.0.1/armtools/bin/../lib/gcc/arm-atollic-eabi/6.3.1/armv7-m\libgcc.a(_arm_truncdfsf2.o)
                0x08000a1c                __truncdfsf2
                0x08000a1c                __aeabi_d2f
 .text          0x08000abc      0x21c c:/program files/atollic/truestudio for stm32 9.0.1/armtools/bin/../lib/gcc/arm-atollic-eabi/6.3.1/armv7-m\libgcc.a(_arm_addsubsf3.o)
                0x08000abc                __aeabi_frsub
                0x08000ac4                __subsf3
                0x08000ac4                __aeabi_fsub
                0x08000ac8                __aeabi_fadd
                0x08000ac8                __addsf3
                0x08000c28                __aeabi_ui2f
                0x08000c28                __floatunsisf
                0x08000c30                __aeabi_i2f
                0x08000c30                __floatsisf
                0x08000c4c                __aeabi_ul2f
                0x08000c4c                __floatundisf
                0x08000c5c                __aeabi_l2f
                0x08000c5c                __floatdisf
 .text          0x08000cd8      0x2a0 c:/program files/atollic/truestudio for stm32 9.0.1/armtools/bin/../lib/gcc/arm-atollic-eabi/6.3.1/armv7-m\libgcc.a(_arm_muldivsf3.o)
                0x08000cd8                __mulsf3
                0x08000cd8                __aeabi_fmul
                0x08000e40                __aeabi_fdiv
                0x08000e40                __divsf3
 .text          0x08000f78       0xec c:/program files/atollic/truestudio for stm32 9.0.1/armtools/bin/../lib/gcc/arm-atollic-eabi/6.3.1/armv7-m\libgcc.a(_arm_cmpsf2.o)
                0x08000f78                __gesf2
                0x08000f78                __gtsf2
                0x08000f80                __lesf2
                0x08000f80                __ltsf2
                0x08000f88                __nesf2
                0x08000f88                __eqsf2
                0x08000f88                __cmpsf2
                0x08000fe8                __aeabi_cfrcmple
                0x08000ff0                __aeabi_cfcmpeq
                0x08000ff0                __aeabi_cfcmple
                0x08001000                __aeabi_fcmpeq
                0x08001014                __aeabi_fcmplt
                0x08001028                __aeabi_fcmple
                0x0800103c                __aeabi_fcmpge
                0x08001050                __aeabi_fcmpgt
 .text          0x08001064       0x4c c:/program files/atollic/truestudio for stm32 9.0.1/armtools/bin/../lib/gcc/arm-atollic-eabi/6.3.1/armv7-m\libgcc.a(_arm_fixsfsi.o)
                0x08001064                __aeabi_f2iz
                0x08001064                __fixsfsi
 *(.text*)
 .text.Reset_Handler
                0x080010b0       0x48 Drivers\CMSIS\Device\ST\STM32F1xx\Source\Templates\gcc\startup_stm32f103xe.o
                0x080010b0                Reset_Handler
 .text.Default_Handler
                0x080010f8        0x2 Drivers\CMSIS\Device\ST\STM32F1xx\Source\Templates\gcc\startup_stm32f103xe.o
                0x080010f8                RTC_Alarm_IRQHandler
                0x080010f8                EXTI2_IRQHandler
                0x080010f8                TIM8_TRG_COM_IRQHandler
                0x080010f8                TIM8_CC_IRQHandler
                0x080010f8                TIM1_CC_IRQHandler
                0x080010f8                TIM6_IRQHandler
                0x080010f8                PVD_IRQHandler
                0x080010f8                SDIO_IRQHandler
                0x080010f8                EXTI3_IRQHandler
                0x080010f8                EXTI0_IRQHandler
                0x080010f8                I2C2_EV_IRQHandler
                0x080010f8                ADC1_2_IRQHandler
                0x080010f8                SPI1_IRQHandler
                0x080010f8                TAMPER_IRQHandler
                0x080010f8                TIM8_UP_IRQHandler
                0x080010f8                DMA2_Channel2_IRQHandler
                0x080010f8                DMA1_Channel4_IRQHandler
                0x080010f8                USART3_IRQHandler
                0x080010f8                RTC_IRQHandler
                0x080010f8                DMA1_Channel7_IRQHandler
                0x080010f8                CAN1_RX1_IRQHandler
                0x080010f8                UART5_IRQHandler
                0x080010f8                ADC3_IRQHandler
                0x080010f8                TIM4_IRQHandler
                0x080010f8                DMA2_Channel1_IRQHandler
                0x080010f8                I2C1_EV_IRQHandler
                0x080010f8                DMA1_Channel6_IRQHandler
                0x080010f8                UART4_IRQHandler
                0x080010f8                TIM3_IRQHandler
                0x080010f8                RCC_IRQHandler
                0x080010f8                TIM1_TRG_COM_IRQHandler
                0x080010f8                Default_Handler
                0x080010f8                EXTI15_10_IRQHandler
                0x080010f8                TIM7_IRQHandler
                0x080010f8                TIM5_IRQHandler
                0x080010f8                EXTI9_5_IRQHandler
                0x080010f8                SPI2_IRQHandler
                0x080010f8                DMA1_Channel5_IRQHandler
                0x080010f8                EXTI4_IRQHandler
                0x080010f8                USB_HP_CAN1_TX_IRQHandler
                0x080010f8                DMA1_Channel3_IRQHandler
                0x080010f8                FSMC_IRQHandler
                0x080010f8                TIM1_UP_IRQHandler
                0x080010f8                WWDG_IRQHandler
                0x080010f8                TIM2_IRQHandler
                0x080010f8                TIM1_BRK_IRQHandler
                0x080010f8                EXTI1_IRQHandler
                0x080010f8                DMA2_Channel4_5_IRQHandler
                0x080010f8                USART2_IRQHandler
                0x080010f8                I2C2_ER_IRQHandler
                0x080010f8                DMA1_Channel2_IRQHandler
                0x080010f8                TIM8_BRK_IRQHandler
                0x080010f8                CAN1_SCE_IRQHandler
                0x080010f8                FLASH_IRQHandler
                0x080010f8                USART1_IRQHandler
                0x080010f8                SPI3_IRQHandler
                0x080010f8                I2C1_ER_IRQHandler
                0x080010f8                USBWakeUp_IRQHandler
                0x080010f8                DMA2_Channel3_IRQHandler
 .text.HAL_InitTick
                0x080010fa       0x24 Drivers\STM32F1xx_HAL_Driver\Src\stm32f1xx_hal.o
                0x080010fa                HAL_InitTick
 *fill*         0x0800111e        0x2 
 .text.HAL_Init
                0x08001120       0x24 Drivers\STM32F1xx_HAL_Driver\Src\stm32f1xx_hal.o
                0x08001120                HAL_Init
 .text.HAL_IncTick
                0x08001144       0x10 Drivers\STM32F1xx_HAL_Driver\Src\stm32f1xx_hal.o
                0x08001144                HAL_IncTick
 .text.HAL_GetTick
                0x08001154        0xc Drivers\STM32F1xx_HAL_Driver\Src\stm32f1xx_hal.o
                0x08001154                HAL_GetTick
 .text.HAL_Delay
                0x08001160       0x1a Drivers\STM32F1xx_HAL_Driver\Src\stm32f1xx_hal.o
                0x08001160                HAL_Delay
 .text.HAL_ADC_ConvCpltCallback
                0x0800117a        0x2 Drivers\STM32F1xx_HAL_Driver\Src\stm32f1xx_hal_adc.o
                0x0800117a                HAL_ADC_ConvCpltCallback
 .text.ADC_DMAConvCplt
                0x0800117c       0x4e Drivers\STM32F1xx_HAL_Driver\Src\stm32f1xx_hal_adc.o
                0x0800117c                ADC_DMAConvCplt
 .text.HAL_ADC_ConvHalfCpltCallback
                0x080011ca        0x2 Drivers\STM32F1xx_HAL_Driver\Src\stm32f1xx_hal_adc.o
                0x080011ca                HAL_ADC_ConvHalfCpltCallback
 .text.ADC_DMAHalfConvCplt
                0x080011cc        0xa Drivers\STM32F1xx_HAL_Driver\Src\stm32f1xx_hal_adc.o
                0x080011cc                ADC_DMAHalfConvCplt
 .text.HAL_ADC_ErrorCallback
                0x080011d6        0x2 Drivers\STM32F1xx_HAL_Driver\Src\stm32f1xx_hal_adc.o
                0x080011d6                HAL_ADC_ErrorCallback
 .text.ADC_DMAError
                0x080011d8       0x1a Drivers\STM32F1xx_HAL_Driver\Src\stm32f1xx_hal_adc.o
                0x080011d8                ADC_DMAError
 *fill*         0x080011f2        0x2 
 .text.HAL_ADC_ConfigChannel
                0x080011f4      0x180 Drivers\STM32F1xx_HAL_Driver\Src\stm32f1xx_hal_adc.o
                0x080011f4                HAL_ADC_ConfigChannel
 .text.ADC_Enable
                0x08001374       0x70 Drivers\STM32F1xx_HAL_Driver\Src\stm32f1xx_hal_adc.o
                0x08001374                ADC_Enable
 .text.HAL_ADC_Start_DMA
                0x080013e4      0x11c Drivers\STM32F1xx_HAL_Driver\Src\stm32f1xx_hal_adc.o
                0x080013e4                HAL_ADC_Start_DMA
 .text.ADC_ConversionStop_Disable
                0x08001500       0x44 Drivers\STM32F1xx_HAL_Driver\Src\stm32f1xx_hal_adc.o
                0x08001500                ADC_ConversionStop_Disable
 .text.HAL_ADC_Init
                0x08001544      0x138 Drivers\STM32F1xx_HAL_Driver\Src\stm32f1xx_hal_adc.o
                0x08001544                HAL_ADC_Init
 .text.HAL_ADCEx_Calibration_Start
                0x0800167c       0xd0 Drivers\STM32F1xx_HAL_Driver\Src\stm32f1xx_hal_adc_ex.o
                0x0800167c                HAL_ADCEx_Calibration_Start
 .text.HAL_NVIC_SetPriorityGrouping
                0x0800174c       0x24 Drivers\STM32F1xx_HAL_Driver\Src\stm32f1xx_hal_cortex.o
                0x0800174c                HAL_NVIC_SetPriorityGrouping
 .text.HAL_NVIC_SetPriority
                0x08001770       0x68 Drivers\STM32F1xx_HAL_Driver\Src\stm32f1xx_hal_cortex.o
                0x08001770                HAL_NVIC_SetPriority
 .text.HAL_NVIC_EnableIRQ
                0x080017d8       0x18 Drivers\STM32F1xx_HAL_Driver\Src\stm32f1xx_hal_cortex.o
                0x080017d8                HAL_NVIC_EnableIRQ
 .text.HAL_SYSTICK_Config
                0x080017f0       0x2c Drivers\STM32F1xx_HAL_Driver\Src\stm32f1xx_hal_cortex.o
                0x080017f0                HAL_SYSTICK_Config
 .text.HAL_SYSTICK_CLKSourceConfig
                0x0800181c       0x18 Drivers\STM32F1xx_HAL_Driver\Src\stm32f1xx_hal_cortex.o
                0x0800181c                HAL_SYSTICK_CLKSourceConfig
 .text.HAL_DMA_Init
                0x08001834       0x4a Drivers\STM32F1xx_HAL_Driver\Src\stm32f1xx_hal_dma.o
                0x08001834                HAL_DMA_Init
 .text.HAL_DMA_Start_IT
                0x0800187e       0x5a Drivers\STM32F1xx_HAL_Driver\Src\stm32f1xx_hal_dma.o
                0x0800187e                HAL_DMA_Start_IT
 .text.HAL_DMA_IRQHandler
                0x080018d8      0x450 Drivers\STM32F1xx_HAL_Driver\Src\stm32f1xx_hal_dma.o
                0x080018d8                HAL_DMA_IRQHandler
 .text.HAL_GPIO_Init
                0x08001d28      0x1d8 Drivers\STM32F1xx_HAL_Driver\Src\stm32f1xx_hal_gpio.o
                0x08001d28                HAL_GPIO_Init
 .text.HAL_GPIO_WritePin
                0x08001f00        0xa Drivers\STM32F1xx_HAL_Driver\Src\stm32f1xx_hal_gpio.o
                0x08001f00                HAL_GPIO_WritePin
 .text.HAL_GPIO_TogglePin
                0x08001f0a        0x8 Drivers\STM32F1xx_HAL_Driver\Src\stm32f1xx_hal_gpio.o
                0x08001f0a                HAL_GPIO_TogglePin
 .text.I2C_IsAcknowledgeFailed
                0x08001f12       0x2a Drivers\STM32F1xx_HAL_Driver\Src\stm32f1xx_hal_i2c.o
 .text.I2C_WaitOnFlagUntilTimeout
                0x08001f3c       0x90 Drivers\STM32F1xx_HAL_Driver\Src\stm32f1xx_hal_i2c.o
 .text.I2C_WaitOnMasterAddressFlagUntilTimeout
                0x08001fcc       0x82 Drivers\STM32F1xx_HAL_Driver\Src\stm32f1xx_hal_i2c.o
 .text.I2C_WaitOnTXEFlagUntilTimeout
                0x0800204e       0x4e Drivers\STM32F1xx_HAL_Driver\Src\stm32f1xx_hal_i2c.o
 .text.I2C_RequestMemoryWrite
                0x0800209c       0x90 Drivers\STM32F1xx_HAL_Driver\Src\stm32f1xx_hal_i2c.o
 .text.I2C_RequestMemoryRead
                0x0800212c       0xdc Drivers\STM32F1xx_HAL_Driver\Src\stm32f1xx_hal_i2c.o
 .text.I2C_WaitOnRXNEFlagUntilTimeout
                0x08002208       0x5e Drivers\STM32F1xx_HAL_Driver\Src\stm32f1xx_hal_i2c.o
 *fill*         0x08002266        0x2 
 .text.HAL_I2C_Init
                0x08002268       0xd4 Drivers\STM32F1xx_HAL_Driver\Src\stm32f1xx_hal_i2c.o
                0x08002268                HAL_I2C_Init
 .text.HAL_I2C_Mem_Write
                0x0800233c       0xf0 Drivers\STM32F1xx_HAL_Driver\Src\stm32f1xx_hal_i2c.o
                0x0800233c                HAL_I2C_Mem_Write
 .text.HAL_I2C_Mem_Read
                0x0800242c      0x1c8 Drivers\STM32F1xx_HAL_Driver\Src\stm32f1xx_hal_i2c.o
                0x0800242c                HAL_I2C_Mem_Read
 .text.HAL_PCD_Init
                0x080025f4       0xd2 Drivers\STM32F1xx_HAL_Driver\Src\stm32f1xx_hal_pcd.o
                0x080025f4                HAL_PCD_Init
 .text.HAL_PCD_Start
                0x080026c6       0x2e Drivers\STM32F1xx_HAL_Driver\Src\stm32f1xx_hal_pcd.o
                0x080026c6                HAL_PCD_Start
 .text.HAL_PCD_SetAddress
                0x080026f4       0x28 Drivers\STM32F1xx_HAL_Driver\Src\stm32f1xx_hal_pcd.o
                0x080026f4                HAL_PCD_SetAddress
 .text.HAL_PCD_EP_Open
                0x0800271c       0x46 Drivers\STM32F1xx_HAL_Driver\Src\stm32f1xx_hal_pcd.o
                0x0800271c                HAL_PCD_EP_Open
 .text.HAL_PCD_EP_Close
                0x08002762       0x42 Drivers\STM32F1xx_HAL_Driver\Src\stm32f1xx_hal_pcd.o
                0x08002762                HAL_PCD_EP_Close
 .text.HAL_PCD_EP_Receive
                0x080027a4       0x48 Drivers\STM32F1xx_HAL_Driver\Src\stm32f1xx_hal_pcd.o
                0x080027a4                HAL_PCD_EP_Receive
 .text.HAL_PCD_EP_GetRxCount
                0x080027ec        0xe Drivers\STM32F1xx_HAL_Driver\Src\stm32f1xx_hal_pcd.o
                0x080027ec                HAL_PCD_EP_GetRxCount
 .text.HAL_PCD_EP_Transmit
                0x080027fa       0x40 Drivers\STM32F1xx_HAL_Driver\Src\stm32f1xx_hal_pcd.o
                0x080027fa                HAL_PCD_EP_Transmit
 *fill*         0x0800283a        0x2 
 .text.HAL_PCD_IRQHandler
                0x0800283c      0x4cc Drivers\STM32F1xx_HAL_Driver\Src\stm32f1xx_hal_pcd.o
                0x0800283c                HAL_PCD_IRQHandler
 .text.HAL_PCD_EP_SetStall
                0x08002d08       0x52 Drivers\STM32F1xx_HAL_Driver\Src\stm32f1xx_hal_pcd.o
                0x08002d08                HAL_PCD_EP_SetStall
 .text.HAL_PCD_EP_ClrStall
                0x08002d5a       0x46 Drivers\STM32F1xx_HAL_Driver\Src\stm32f1xx_hal_pcd.o
                0x08002d5a                HAL_PCD_EP_ClrStall
 .text.HAL_PCDEx_PMAConfig
                0x08002da0       0x30 Drivers\STM32F1xx_HAL_Driver\Src\stm32f1xx_hal_pcd_ex.o
                0x08002da0                HAL_PCDEx_PMAConfig
 .text.HAL_RCC_OscConfig
                0x08002dd0      0x4b0 Drivers\STM32F1xx_HAL_Driver\Src\stm32f1xx_hal_rcc.o
                0x08002dd0                HAL_RCC_OscConfig
 .text.HAL_RCC_GetSysClockFreq
                0x08003280       0x94 Drivers\STM32F1xx_HAL_Driver\Src\stm32f1xx_hal_rcc.o
                0x08003280                HAL_RCC_GetSysClockFreq
 .text.HAL_RCC_ClockConfig
                0x08003314      0x168 Drivers\STM32F1xx_HAL_Driver\Src\stm32f1xx_hal_rcc.o
                0x08003314                HAL_RCC_ClockConfig
 .text.HAL_RCC_GetHCLKFreq
                0x0800347c        0xc Drivers\STM32F1xx_HAL_Driver\Src\stm32f1xx_hal_rcc.o
                0x0800347c                HAL_RCC_GetHCLKFreq
 .text.HAL_RCC_GetPCLK1Freq
                0x08003488       0x30 Drivers\STM32F1xx_HAL_Driver\Src\stm32f1xx_hal_rcc.o
                0x08003488                HAL_RCC_GetPCLK1Freq
 .text.HAL_RCC_GetPCLK2Freq
                0x080034b8       0x30 Drivers\STM32F1xx_HAL_Driver\Src\stm32f1xx_hal_rcc.o
                0x080034b8                HAL_RCC_GetPCLK2Freq
 .text.HAL_RCCEx_PeriphCLKConfig
                0x080034e8      0x10c Drivers\STM32F1xx_HAL_Driver\Src\stm32f1xx_hal_rcc_ex.o
                0x080034e8                HAL_RCCEx_PeriphCLKConfig
 .text.HAL_RCCEx_GetPeriphCLKFreq
                0x080035f4      0x128 Drivers\STM32F1xx_HAL_Driver\Src\stm32f1xx_hal_rcc_ex.o
                0x080035f4                HAL_RCCEx_GetPeriphCLKFreq
 .text.TIM_OC1_SetConfig
                0x0800371c       0x64 Drivers\STM32F1xx_HAL_Driver\Src\stm32f1xx_hal_tim.o
 .text.TIM_OC3_SetConfig
                0x08003780       0x6c Drivers\STM32F1xx_HAL_Driver\Src\stm32f1xx_hal_tim.o
 .text.TIM_OC4_SetConfig
                0x080037ec       0x4c Drivers\STM32F1xx_HAL_Driver\Src\stm32f1xx_hal_tim.o
 .text.HAL_TIM_PWM_MspInit
                0x08003838        0x2 Drivers\STM32F1xx_HAL_Driver\Src\stm32f1xx_hal_tim.o
                0x08003838                HAL_TIM_PWM_MspInit
 .text.HAL_TIM_ConfigClockSource
                0x0800383a      0x172 Drivers\STM32F1xx_HAL_Driver\Src\stm32f1xx_hal_tim.o
                0x0800383a                HAL_TIM_ConfigClockSource
 .text.TIM_Base_SetConfig
                0x080039ac       0x90 Drivers\STM32F1xx_HAL_Driver\Src\stm32f1xx_hal_tim.o
                0x080039ac                TIM_Base_SetConfig
 .text.HAL_TIM_Base_Init
                0x08003a3c       0x34 Drivers\STM32F1xx_HAL_Driver\Src\stm32f1xx_hal_tim.o
                0x08003a3c                HAL_TIM_Base_Init
 .text.HAL_TIM_PWM_Init
                0x08003a70       0x34 Drivers\STM32F1xx_HAL_Driver\Src\stm32f1xx_hal_tim.o
                0x08003a70                HAL_TIM_PWM_Init
 .text.TIM_OC2_SetConfig
                0x08003aa4       0x6c Drivers\STM32F1xx_HAL_Driver\Src\stm32f1xx_hal_tim.o
                0x08003aa4                TIM_OC2_SetConfig
 .text.HAL_TIM_PWM_ConfigChannel
                0x08003b10       0xc4 Drivers\STM32F1xx_HAL_Driver\Src\stm32f1xx_hal_tim.o
                0x08003b10                HAL_TIM_PWM_ConfigChannel
 .text.TIM_CCxNChannelCmd
                0x08003bd4       0x18 Drivers\STM32F1xx_HAL_Driver\Src\stm32f1xx_hal_tim_ex.o
 .text.HAL_TIMEx_PWMN_Start
                0x08003bec       0x22 Drivers\STM32F1xx_HAL_Driver\Src\stm32f1xx_hal_tim_ex.o
                0x08003bec                HAL_TIMEx_PWMN_Start
 .text.HAL_TIMEx_ConfigBreakDeadTime
                0x08003c0e       0x40 Drivers\STM32F1xx_HAL_Driver\Src\stm32f1xx_hal_tim_ex.o
                0x08003c0e                HAL_TIMEx_ConfigBreakDeadTime
 .text.HAL_TIMEx_MasterConfigSynchronization
                0x08003c4e       0x44 Drivers\STM32F1xx_HAL_Driver\Src\stm32f1xx_hal_tim_ex.o
                0x08003c4e                HAL_TIMEx_MasterConfigSynchronization
 .text.USB_CoreInit
                0x08003c92        0xe Drivers\STM32F1xx_HAL_Driver\Src\stm32f1xx_ll_usb.o
                0x08003c92                USB_CoreInit
 .text.USB_EnableGlobalInt
                0x08003ca0       0x12 Drivers\STM32F1xx_HAL_Driver\Src\stm32f1xx_ll_usb.o
                0x08003ca0                USB_EnableGlobalInt
 .text.USB_DisableGlobalInt
                0x08003cb2       0x14 Drivers\STM32F1xx_HAL_Driver\Src\stm32f1xx_ll_usb.o
                0x08003cb2                USB_DisableGlobalInt
 .text.USB_SetCurrentMode
                0x08003cc6        0x4 Drivers\STM32F1xx_HAL_Driver\Src\stm32f1xx_ll_usb.o
                0x08003cc6                USB_SetCurrentMode
 .text.USB_DevInit
                0x08003cca       0x28 Drivers\STM32F1xx_HAL_Driver\Src\stm32f1xx_ll_usb.o
                0x08003cca                USB_DevInit
 *fill*         0x08003cf2        0x2 
 .text.USB_ActivateEndpoint
                0x08003cf4      0x2e8 Drivers\STM32F1xx_HAL_Driver\Src\stm32f1xx_ll_usb.o
                0x08003cf4                USB_ActivateEndpoint
 .text.USB_DeactivateEndpoint
                0x08003fdc      0x19c Drivers\STM32F1xx_HAL_Driver\Src\stm32f1xx_ll_usb.o
                0x08003fdc                USB_DeactivateEndpoint
 .text.USB_EPSetStall
                0x08004178       0x64 Drivers\STM32F1xx_HAL_Driver\Src\stm32f1xx_ll_usb.o
                0x08004178                USB_EPSetStall
 .text.USB_EPClearStall
                0x080041dc       0x84 Drivers\STM32F1xx_HAL_Driver\Src\stm32f1xx_ll_usb.o
                0x080041dc                USB_EPClearStall
 .text.USB_SetDevAddress
                0x08004260        0xc Drivers\STM32F1xx_HAL_Driver\Src\stm32f1xx_ll_usb.o
                0x08004260                USB_SetDevAddress
 .text.USB_DevConnect
                0x0800426c        0x4 Drivers\STM32F1xx_HAL_Driver\Src\stm32f1xx_ll_usb.o
                0x0800426c                USB_DevConnect
 .text.USB_DevDisconnect
                0x08004270        0x4 Drivers\STM32F1xx_HAL_Driver\Src\stm32f1xx_ll_usb.o
                0x08004270                USB_DevDisconnect
 .text.USB_ReadInterrupts
                0x08004274        0x8 Drivers\STM32F1xx_HAL_Driver\Src\stm32f1xx_ll_usb.o
                0x08004274                USB_ReadInterrupts
 .text.USB_EP0_OutStart
                0x0800427c        0x4 Drivers\STM32F1xx_HAL_Driver\Src\stm32f1xx_ll_usb.o
                0x0800427c                USB_EP0_OutStart
 .text.USB_WritePMA
                0x08004280       0x22 Drivers\STM32F1xx_HAL_Driver\Src\stm32f1xx_ll_usb.o
                0x08004280                USB_WritePMA
 *fill*         0x080042a2        0x2 
 .text.USB_EPStartXfer
                0x080042a4      0x1a8 Drivers\STM32F1xx_HAL_Driver\Src\stm32f1xx_ll_usb.o
                0x080042a4                USB_EPStartXfer
 .text.USB_ReadPMA
                0x0800444c       0x22 Drivers\STM32F1xx_HAL_Driver\Src\stm32f1xx_ll_usb.o
                0x0800444c                USB_ReadPMA
 .text.USBD_CDC_DataIn
                0x0800446e       0x12 Middlewares\ST\STM32_USB_Device_Library\Class\CDC\Src\usbd_cdc.o
 .text.USBD_CDC_EP0_RxReady
                0x08004480       0x28 Middlewares\ST\STM32_USB_Device_Library\Class\CDC\Src\usbd_cdc.o
 .text.USBD_CDC_GetFSCfgDesc
                0x080044a8        0xc Middlewares\ST\STM32_USB_Device_Library\Class\CDC\Src\usbd_cdc.o
 .text.USBD_CDC_GetHSCfgDesc
                0x080044b4        0xc Middlewares\ST\STM32_USB_Device_Library\Class\CDC\Src\usbd_cdc.o
 .text.USBD_CDC_GetOtherSpeedCfgDesc
                0x080044c0        0xc Middlewares\ST\STM32_USB_Device_Library\Class\CDC\Src\usbd_cdc.o
 .text.USBD_CDC_GetDeviceQualifierDescriptor
                0x080044cc        0xc Middlewares\ST\STM32_USB_Device_Library\Class\CDC\Src\usbd_cdc.o
                0x080044cc                USBD_CDC_GetDeviceQualifierDescriptor
 .text.USBD_CDC_DataOut
                0x080044d8       0x2e Middlewares\ST\STM32_USB_Device_Library\Class\CDC\Src\usbd_cdc.o
 *fill*         0x08004506        0x2 
 .text.USBD_CDC_Setup
                0x08004508       0x68 Middlewares\ST\STM32_USB_Device_Library\Class\CDC\Src\usbd_cdc.o
 .text.USBD_CDC_DeInit
                0x08004570       0x3a Middlewares\ST\STM32_USB_Device_Library\Class\CDC\Src\usbd_cdc.o
 .text.USBD_CDC_Init
                0x080045aa       0x8c Middlewares\ST\STM32_USB_Device_Library\Class\CDC\Src\usbd_cdc.o
 .text.USBD_CDC_RegisterInterface
                0x08004636        0xe Middlewares\ST\STM32_USB_Device_Library\Class\CDC\Src\usbd_cdc.o
                0x08004636                USBD_CDC_RegisterInterface
 .text.USBD_CDC_SetTxBuffer
                0x08004644       0x10 Middlewares\ST\STM32_USB_Device_Library\Class\CDC\Src\usbd_cdc.o
                0x08004644                USBD_CDC_SetTxBuffer
 .text.USBD_CDC_SetRxBuffer
                0x08004654        0xc Middlewares\ST\STM32_USB_Device_Library\Class\CDC\Src\usbd_cdc.o
                0x08004654                USBD_CDC_SetRxBuffer
 .text.USBD_CDC_TransmitPacket
                0x08004660       0x2e Middlewares\ST\STM32_USB_Device_Library\Class\CDC\Src\usbd_cdc.o
                0x08004660                USBD_CDC_TransmitPacket
 .text.USBD_CDC_ReceivePacket
                0x0800468e       0x26 Middlewares\ST\STM32_USB_Device_Library\Class\CDC\Src\usbd_cdc.o
                0x0800468e                USBD_CDC_ReceivePacket
 .text.USBD_Init
                0x080046b4       0x2a Middlewares\ST\STM32_USB_Device_Library\Core\Src\usbd_core.o
                0x080046b4                USBD_Init
 .text.USBD_RegisterClass
                0x080046de        0xe Middlewares\ST\STM32_USB_Device_Library\Core\Src\usbd_core.o
                0x080046de                USBD_RegisterClass
 .text.USBD_Start
                0x080046ec        0xa Middlewares\ST\STM32_USB_Device_Library\Core\Src\usbd_core.o
                0x080046ec                USBD_Start
 .text.USBD_SetClassConfig
                0x080046f6       0x16 Middlewares\ST\STM32_USB_Device_Library\Core\Src\usbd_core.o
                0x080046f6                USBD_SetClassConfig
 .text.USBD_ClrClassConfig
                0x0800470c        0xe Middlewares\ST\STM32_USB_Device_Library\Core\Src\usbd_core.o
                0x0800470c                USBD_ClrClassConfig
 .text.USBD_LL_SetupStage
                0x0800471a       0x5a Middlewares\ST\STM32_USB_Device_Library\Core\Src\usbd_core.o
                0x0800471a                USBD_LL_SetupStage
 .text.USBD_LL_DataOutStage
                0x08004774       0x64 Middlewares\ST\STM32_USB_Device_Library\Core\Src\usbd_core.o
                0x08004774                USBD_LL_DataOutStage
 .text.USBD_LL_DataInStage
                0x080047d8       0x9e Middlewares\ST\STM32_USB_Device_Library\Core\Src\usbd_core.o
                0x080047d8                USBD_LL_DataInStage
 .text.USBD_LL_Reset
                0x08004876       0x3e Middlewares\ST\STM32_USB_Device_Library\Core\Src\usbd_core.o
                0x08004876                USBD_LL_Reset
 .text.USBD_LL_SetSpeed
                0x080048b4        0x6 Middlewares\ST\STM32_USB_Device_Library\Core\Src\usbd_core.o
                0x080048b4                USBD_LL_SetSpeed
 .text.USBD_LL_Suspend
                0x080048ba       0x12 Middlewares\ST\STM32_USB_Device_Library\Core\Src\usbd_core.o
                0x080048ba                USBD_LL_Suspend
 .text.USBD_LL_Resume
                0x080048cc        0xc Middlewares\ST\STM32_USB_Device_Library\Core\Src\usbd_core.o
                0x080048cc                USBD_LL_Resume
 .text.USBD_LL_SOF
                0x080048d8       0x18 Middlewares\ST\STM32_USB_Device_Library\Core\Src\usbd_core.o
                0x080048d8                USBD_LL_SOF
 .text.USBD_CtlError.constprop.0
                0x080048f0       0x16 Middlewares\ST\STM32_USB_Device_Library\Core\Src\usbd_ctlreq.o
 *fill*         0x08004906        0x2 
 .text.USBD_StdDevReq
                0x08004908      0x1f4 Middlewares\ST\STM32_USB_Device_Library\Core\Src\usbd_ctlreq.o
                0x08004908                USBD_StdDevReq
 .text.USBD_StdItfReq
                0x08004afc       0x30 Middlewares\ST\STM32_USB_Device_Library\Core\Src\usbd_ctlreq.o
                0x08004afc                USBD_StdItfReq
 .text.USBD_StdEPReq
                0x08004b2c       0xc6 Middlewares\ST\STM32_USB_Device_Library\Core\Src\usbd_ctlreq.o
                0x08004b2c                USBD_StdEPReq
 .text.USBD_ParseSetupRequest
                0x08004bf2       0x28 Middlewares\ST\STM32_USB_Device_Library\Core\Src\usbd_ctlreq.o
                0x08004bf2                USBD_ParseSetupRequest
 .text.USBD_GetString
                0x08004c1a       0x38 Middlewares\ST\STM32_USB_Device_Library\Core\Src\usbd_ctlreq.o
                0x08004c1a                USBD_GetString
 .text.USBD_CtlSendData
                0x08004c52       0x1a Middlewares\ST\STM32_USB_Device_Library\Core\Src\usbd_ioreq.o
                0x08004c52                USBD_CtlSendData
 .text.USBD_CtlContinueSendData
                0x08004c6c       0x10 Middlewares\ST\STM32_USB_Device_Library\Core\Src\usbd_ioreq.o
                0x08004c6c                USBD_CtlContinueSendData
 .text.USBD_CtlPrepareRx
                0x08004c7c       0x1e Middlewares\ST\STM32_USB_Device_Library\Core\Src\usbd_ioreq.o
                0x08004c7c                USBD_CtlPrepareRx
 .text.USBD_CtlContinueRx
                0x08004c9a       0x10 Middlewares\ST\STM32_USB_Device_Library\Core\Src\usbd_ioreq.o
                0x08004c9a                USBD_CtlContinueRx
 .text.USBD_CtlSendStatus
                0x08004caa       0x16 Middlewares\ST\STM32_USB_Device_Library\Core\Src\usbd_ioreq.o
                0x08004caa                USBD_CtlSendStatus
 .text.USBD_CtlReceiveStatus
                0x08004cc0       0x16 Middlewares\ST\STM32_USB_Device_Library\Core\Src\usbd_ioreq.o
                0x08004cc0                USBD_CtlReceiveStatus
 .text.osSystickHandler
                0x08004cd6       0x14 Middlewares\Third_Party\FreeRTOS\Source\CMSIS_RTOS\cmsis_os.o
                0x08004cd6                osSystickHandler
 .text.vListInitialise
                0x08004cea       0x16 Middlewares\Third_Party\FreeRTOS\Source\list.o
                0x08004cea                vListInitialise
 .text.vListInitialiseItem
                0x08004d00        0x6 Middlewares\Third_Party\FreeRTOS\Source\list.o
                0x08004d00                vListInitialiseItem
 .text.vListInsertEnd
                0x08004d06       0x18 Middlewares\Third_Party\FreeRTOS\Source\list.o
                0x08004d06                vListInsertEnd
 .text.vListInsert
                0x08004d1e       0x2e Middlewares\Third_Party\FreeRTOS\Source\list.o
                0x08004d1e                vListInsert
 .text.uxListRemove
                0x08004d4c       0x20 Middlewares\Third_Party\FreeRTOS\Source\list.o
                0x08004d4c                uxListRemove
 .text.prvPortStartFirstTask
                0x08004d6c       0x20 Middlewares\Third_Party\FreeRTOS\Source\portable\GCC\ARM_CM3\port.o
 .text.pxPortInitialiseStack
                0x08004d8c       0x1c Middlewares\Third_Party\FreeRTOS\Source\portable\GCC\ARM_CM3\port.o
                0x08004d8c                pxPortInitialiseStack
 .text.SVC_Handler
                0x08004da8       0x24 Middlewares\Third_Party\FreeRTOS\Source\portable\GCC\ARM_CM3\port.o
                0x08004da8                SVC_Handler
 .text.vPortYield
                0x08004dcc       0x18 Middlewares\Third_Party\FreeRTOS\Source\portable\GCC\ARM_CM3\port.o
                0x08004dcc                vPortYield
 .text.ulPortSetInterruptMask
                0x08004de4       0x10 Middlewares\Third_Party\FreeRTOS\Source\portable\GCC\ARM_CM3\port.o
                0x08004de4                ulPortSetInterruptMask
 .text.prvTaskExitError
                0x08004df4       0x1c Middlewares\Third_Party\FreeRTOS\Source\portable\GCC\ARM_CM3\port.o
 .text.vPortEnterCritical
                0x08004e10       0x34 Middlewares\Third_Party\FreeRTOS\Source\portable\GCC\ARM_CM3\port.o
                0x08004e10                vPortEnterCritical
 .text.vPortClearInterruptMask
                0x08004e44        0x6 Middlewares\Third_Party\FreeRTOS\Source\portable\GCC\ARM_CM3\port.o
                0x08004e44                vPortClearInterruptMask
 *fill*         0x08004e4a        0x2 
 .text.vPortExitCritical
                0x08004e4c       0x24 Middlewares\Third_Party\FreeRTOS\Source\portable\GCC\ARM_CM3\port.o
                0x08004e4c                vPortExitCritical
 .text.PendSV_Handler
                0x08004e70       0x44 Middlewares\Third_Party\FreeRTOS\Source\portable\GCC\ARM_CM3\port.o
                0x08004e70                PendSV_Handler
 .text.xPortSysTickHandler
                0x08004eb4       0x24 Middlewares\Third_Party\FreeRTOS\Source\portable\GCC\ARM_CM3\port.o
                0x08004eb4                xPortSysTickHandler
 .text.vPortSuppressTicksAndSleep
                0x08004ed8      0x114 Middlewares\Third_Party\FreeRTOS\Source\portable\GCC\ARM_CM3\port.o
                0x08004ed8                vPortSuppressTicksAndSleep
 .text.vPortSetupTimerInterrupt
                0x08004fec       0x50 Middlewares\Third_Party\FreeRTOS\Source\portable\GCC\ARM_CM3\port.o
                0x08004fec                vPortSetupTimerInterrupt
 .text.xPortStartScheduler
                0x0800503c       0x94 Middlewares\Third_Party\FreeRTOS\Source\portable\GCC\ARM_CM3\port.o
                0x0800503c                xPortStartScheduler
 .text.vPortValidateInterruptPriority
                0x080050d0       0x44 Middlewares\Third_Party\FreeRTOS\Source\portable\GCC\ARM_CM3\port.o
                0x080050d0                vPortValidateInterruptPriority
 .text.prvInsertBlockIntoFreeList
                0x08005114       0x48 Middlewares\Third_Party\FreeRTOS\Source\portable\MemMang\heap_4.o
 .text.pvPortMalloc
                0x0800515c      0x10c Middlewares\Third_Party\FreeRTOS\Source\portable\MemMang\heap_4.o
                0x0800515c                pvPortMalloc
 .text.vPortFree
                0x08005268       0x58 Middlewares\Third_Party\FreeRTOS\Source\portable\MemMang\heap_4.o
                0x08005268                vPortFree
 .text.prvCopyDataToQueue
                0x080052c0       0x6c Middlewares\Third_Party\FreeRTOS\Source\queue.o
 .text.prvCopyDataFromQueue
                0x0800532c       0x28 Middlewares\Third_Party\FreeRTOS\Source\queue.o
 .text.prvUnlockQueue
                0x08005354       0x6c Middlewares\Third_Party\FreeRTOS\Source\queue.o
 .text.xQueueGenericReset
                0x080053c0       0x62 Middlewares\Third_Party\FreeRTOS\Source\queue.o
                0x080053c0                xQueueGenericReset
 .text.xQueueGenericCreate
                0x08005422       0x4a Middlewares\Third_Party\FreeRTOS\Source\queue.o
                0x08005422                xQueueGenericCreate
 .text.xQueueGenericSendFromISR
                0x0800546c       0x8e Middlewares\Third_Party\FreeRTOS\Source\queue.o
                0x0800546c                xQueueGenericSendFromISR
 .text.xQueueGenericReceive
                0x080054fa      0x13c Middlewares\Third_Party\FreeRTOS\Source\queue.o
                0x080054fa                xQueueGenericReceive
 *fill*         0x08005636        0x2 
 .text.prvGetExpectedIdleTime
                0x08005638       0x30 Middlewares\Third_Party\FreeRTOS\Source\tasks.o
 .text.prvResetNextTaskUnblockTime
                0x08005668       0x24 Middlewares\Third_Party\FreeRTOS\Source\tasks.o
 .text.prvAddCurrentTaskToDelayedList
                0x0800568c       0x50 Middlewares\Third_Party\FreeRTOS\Source\tasks.o
 .text.xTaskGenericCreate
                0x080056dc      0x1b4 Middlewares\Third_Party\FreeRTOS\Source\tasks.o
                0x080056dc                xTaskGenericCreate
 .text.vTaskDelete
                0x08005890       0xb0 Middlewares\Third_Party\FreeRTOS\Source\tasks.o
                0x08005890                vTaskDelete
 .text.vTaskStartScheduler
                0x08005940       0x64 Middlewares\Third_Party\FreeRTOS\Source\tasks.o
                0x08005940                vTaskStartScheduler
 .text.vTaskSuspendAll
                0x080059a4       0x10 Middlewares\Third_Party\FreeRTOS\Source\tasks.o
                0x080059a4                vTaskSuspendAll
 .text.xTaskGetTickCount
                0x080059b4        0xc Middlewares\Third_Party\FreeRTOS\Source\tasks.o
                0x080059b4                xTaskGetTickCount
 .text.vTaskStepTick
                0x080059c0       0x28 Middlewares\Third_Party\FreeRTOS\Source\tasks.o
                0x080059c0                vTaskStepTick
 .text.xTaskIncrementTick
                0x080059e8      0x128 Middlewares\Third_Party\FreeRTOS\Source\tasks.o
                0x080059e8                xTaskIncrementTick
 .text.xTaskResumeAll
                0x08005b10       0xd4 Middlewares\Third_Party\FreeRTOS\Source\tasks.o
                0x08005b10                xTaskResumeAll
 .text.vTaskDelayUntil
                0x08005be4       0x8c Middlewares\Third_Party\FreeRTOS\Source\tasks.o
                0x08005be4                vTaskDelayUntil
 .text.vTaskDelay
                0x08005c70       0x60 Middlewares\Third_Party\FreeRTOS\Source\tasks.o
                0x08005c70                vTaskDelay
 .text.prvIdleTask
                0x08005cd0       0xa0 Middlewares\Third_Party\FreeRTOS\Source\tasks.o
 .text.vTaskSwitchContext
                0x08005d70       0x88 Middlewares\Third_Party\FreeRTOS\Source\tasks.o
                0x08005d70                vTaskSwitchContext
 .text.vTaskPlaceOnEventList
                0x08005df8       0x64 Middlewares\Third_Party\FreeRTOS\Source\tasks.o
                0x08005df8                vTaskPlaceOnEventList
 .text.xTaskRemoveFromEventList
                0x08005e5c       0x7c Middlewares\Third_Party\FreeRTOS\Source\tasks.o
                0x08005e5c                xTaskRemoveFromEventList
 .text.vTaskSetTimeOutState
                0x08005ed8       0x20 Middlewares\Third_Party\FreeRTOS\Source\tasks.o
                0x08005ed8                vTaskSetTimeOutState
 .text.xTaskCheckForTimeOut
                0x08005ef8       0x5c Middlewares\Third_Party\FreeRTOS\Source\tasks.o
                0x08005ef8                xTaskCheckForTimeOut
 .text.vTaskMissedYield
                0x08005f54        0xc Middlewares\Third_Party\FreeRTOS\Source\tasks.o
                0x08005f54                vTaskMissedYield
 .text.eTaskConfirmSleepModeStatus
                0x08005f60       0x34 Middlewares\Third_Party\FreeRTOS\Source\tasks.o
                0x08005f60                eTaskConfirmSleepModeStatus
 .text.xTaskGetSchedulerState
                0x08005f94       0x20 Middlewares\Third_Party\FreeRTOS\Source\tasks.o
                0x08005f94                xTaskGetSchedulerState
 .text.vTaskPriorityInherit
                0x08005fb4       0x90 Middlewares\Third_Party\FreeRTOS\Source\tasks.o
                0x08005fb4                vTaskPriorityInherit
 .text.xTaskPriorityDisinherit
                0x08006044       0x88 Middlewares\Third_Party\FreeRTOS\Source\tasks.o
                0x08006044                xTaskPriorityDisinherit
 .text.pvTaskIncrementMutexHeldCount
                0x080060cc       0x18 Middlewares\Third_Party\FreeRTOS\Source\tasks.o
                0x080060cc                pvTaskIncrementMutexHeldCount
 .text.MX_ADC1_Init
                0x080060e4       0x94 Src\adc.o
                0x080060e4                MX_ADC1_Init
 .text.adcGetChannel
                0x08006178       0x10 Src\adc.o
                0x08006178                adcGetChannel
 .text.prv_sigint
                0x08006188       0x24 Src\console.o
 .text.prv_complet
                0x080061ac       0x64 Src\console.o
 .text.cmdHelp  0x08006210       0x3c Src\console.o
 .text.microrl_sendString
                0x0800624c       0x1a Src\console.o
                0x0800624c                microrl_sendString
 *fill*         0x08006266        0x2 
 .text.consoleInit
                0x08006268       0x18 Src\console.o
                0x08006268                consoleInit
 .text.microrl_terminalInit
                0x08006280       0x3c Src\console.o
                0x08006280                microrl_terminalInit
 .text.microrl_terminalProcess
                0x080062bc       0x30 Src\console.o
                0x080062bc                microrl_terminalProcess
 .text.microrl_printStringWithEndl
                0x080062ec       0x14 Src\console.o
                0x080062ec                microrl_printStringWithEndl
 .text.prv_execute
                0x08006300       0x44 Src\console.o
 .text.fc_printf
                0x08006344       0x1a Src\console.o
                0x08006344                fc_printf
 *fill*         0x0800635e        0x2 
 .text.consoleInput
                0x08006360       0x40 Src\console.o
                0x08006360                consoleInput
 .text.ftoa     0x080063a0       0xcc Src\console_cmd.o
                0x080063a0                ftoa
 *fill*         0x0800646c        0x4 
 .text.cmdStatus
                0x08006470      0x16c Src\console_cmd.o
                0x08006470                cmdStatus
 .text.cmdClear
                0x080065dc       0x1c Src\console_cmd.o
                0x080065dc                cmdClear
 .text.configureTimerForRunTimeStats
                0x080065f8        0x2 Src\freertos.o
                0x080065f8                configureTimerForRunTimeStats
 .text.getRunTimeCounterValue
                0x080065fa        0x4 Src\freertos.o
                0x080065fa                getRunTimeCounterValue
 .text.vApplicationIdleHook
                0x080065fe        0x2 Src\freertos.o
                0x080065fe                vApplicationIdleHook
 .text.vApplicationTickHook
                0x08006600        0x2 Src\freertos.o
                0x08006600                vApplicationTickHook
 .text.vApplicationMallocFailedHook
                0x08006602        0x2 Src\freertos.o
                0x08006602                vApplicationMallocFailedHook
 .text.PreSleepProcessing
                0x08006604        0x2 Src\freertos.o
                0x08006604                PreSleepProcessing
 .text.PostSleepProcessing
                0x08006606        0x2 Src\freertos.o
                0x08006606                PostSleepProcessing
 .text.MX_I2C2_Init
                0x08006608       0x40 Src\i2c.o
                0x08006608                MX_I2C2_Init
 .text.i2cRead  0x08006648       0x30 Src\i2c.o
                0x08006648                i2cRead
 .text.i2cWrite
                0x08006678       0x3c Src\i2c.o
                0x08006678                i2cWrite
 .text.ReadReg  0x080066b4        0x8 Src\lsm303dlhc.o
                0x080066b4                ReadReg
 .text.SetODR   0x080066bc       0x40 Src\lsm303dlhc.o
                0x080066bc                SetODR
 .text.SetODR_M
                0x080066fc       0x36 Src\lsm303dlhc.o
                0x080066fc                SetODR_M
 .text.SetTemperature
                0x08006732       0x36 Src\lsm303dlhc.o
                0x08006732                SetTemperature
 .text.SetGainMag
                0x08006768       0x2c Src\lsm303dlhc.o
                0x08006768                SetGainMag
 .text.SetModeMag
                0x08006794       0x2a Src\lsm303dlhc.o
                0x08006794                SetModeMag
 .text.GetTemperature
                0x080067be       0x38 Src\lsm303dlhc.o
                0x080067be                GetTemperature
 *fill*         0x080067f6        0x2 
 .text.SetMode  0x080067f8       0xbc Src\lsm303dlhc.o
                0x080067f8                SetMode
 .text.SetAxis  0x080068b4       0x36 Src\lsm303dlhc.o
                0x080068b4                SetAxis
 .text.SetFullScale
                0x080068ea       0x36 Src\lsm303dlhc.o
                0x080068ea                SetFullScale
 .text.FIFOModeEnable
                0x08006920      0x1b8 Src\lsm303dlhc.o
                0x08006920                FIFOModeEnable
 .text.lsm303dlhcConfig
                0x08006ad8       0x3c Src\lsm303dlhc.o
                0x08006ad8                lsm303dlhcConfig
 .text.lsm303dlhcReadAcc
                0x08006b14       0x54 Src\lsm303dlhc.o
                0x08006b14                lsm303dlhcReadAcc
 .text.microrl_run
                0x08006b68       0x10 Src\main.o
                0x08006b68                microrl_run
 .text.vLedTask
                0x08006b78       0x40 Src\main.o
                0x08006b78                vLedTask
 .text.startup.main
                0x08006bb8       0x28 Src\main.o
                0x08006bb8                main
 .text.Error_Handler
                0x08006be0       0x2c Src\main.o
                0x08006be0                Error_Handler
 .text.SystemClock_Config
                0x08006c0c       0x80 Src\main.o
                0x08006c0c                SystemClock_Config
 .text.initTask
                0x08006c8c      0x210 Src\main.o
                0x08006c8c                initTask
 *fill*         0x08006e9c        0x4 
 .text.SensGetTempCPU
                0x08006ea0       0x88 Src\sensors.o
                0x08006ea0                SensGetTempCPU
 .text.SensInit
                0x08006f28        0x4 Src\sensors.o
                0x08006f28                SensInit
 *fill*         0x08006f2c        0x4 
 .text.SensorTask
                0x08006f30       0xd4 Src\sensors.o
                0x08006f30                SensorTask
 .text.HAL_MspInit
                0x08007004       0x7c Src\stm32f1xx_hal_msp.o
                0x08007004                HAL_MspInit
 .text.HAL_ADC_MspInit
                0x08007080       0x90 Src\stm32f1xx_hal_msp.o
                0x08007080                HAL_ADC_MspInit
 .text.HAL_I2C_MspInit
                0x08007110       0x30 Src\stm32f1xx_hal_msp.o
                0x08007110                HAL_I2C_MspInit
 .text.HAL_TIM_Base_MspInit
                0x08007140       0x28 Src\stm32f1xx_hal_msp.o
                0x08007140                HAL_TIM_Base_MspInit
 .text.HAL_TIM_MspPostInit
                0x08007168       0x30 Src\stm32f1xx_hal_msp.o
                0x08007168                HAL_TIM_MspPostInit
 .text.NMI_Handler
                0x08007198        0x2 Src\stm32f1xx_it.o
                0x08007198                NMI_Handler
 .text.HardFault_Handler
                0x0800719a        0x2 Src\stm32f1xx_it.o
                0x0800719a                HardFault_Handler
 .text.MemManage_Handler
                0x0800719c        0x2 Src\stm32f1xx_it.o
                0x0800719c                MemManage_Handler
 .text.BusFault_Handler
                0x0800719e        0x2 Src\stm32f1xx_it.o
                0x0800719e                BusFault_Handler
 .text.UsageFault_Handler
                0x080071a0        0x2 Src\stm32f1xx_it.o
                0x080071a0                UsageFault_Handler
 .text.DebugMon_Handler
                0x080071a2        0x2 Src\stm32f1xx_it.o
                0x080071a2                DebugMon_Handler
 .text.SysTick_Handler
                0x080071a4        0xe Src\stm32f1xx_it.o
                0x080071a4                SysTick_Handler
 *fill*         0x080071b2        0x2 
 .text.DMA1_Channel1_IRQHandler
                0x080071b4        0xc Src\stm32f1xx_it.o
                0x080071b4                DMA1_Channel1_IRQHandler
 .text.USB_LP_CAN1_RX0_IRQHandler
                0x080071c0        0xc Src\stm32f1xx_it.o
                0x080071c0                USB_LP_CAN1_RX0_IRQHandler
 .text._sbrk    0x080071cc       0x1c Src\syscalls.o
                0x080071cc                _sbrk
 .text._close   0x080071e8        0x6 Src\syscalls.o
                0x080071e8                _close
 .text._fstat   0x080071ee        0xa Src\syscalls.o
                0x080071ee                _fstat
 .text._isatty  0x080071f8        0x4 Src\syscalls.o
                0x080071f8                _isatty
 .text._lseek   0x080071fc        0x4 Src\syscalls.o
                0x080071fc                _lseek
 .text._read    0x08007200        0x4 Src\syscalls.o
                0x08007200                _read
 .text._write   0x08007204       0x2c Src\syscalls.o
                0x08007204                _write
 .text.SystemInit
                0x08007230       0x4c Src\system_stm32f1xx.o
                0x08007230                SystemInit
 .text.MX_USB_DEVICE_Init
                0x0800727c       0x38 Src\usb_device.o
                0x0800727c                MX_USB_DEVICE_Init
 .text.CDC_DeInit_FS
                0x080072b4        0x4 Src\usbd_cdc_if.o
 .text.CDC_Control_FS
                0x080072b8        0x4 Src\usbd_cdc_if.o
 .text.CDC_Receive_FS
                0x080072bc       0x4c Src\usbd_cdc_if.o
 .text.CDC_Init_FS
                0x08007308       0x28 Src\usbd_cdc_if.o
 .text.CDC_Transmit_FS
                0x08007330       0x2c Src\usbd_cdc_if.o
                0x08007330                CDC_Transmit_FS
 .text.HAL_PCD_MspInit
                0x0800735c       0x3c Src\usbd_conf.o
                0x0800735c                HAL_PCD_MspInit
 .text.HAL_PCD_SetupStageCallback
                0x08007398        0xc Src\usbd_conf.o
                0x08007398                HAL_PCD_SetupStageCallback
 .text.HAL_PCD_DataOutStageCallback
                0x080073a4       0x10 Src\usbd_conf.o
                0x080073a4                HAL_PCD_DataOutStageCallback
 .text.HAL_PCD_DataInStageCallback
                0x080073b4        0xe Src\usbd_conf.o
                0x080073b4                HAL_PCD_DataInStageCallback
 .text.HAL_PCD_SOFCallback
                0x080073c2        0x8 Src\usbd_conf.o
                0x080073c2                HAL_PCD_SOFCallback
 .text.HAL_PCD_ResetCallback
                0x080073ca       0x1a Src\usbd_conf.o
                0x080073ca                HAL_PCD_ResetCallback
 .text.HAL_PCD_SuspendCallback
                0x080073e4       0x20 Src\usbd_conf.o
                0x080073e4                HAL_PCD_SuspendCallback
 .text.HAL_PCD_ResumeCallback
                0x08007404        0x8 Src\usbd_conf.o
                0x08007404                HAL_PCD_ResumeCallback
 .text.USBD_LL_Init
                0x0800740c       0x84 Src\usbd_conf.o
                0x0800740c                USBD_LL_Init
 .text.USBD_LL_Start
                0x08007490       0x1c Src\usbd_conf.o
                0x08007490                USBD_LL_Start
 .text.USBD_LL_OpenEP
                0x080074ac       0x20 Src\usbd_conf.o
                0x080074ac                USBD_LL_OpenEP
 .text.USBD_LL_CloseEP
                0x080074cc       0x1c Src\usbd_conf.o
                0x080074cc                USBD_LL_CloseEP
 .text.USBD_LL_StallEP
                0x080074e8       0x1c Src\usbd_conf.o
                0x080074e8                USBD_LL_StallEP
 .text.USBD_LL_ClearStallEP
                0x08007504       0x1c Src\usbd_conf.o
                0x08007504                USBD_LL_ClearStallEP
 .text.USBD_LL_IsStallEP
                0x08007520       0x20 Src\usbd_conf.o
                0x08007520                USBD_LL_IsStallEP
 .text.USBD_LL_SetUSBAddress
                0x08007540       0x1c Src\usbd_conf.o
                0x08007540                USBD_LL_SetUSBAddress
 .text.USBD_LL_Transmit
                0x0800755c       0x1c Src\usbd_conf.o
                0x0800755c                USBD_LL_Transmit
 .text.USBD_LL_PrepareReceive
                0x08007578       0x1c Src\usbd_conf.o
                0x08007578                USBD_LL_PrepareReceive
 .text.USBD_LL_GetRxDataSize
                0x08007594        0xc Src\usbd_conf.o
                0x08007594                USBD_LL_GetRxDataSize
 .text.USBD_static_malloc
                0x080075a0        0x8 Src\usbd_conf.o
                0x080075a0                USBD_static_malloc
 .text.USBD_static_free
                0x080075a8        0x2 Src\usbd_conf.o
                0x080075a8                USBD_static_free
 .text.HAL_PCDEx_SetConnectionState
                0x080075aa        0x2 Src\usbd_conf.o
                0x080075aa                HAL_PCDEx_SetConnectionState
 .text.USBD_FS_DeviceDescriptor
                0x080075ac        0xc Src\usbd_desc.o
                0x080075ac                USBD_FS_DeviceDescriptor
 .text.USBD_FS_LangIDStrDescriptor
                0x080075b8        0xc Src\usbd_desc.o
                0x080075b8                USBD_FS_LangIDStrDescriptor
 .text.USBD_FS_ManufacturerStrDescriptor
                0x080075c4       0x1c Src\usbd_desc.o
                0x080075c4                USBD_FS_ManufacturerStrDescriptor
 .text.USBD_FS_ProductStrDescriptor
                0x080075e0       0x1c Src\usbd_desc.o
                0x080075e0                USBD_FS_ProductStrDescriptor
 .text.USBD_FS_SerialStrDescriptor
                0x080075fc       0x1c Src\usbd_desc.o
                0x080075fc                USBD_FS_SerialStrDescriptor
 .text.USBD_FS_ConfigStrDescriptor
                0x08007618       0x1c Src\usbd_desc.o
                0x08007618                USBD_FS_ConfigStrDescriptor
 .text.USBD_FS_InterfaceStrDescriptor
                0x08007634       0x1c Src\usbd_desc.o
                0x08007634                USBD_FS_InterfaceStrDescriptor
 .text.split    0x08007650       0x50 microrl_lib\microrl.o
 .text.u16bit_to_str
                0x080076a0       0x4a microrl_lib\microrl.o
 *fill*         0x080076ea        0x2 
 .text.terminal_reset_cursor.isra.2
                0x080076ec       0x40 microrl_lib\microrl.o
 .text.terminal_move_cursor.isra.3
                0x0800772c       0x54 microrl_lib\microrl.o
 .text.terminal_print_line
                0x08007780       0x5c microrl_lib\microrl.o
 .text.hist_search
                0x080077dc      0x122 microrl_lib\microrl.o
 *fill*         0x080078fe        0x2 
 .text.microrl_backspace
                0x08007900       0x50 microrl_lib\microrl.o
 .text.microrl_insert_text
                0x08007950       0x66 microrl_lib\microrl.o
 *fill*         0x080079b6        0x2 
 .text.microrl_init
                0x080079b8       0x58 microrl_lib\microrl.o
                0x080079b8                microrl_init
 .text.microrl_set_complete_callback
                0x08007a10        0x6 microrl_lib\microrl.o
                0x08007a10                microrl_set_complete_callback
 .text.microrl_set_execute_callback
                0x08007a16        0x6 microrl_lib\microrl.o
                0x08007a16                microrl_set_execute_callback
 .text.microrl_set_sigint_callback
                0x08007a1c        0x6 microrl_lib\microrl.o
                0x08007a1c                microrl_set_sigint_callback
 *fill*         0x08007a22        0x2 
 .text.new_line_handler
                0x08007a24       0xfc microrl_lib\microrl.o
                0x08007a24                new_line_handler
 .text.microrl_insert_char
                0x08007b20      0x2e0 microrl_lib\microrl.o
                0x08007b20                microrl_insert_char
 .text.__libc_init_array
                0x08007e00       0x48 c:/program files/atollic/truestudio for stm32 9.0.1/armtools/bin/../lib/gcc/arm-atollic-eabi/6.3.1/../../../../arm-atollic-eabi/lib/armv7-m\libc_nano.a(lib_a-init.o)
                0x08007e00                __libc_init_array
 .text.__itoa   0x08007e48       0x30 c:/program files/atollic/truestudio for stm32 9.0.1/armtools/bin/../lib/gcc/arm-atollic-eabi/6.3.1/../../../../arm-atollic-eabi/lib/armv7-m\libc_nano.a(lib_a-itoa.o)
                0x08007e48                __itoa
 .text.itoa     0x08007e78        0x4 c:/program files/atollic/truestudio for stm32 9.0.1/armtools/bin/../lib/gcc/arm-atollic-eabi/6.3.1/../../../../arm-atollic-eabi/lib/armv7-m\libc_nano.a(lib_a-itoa.o)
                0x08007e78                itoa
 .text.memcpy   0x08007e7c       0x16 c:/program files/atollic/truestudio for stm32 9.0.1/armtools/bin/../lib/gcc/arm-atollic-eabi/6.3.1/../../../../arm-atollic-eabi/lib/armv7-m\libc_nano.a(lib_a-memcpy-stub.o)
                0x08007e7c                memcpy
 .text.memmove  0x08007e92       0x34 c:/program files/atollic/truestudio for stm32 9.0.1/armtools/bin/../lib/gcc/arm-atollic-eabi/6.3.1/../../../../arm-atollic-eabi/lib/armv7-m\libc_nano.a(lib_a-memmove.o)
                0x08007e92                memmove
 .text.memset   0x08007ec6       0x10 c:/program files/atollic/truestudio for stm32 9.0.1/armtools/bin/../lib/gcc/arm-atollic-eabi/6.3.1/../../../../arm-atollic-eabi/lib/armv7-m\libc_nano.a(lib_a-memset.o)
                0x08007ec6                memset
 *fill*         0x08007ed6        0x2 
 .text.printf   0x08007ed8       0x30 c:/program files/atollic/truestudio for stm32 9.0.1/armtools/bin/../lib/gcc/arm-atollic-eabi/6.3.1/../../../../arm-atollic-eabi/lib/armv7-m\libc_nano.a(lib_a-printf.o)
                0x08007ed8                iprintf
                0x08007ed8                printf
 .text._puts_r  0x08007f08       0xb8 c:/program files/atollic/truestudio for stm32 9.0.1/armtools/bin/../lib/gcc/arm-atollic-eabi/6.3.1/../../../../arm-atollic-eabi/lib/armv7-m\libc_nano.a(lib_a-puts.o)
                0x08007f08                _puts_r
 .text.puts     0x08007fc0       0x10 c:/program files/atollic/truestudio for stm32 9.0.1/armtools/bin/../lib/gcc/arm-atollic-eabi/6.3.1/../../../../arm-atollic-eabi/lib/armv7-m\libc_nano.a(lib_a-puts.o)
                0x08007fc0                puts
 .text.strcasecmp
                0x08007fd0       0x3c c:/program files/atollic/truestudio for stm32 9.0.1/armtools/bin/../lib/gcc/arm-atollic-eabi/6.3.1/../../../../arm-atollic-eabi/lib/armv7-m\libc_nano.a(lib_a-strcasecmp.o)
                0x08007fd0                strcasecmp
 .text.strcat   0x0800800c       0x1e c:/program files/atollic/truestudio for stm32 9.0.1/armtools/bin/../lib/gcc/arm-atollic-eabi/6.3.1/../../../../arm-atollic-eabi/lib/armv7-m\libc_nano.a(lib_a-strcat.o)
                0x0800800c                strcat
 .text.strcpy   0x0800802a       0x10 c:/program files/atollic/truestudio for stm32 9.0.1/armtools/bin/../lib/gcc/arm-atollic-eabi/6.3.1/../../../../arm-atollic-eabi/lib/armv7-m\libc_nano.a(lib_a-strcpy.o)
                0x0800802a                strcpy
 .text.strncpy  0x0800803a       0x2a c:/program files/atollic/truestudio for stm32 9.0.1/armtools/bin/../lib/gcc/arm-atollic-eabi/6.3.1/../../../../arm-atollic-eabi/lib/armv7-m\libc_nano.a(lib_a-strncpy.o)
                0x0800803a                strncpy
 .text.strstr   0x08008064       0x36 c:/program files/atollic/truestudio for stm32 9.0.1/armtools/bin/../lib/gcc/arm-atollic-eabi/6.3.1/../../../../arm-atollic-eabi/lib/armv7-m\libc_nano.a(lib_a-strstr.o)
                0x08008064                strstr
 *fill*         0x0800809a        0x2 
 .text.__utoa   0x0800809c       0x80 c:/program files/atollic/truestudio for stm32 9.0.1/armtools/bin/../lib/gcc/arm-atollic-eabi/6.3.1/../../../../arm-atollic-eabi/lib/armv7-m\libc_nano.a(lib_a-utoa.o)
                0x0800809c                __utoa
 .text.vprintf  0x0800811c       0x2c c:/program files/atollic/truestudio for stm32 9.0.1/armtools/bin/../lib/gcc/arm-atollic-eabi/6.3.1/../../../../arm-atollic-eabi/lib/armv7-m\libc_nano.a(lib_a-vprintf.o)
                0x0800811c                viprintf
                0x0800811c                vprintf
 .text.__swbuf_r
                0x08008148       0xa4 c:/program files/atollic/truestudio for stm32 9.0.1/armtools/bin/../lib/gcc/arm-atollic-eabi/6.3.1/../../../../arm-atollic-eabi/lib/armv7-m\libc_nano.a(lib_a-wbuf.o)
                0x08008148                __swbuf_r
 .text.__swsetup_r
                0x080081ec       0xdc c:/program files/atollic/truestudio for stm32 9.0.1/armtools/bin/../lib/gcc/arm-atollic-eabi/6.3.1/../../../../arm-atollic-eabi/lib/armv7-m\libc_nano.a(lib_a-wsetup.o)
                0x080081ec                __swsetup_r
 .text.__sflush_r
                0x080082c8      0x110 c:/program files/atollic/truestudio for stm32 9.0.1/armtools/bin/../lib/gcc/arm-atollic-eabi/6.3.1/../../../../arm-atollic-eabi/lib/armv7-m\libc_nano.a(lib_a-fflush.o)
                0x080082c8                __sflush_r
 .text._fflush_r
                0x080083d8       0x54 c:/program files/atollic/truestudio for stm32 9.0.1/armtools/bin/../lib/gcc/arm-atollic-eabi/6.3.1/../../../../arm-atollic-eabi/lib/armv7-m\libc_nano.a(lib_a-fflush.o)
                0x080083d8                _fflush_r
 .text._cleanup_r
                0x0800842c        0xc c:/program files/atollic/truestudio for stm32 9.0.1/armtools/bin/../lib/gcc/arm-atollic-eabi/6.3.1/../../../../arm-atollic-eabi/lib/armv7-m\libc_nano.a(lib_a-findfp.o)
                0x0800842c                _cleanup_r
 .text.std.isra.0
                0x08008438       0x48 c:/program files/atollic/truestudio for stm32 9.0.1/armtools/bin/../lib/gcc/arm-atollic-eabi/6.3.1/../../../../arm-atollic-eabi/lib/armv7-m\libc_nano.a(lib_a-findfp.o)
 .text.__sfmoreglue
                0x08008480       0x2c c:/program files/atollic/truestudio for stm32 9.0.1/armtools/bin/../lib/gcc/arm-atollic-eabi/6.3.1/../../../../arm-atollic-eabi/lib/armv7-m\libc_nano.a(lib_a-findfp.o)
                0x08008480                __sfmoreglue
 .text.__sinit  0x080084ac       0x60 c:/program files/atollic/truestudio for stm32 9.0.1/armtools/bin/../lib/gcc/arm-atollic-eabi/6.3.1/../../../../arm-atollic-eabi/lib/armv7-m\libc_nano.a(lib_a-findfp.o)
                0x080084ac                __sinit
 .text.__sfp    0x0800850c       0x78 c:/program files/atollic/truestudio for stm32 9.0.1/armtools/bin/../lib/gcc/arm-atollic-eabi/6.3.1/../../../../arm-atollic-eabi/lib/armv7-m\libc_nano.a(lib_a-findfp.o)
                0x0800850c                __sfp
 .text._fwalk_reent
                0x08008584       0x3c c:/program files/atollic/truestudio for stm32 9.0.1/armtools/bin/../lib/gcc/arm-atollic-eabi/6.3.1/../../../../arm-atollic-eabi/lib/armv7-m\libc_nano.a(lib_a-fwalk.o)
                0x08008584                _fwalk_reent
 .text.__locale_ctype_ptr
                0x080085c0       0x1c c:/program files/atollic/truestudio for stm32 9.0.1/armtools/bin/../lib/gcc/arm-atollic-eabi/6.3.1/../../../../arm-atollic-eabi/lib/armv7-m\libc_nano.a(lib_a-locale.o)
                0x080085c0                __locale_ctype_ptr
 .text.__swhatbuf_r
                0x080085dc       0x48 c:/program files/atollic/truestudio for stm32 9.0.1/armtools/bin/../lib/gcc/arm-atollic-eabi/6.3.1/../../../../arm-atollic-eabi/lib/armv7-m\libc_nano.a(lib_a-makebuf.o)
                0x080085dc                __swhatbuf_r
 .text.__smakebuf_r
                0x08008624       0x80 c:/program files/atollic/truestudio for stm32 9.0.1/armtools/bin/../lib/gcc/arm-atollic-eabi/6.3.1/../../../../arm-atollic-eabi/lib/armv7-m\libc_nano.a(lib_a-makebuf.o)
                0x08008624                __smakebuf_r
 .text.__ascii_mbtowc
                0x080086a4       0x24 c:/program files/atollic/truestudio for stm32 9.0.1/armtools/bin/../lib/gcc/arm-atollic-eabi/6.3.1/../../../../arm-atollic-eabi/lib/armv7-m\libc_nano.a(lib_a-mbtowc_r.o)
                0x080086a4                __ascii_mbtowc
 .text._free_r  0x080086c8       0x98 c:/program files/atollic/truestudio for stm32 9.0.1/armtools/bin/../lib/gcc/arm-atollic-eabi/6.3.1/../../../../arm-atollic-eabi/lib/armv7-m\libc_nano.a(lib_a-nano-freer.o)
                0x080086c8                _free_r
 .text._malloc_r
                0x08008760       0xbc c:/program files/atollic/truestudio for stm32 9.0.1/armtools/bin/../lib/gcc/arm-atollic-eabi/6.3.1/../../../../arm-atollic-eabi/lib/armv7-m\libc_nano.a(lib_a-nano-mallocr.o)
                0x08008760                _malloc_r
 .text.__sfputc_r
                0x0800881c       0x2c c:/program files/atollic/truestudio for stm32 9.0.1/armtools/bin/../lib/gcc/arm-atollic-eabi/6.3.1/../../../../arm-atollic-eabi/lib/armv7-m\libc_nano.a(lib_a-nano-vfprintf.o)
 .text.__sfputs_r
                0x08008848       0x24 c:/program files/atollic/truestudio for stm32 9.0.1/armtools/bin/../lib/gcc/arm-atollic-eabi/6.3.1/../../../../arm-atollic-eabi/lib/armv7-m\libc_nano.a(lib_a-nano-vfprintf.o)
                0x08008848                __sfputs_r
 .text._vfprintf_r
                0x0800886c      0x22c c:/program files/atollic/truestudio for stm32 9.0.1/armtools/bin/../lib/gcc/arm-atollic-eabi/6.3.1/../../../../arm-atollic-eabi/lib/armv7-m\libc_nano.a(lib_a-nano-vfprintf.o)
                0x0800886c                _vfprintf_r
                0x0800886c                _vfiprintf_r
 .text._printf_common
                0x08008a98       0xee c:/program files/atollic/truestudio for stm32 9.0.1/armtools/bin/../lib/gcc/arm-atollic-eabi/6.3.1/../../../../arm-atollic-eabi/lib/armv7-m\libc_nano.a(lib_a-nano-vfprintf_i.o)
                0x08008a98                _printf_common
 *fill*         0x08008b86        0x2 
 .text._printf_i
                0x08008b88      0x240 c:/program files/atollic/truestudio for stm32 9.0.1/armtools/bin/../lib/gcc/arm-atollic-eabi/6.3.1/../../../../arm-atollic-eabi/lib/armv7-m\libc_nano.a(lib_a-nano-vfprintf_i.o)
                0x08008b88                _printf_i
 .text._sbrk_r  0x08008dc8       0x20 c:/program files/atollic/truestudio for stm32 9.0.1/armtools/bin/../lib/gcc/arm-atollic-eabi/6.3.1/../../../../arm-atollic-eabi/lib/armv7-m\libc_nano.a(lib_a-sbrkr.o)
                0x08008dc8                _sbrk_r
 .text.__sread  0x08008de8       0x22 c:/program files/atollic/truestudio for stm32 9.0.1/armtools/bin/../lib/gcc/arm-atollic-eabi/6.3.1/../../../../arm-atollic-eabi/lib/armv7-m\libc_nano.a(lib_a-stdio.o)
                0x08008de8                __sread
 .text.__swrite
                0x08008e0a       0x38 c:/program files/atollic/truestudio for stm32 9.0.1/armtools/bin/../lib/gcc/arm-atollic-eabi/6.3.1/../../../../arm-atollic-eabi/lib/armv7-m\libc_nano.a(lib_a-stdio.o)
                0x08008e0a                __swrite
 .text.__sseek  0x08008e42       0x24 c:/program files/atollic/truestudio for stm32 9.0.1/armtools/bin/../lib/gcc/arm-atollic-eabi/6.3.1/../../../../arm-atollic-eabi/lib/armv7-m\libc_nano.a(lib_a-stdio.o)
                0x08008e42                __sseek
 .text.__sclose
                0x08008e66        0x8 c:/program files/atollic/truestudio for stm32 9.0.1/armtools/bin/../lib/gcc/arm-atollic-eabi/6.3.1/../../../../arm-atollic-eabi/lib/armv7-m\libc_nano.a(lib_a-stdio.o)
                0x08008e66                __sclose
 .text.__ascii_wctomb
                0x08008e6e       0x1a c:/program files/atollic/truestudio for stm32 9.0.1/armtools/bin/../lib/gcc/arm-atollic-eabi/6.3.1/../../../../arm-atollic-eabi/lib/armv7-m\libc_nano.a(lib_a-wctomb_r.o)
                0x08008e6e                __ascii_wctomb
 .text._write_r
                0x08008e88       0x24 c:/program files/atollic/truestudio for stm32 9.0.1/armtools/bin/../lib/gcc/arm-atollic-eabi/6.3.1/../../../../arm-atollic-eabi/lib/armv7-m\libc_nano.a(lib_a-writer.o)
                0x08008e88                _write_r
 .text._close_r
                0x08008eac       0x20 c:/program files/atollic/truestudio for stm32 9.0.1/armtools/bin/../lib/gcc/arm-atollic-eabi/6.3.1/../../../../arm-atollic-eabi/lib/armv7-m\libc_nano.a(lib_a-closer.o)
                0x08008eac                _close_r
 .text._fstat_r
                0x08008ecc       0x24 c:/program files/atollic/truestudio for stm32 9.0.1/armtools/bin/../lib/gcc/arm-atollic-eabi/6.3.1/../../../../arm-atollic-eabi/lib/armv7-m\libc_nano.a(lib_a-fstatr.o)
                0x08008ecc                _fstat_r
 .text._isatty_r
                0x08008ef0       0x20 c:/program files/atollic/truestudio for stm32 9.0.1/armtools/bin/../lib/gcc/arm-atollic-eabi/6.3.1/../../../../arm-atollic-eabi/lib/armv7-m\libc_nano.a(lib_a-isattyr.o)
                0x08008ef0                _isatty_r
 .text._lseek_r
                0x08008f10       0x24 c:/program files/atollic/truestudio for stm32 9.0.1/armtools/bin/../lib/gcc/arm-atollic-eabi/6.3.1/../../../../arm-atollic-eabi/lib/armv7-m\libc_nano.a(lib_a-lseekr.o)
                0x08008f10                _lseek_r
 .text.memchr   0x08008f34       0x1c c:/program files/atollic/truestudio for stm32 9.0.1/armtools/bin/../lib/gcc/arm-atollic-eabi/6.3.1/../../../../arm-atollic-eabi/lib/armv7-m\libc_nano.a(lib_a-memchr-stub.o)
                0x08008f34                memchr
 .text.__malloc_lock
                0x08008f50        0x2 c:/program files/atollic/truestudio for stm32 9.0.1/armtools/bin/../lib/gcc/arm-atollic-eabi/6.3.1/../../../../arm-atollic-eabi/lib/armv7-m\libc_nano.a(lib_a-mlock.o)
                0x08008f50                __malloc_lock
 .text.__malloc_unlock
                0x08008f52        0x2 c:/program files/atollic/truestudio for stm32 9.0.1/armtools/bin/../lib/gcc/arm-atollic-eabi/6.3.1/../../../../arm-atollic-eabi/lib/armv7-m\libc_nano.a(lib_a-mlock.o)
                0x08008f52                __malloc_unlock
 .text._read_r  0x08008f54       0x24 c:/program files/atollic/truestudio for stm32 9.0.1/armtools/bin/../lib/gcc/arm-atollic-eabi/6.3.1/../../../../arm-atollic-eabi/lib/armv7-m\libc_nano.a(lib_a-readr.o)
                0x08008f54                _read_r
 *(.glue_7)
 .glue_7        0x08008f78        0x0 linker stubs
 *(.glue_7t)
 .glue_7t       0x08008f78        0x0 linker stubs
 *(.eh_frame)
 .eh_frame      0x08008f78        0x0 c:/program files/atollic/truestudio for stm32 9.0.1/armtools/bin/../lib/gcc/arm-atollic-eabi/6.3.1/armv7-m/crtbegin.o
 *(.init)
 .init          0x08008f78        0x4 c:/program files/atollic/truestudio for stm32 9.0.1/armtools/bin/../lib/gcc/arm-atollic-eabi/6.3.1/armv7-m/crti.o
                0x08008f78                _init
 .init          0x08008f7c        0x8 c:/program files/atollic/truestudio for stm32 9.0.1/armtools/bin/../lib/gcc/arm-atollic-eabi/6.3.1/armv7-m/crtn.o
 *(.fini)
 .fini          0x08008f84        0x4 c:/program files/atollic/truestudio for stm32 9.0.1/armtools/bin/../lib/gcc/arm-atollic-eabi/6.3.1/armv7-m/crti.o
                0x08008f84                _fini
 .fini          0x08008f88        0x8 c:/program files/atollic/truestudio for stm32 9.0.1/armtools/bin/../lib/gcc/arm-atollic-eabi/6.3.1/armv7-m/crtn.o
                0x08008f90                . = ALIGN (0x4)
                0x08008f90                _etext = .

.vfp11_veneer   0x08008f90        0x0
 .vfp11_veneer  0x08008f90        0x0 linker stubs

.v4_bx          0x08008f90        0x0
 .v4_bx         0x08008f90        0x0 linker stubs

.iplt           0x08008f90        0x0
 .iplt          0x08008f90        0x0 c:/program files/atollic/truestudio for stm32 9.0.1/armtools/bin/../lib/gcc/arm-atollic-eabi/6.3.1/armv7-m/crtbegin.o

.rodata         0x08008f90      0x410
                0x08008f90                . = ALIGN (0x4)
 *(.rodata)
 .rodata        0x08008f90       0x10 Drivers\STM32F1xx_HAL_Driver\Src\stm32f1xx_hal_rcc.o
 .rodata        0x08008fa0       0x10 Drivers\STM32F1xx_HAL_Driver\Src\stm32f1xx_hal_rcc_ex.o
 *(.rodata*)
 .rodata.vTaskStartScheduler.str1.1
                0x08008fb0        0x5 Middlewares\Third_Party\FreeRTOS\Source\tasks.o
 .rodata.cmdHelp.str1.1
                0x08008fb5       0x1c Src\console.o
 *fill*         0x08008fd1        0x3 
 .rodata.cmd_keyworld
                0x08008fd4       0x18 Src\console.o
 .rodata.microrl_printStringWithEndl.str1.1
                0x08008fec       0x1c Src\console.o
                                  0x2 (size before relaxing)
 .rodata.prv_complet.str1.1
                0x08008fec       0x12 Src\console.o
 .rodata.prv_execute.str1.1
                0x08008ffe       0x37 Src\console.o
 .rodata.cmdClear.str1.1
                0x08009035        0xd Src\console_cmd.o
 .rodata.cmdStatus.str1.1
                0x08009042       0xd6 Src\console_cmd.o
 .rodata.ftoa.str1.1
                0x08009118        0x2 Src\console_cmd.o
 .rodata.initTask.str1.1
                0x0800911a       0x13 Src\main.o
 .rodata.main.str1.1
                0x0800912d        0x5 Src\main.o
 .rodata.AHBPrescTable
                0x08009132       0x10 Src\system_stm32f1xx.o
                0x08009132                AHBPrescTable
 .rodata.APBPrescTable
                0x08009142        0x8 Src\system_stm32f1xx.o
                0x08009142                APBPrescTable
 .rodata.CSWTCH.39
                0x0800914a        0x4 Src\usbd_conf.o
 .rodata.USBD_FS_ConfigStrDescriptor.str1.1
                0x0800914e        0xb Src\usbd_desc.o
 .rodata.USBD_FS_InterfaceStrDescriptor.str1.1
                0x08009159        0xe Src\usbd_desc.o
 .rodata.USBD_FS_ManufacturerStrDescriptor.str1.1
                0x08009167       0x13 Src\usbd_desc.o
 .rodata.USBD_FS_ProductStrDescriptor.str1.1
                0x0800917a       0x16 Src\usbd_desc.o
 .rodata.USBD_FS_SerialStrDescriptor.str1.1
                0x08009190        0xd Src\usbd_desc.o
 .rodata.microrl_backspace.str1.1
                0x0800919d        0x8 microrl_lib\microrl.o
 .rodata.microrl_init.str1.1
                0x080091a5        0x2 microrl_lib\microrl.o
 .rodata.microrl_insert_char.str1.1
                0x080091a5        0x8 microrl_lib\microrl.o
                                  0x3 (size before relaxing)
 .rodata.new_line_handler.str1.1
                0x080091a5       0x16 microrl_lib\microrl.o
 .rodata.str1.1
                0x080091bb       0x15 microrl_lib\microrl.o
 .rodata.terminal_move_cursor.isra.3.str1.1
                0x080091d0       0x15 microrl_lib\microrl.o
                                  0x2 (size before relaxing)
 .rodata.terminal_print_line.str1.1
                0x080091d0        0x4 microrl_lib\microrl.o
 .rodata.terminal_reset_cursor.isra.2.str1.1
                0x080091d4        0x6 microrl_lib\microrl.o
                                  0x9 (size before relaxing)
 .rodata.__utoa.str1.1
                0x080091da       0x25 c:/program files/atollic/truestudio for stm32 9.0.1/armtools/bin/../lib/gcc/arm-atollic-eabi/6.3.1/../../../../arm-atollic-eabi/lib/armv7-m\libc_nano.a(lib_a-utoa.o)
 *fill*         0x080091ff        0x1 
 .rodata.__sf_fake_stderr
                0x08009200       0x20 c:/program files/atollic/truestudio for stm32 9.0.1/armtools/bin/../lib/gcc/arm-atollic-eabi/6.3.1/../../../../arm-atollic-eabi/lib/armv7-m\libc_nano.a(lib_a-findfp.o)
                0x08009200                __sf_fake_stderr
 .rodata.__sf_fake_stdin
                0x08009220       0x20 c:/program files/atollic/truestudio for stm32 9.0.1/armtools/bin/../lib/gcc/arm-atollic-eabi/6.3.1/../../../../arm-atollic-eabi/lib/armv7-m\libc_nano.a(lib_a-findfp.o)
                0x08009220                __sf_fake_stdin
 .rodata.__sf_fake_stdout
                0x08009240       0x20 c:/program files/atollic/truestudio for stm32 9.0.1/armtools/bin/../lib/gcc/arm-atollic-eabi/6.3.1/../../../../arm-atollic-eabi/lib/armv7-m\libc_nano.a(lib_a-findfp.o)
                0x08009240                __sf_fake_stdout
 .rodata._global_impure_ptr
                0x08009260        0x4 c:/program files/atollic/truestudio for stm32 9.0.1/armtools/bin/../lib/gcc/arm-atollic-eabi/6.3.1/../../../../arm-atollic-eabi/lib/armv7-m\libc_nano.a(lib_a-impure.o)
                0x08009260                _global_impure_ptr
 .rodata._setlocale_r.str1.1
                0x08009264        0x6 c:/program files/atollic/truestudio for stm32 9.0.1/armtools/bin/../lib/gcc/arm-atollic-eabi/6.3.1/../../../../arm-atollic-eabi/lib/armv7-m\libc_nano.a(lib_a-locale.o)
                                  0x9 (size before relaxing)
 .rodata.str1.1
                0x0800926a        0x2 c:/program files/atollic/truestudio for stm32 9.0.1/armtools/bin/../lib/gcc/arm-atollic-eabi/6.3.1/../../../../arm-atollic-eabi/lib/armv7-m\libc_nano.a(lib_a-locale.o)
 .rodata._vfprintf_r.str1.1
                0x0800926a       0x11 c:/program files/atollic/truestudio for stm32 9.0.1/armtools/bin/../lib/gcc/arm-atollic-eabi/6.3.1/../../../../arm-atollic-eabi/lib/armv7-m\libc_nano.a(lib_a-nano-vfprintf.o)
 .rodata._printf_i.str1.1
                0x0800927b       0x22 c:/program files/atollic/truestudio for stm32 9.0.1/armtools/bin/../lib/gcc/arm-atollic-eabi/6.3.1/../../../../arm-atollic-eabi/lib/armv7-m\libc_nano.a(lib_a-nano-vfprintf_i.o)
 .rodata._ctype_
                0x0800929d      0x101 c:/program files/atollic/truestudio for stm32 9.0.1/armtools/bin/../lib/gcc/arm-atollic-eabi/6.3.1/../../../../arm-atollic-eabi/lib/armv7-m\libc_nano.a(lib_a-ctype_.o)
                0x0800929d                _ctype_
                0x080093a0                . = ALIGN (0x4)
 *fill*         0x0800939e        0x2 

.rel.dyn        0x080093a0        0x0
 .rel.iplt      0x080093a0        0x0 c:/program files/atollic/truestudio for stm32 9.0.1/armtools/bin/../lib/gcc/arm-atollic-eabi/6.3.1/armv7-m/crtbegin.o

.ARM.extab
 *(.ARM.extab* .gnu.linkonce.armextab.*)

.ARM            0x080093a0        0x0
                0x080093a0                __exidx_start = .
 *(.ARM.exidx*)
                0x080093a0                __exidx_end = .

.preinit_array  0x080093a0        0x0
                0x080093a0                PROVIDE (__preinit_array_start, .)
 *(.preinit_array*)
                0x080093a0                PROVIDE (__preinit_array_end, .)

.init_array     0x080093a0        0x4
                0x080093a0                PROVIDE (__init_array_start, .)
 *(SORT(.init_array.*))
 *(.init_array*)
 .init_array    0x080093a0        0x4 c:/program files/atollic/truestudio for stm32 9.0.1/armtools/bin/../lib/gcc/arm-atollic-eabi/6.3.1/armv7-m/crtbegin.o
                0x080093a4                PROVIDE (__init_array_end, .)

.fini_array     0x080093a4        0x4
                [!provide]                PROVIDE (__fini_array_start, .)
 *(SORT(.fini_array.*))
 *(.fini_array*)
 .fini_array    0x080093a4        0x4 c:/program files/atollic/truestudio for stm32 9.0.1/armtools/bin/../lib/gcc/arm-atollic-eabi/6.3.1/armv7-m/crtbegin.o
                [!provide]                PROVIDE (__fini_array_end, .)
                0x080093a8                _sidata = LOADADDR (.data)

.data           0x20000000      0x334 load address 0x080093a8
                0x20000000                . = ALIGN (0x4)
                0x20000000                _sdata = .
 *(.data)
 *(.data*)
 .data.USBD_CDC
                0x20000000       0x38 Middlewares\ST\STM32_USB_Device_Library\Class\CDC\Src\usbd_cdc.o
                0x20000000                USBD_CDC
 .data.USBD_CDC_CfgFSDesc
                0x20000038       0x43 Middlewares\ST\STM32_USB_Device_Library\Class\CDC\Src\usbd_cdc.o
                0x20000038                USBD_CDC_CfgFSDesc
 *fill*         0x2000007b        0x1 
 .data.USBD_CDC_CfgHSDesc
                0x2000007c       0x43 Middlewares\ST\STM32_USB_Device_Library\Class\CDC\Src\usbd_cdc.o
                0x2000007c                USBD_CDC_CfgHSDesc
 *fill*         0x200000bf        0x1 
 .data.USBD_CDC_DeviceQualifierDesc
                0x200000c0        0xa Middlewares\ST\STM32_USB_Device_Library\Class\CDC\Src\usbd_cdc.o
 *fill*         0x200000ca        0x2 
 .data.USBD_CDC_OtherSpeedCfgDesc
                0x200000cc       0x43 Middlewares\ST\STM32_USB_Device_Library\Class\CDC\Src\usbd_cdc.o
                0x200000cc                USBD_CDC_OtherSpeedCfgDesc
 *fill*         0x2000010f        0x1 
 .data.uxCriticalNesting
                0x20000110        0x4 Middlewares\Third_Party\FreeRTOS\Source\portable\GCC\ARM_CM3\port.o
 .data.prl      0x20000114        0x4 Src\console.o
                0x20000114                prl
 .data.SystemCoreClock
                0x20000118        0x4 Src\system_stm32f1xx.o
                0x20000118                SystemCoreClock
 .data.USBD_Interface_fops_FS
                0x2000011c       0x10 Src\usbd_cdc_if.o
                0x2000011c                USBD_Interface_fops_FS
 .data.FS_Desc  0x2000012c       0x1c Src\usbd_desc.o
                0x2000012c                FS_Desc
 .data.USBD_FS_DeviceDesc
                0x20000148       0x12 Src\usbd_desc.o
                0x20000148                USBD_FS_DeviceDesc
 *fill*         0x2000015a        0x2 
 .data.USBD_LangIDDesc
                0x2000015c        0x4 Src\usbd_desc.o
                0x2000015c                USBD_LangIDDesc
 .data.prompt_default
                0x20000160        0x4 microrl_lib\microrl.o
                0x20000160                prompt_default
 .data._impure_ptr
                0x20000164        0x4 c:/program files/atollic/truestudio for stm32 9.0.1/armtools/bin/../lib/gcc/arm-atollic-eabi/6.3.1/../../../../arm-atollic-eabi/lib/armv7-m\libc_nano.a(lib_a-impure.o)
                0x20000164                _impure_ptr
 .data.impure_data
                0x20000168       0x60 c:/program files/atollic/truestudio for stm32 9.0.1/armtools/bin/../lib/gcc/arm-atollic-eabi/6.3.1/../../../../arm-atollic-eabi/lib/armv7-m\libc_nano.a(lib_a-impure.o)
 .data.__global_locale
                0x200001c8      0x16c c:/program files/atollic/truestudio for stm32 9.0.1/armtools/bin/../lib/gcc/arm-atollic-eabi/6.3.1/../../../../arm-atollic-eabi/lib/armv7-m\libc_nano.a(lib_a-locale.o)
                0x200001c8                __global_locale
                0x20000334                . = ALIGN (0x4)
                0x20000334                _edata = .

.igot.plt       0x20000334        0x0 load address 0x080096dc
 .igot.plt      0x20000334        0x0 c:/program files/atollic/truestudio for stm32 9.0.1/armtools/bin/../lib/gcc/arm-atollic-eabi/6.3.1/armv7-m/crtbegin.o
                0x20000334                . = ALIGN (0x4)

.bss            0x20000334     0x369c load address 0x080096dc
                0x20000334                _sbss = .
                0x20000334                __bss_start__ = _sbss
 *(.bss)
 .bss           0x20000334       0x1c c:/program files/atollic/truestudio for stm32 9.0.1/armtools/bin/../lib/gcc/arm-atollic-eabi/6.3.1/armv7-m/crtbegin.o
 *(.bss*)
 .bss.uwTick    0x20000350        0x4 Drivers\STM32F1xx_HAL_Driver\Src\stm32f1xx_hal.o
 .bss.ifalt.8338
                0x20000354        0x1 Middlewares\ST\STM32_USB_Device_Library\Class\CDC\Src\usbd_cdc.o
 .bss.cfgidx.8343
                0x20000355        0x1 Middlewares\ST\STM32_USB_Device_Library\Core\Src\usbd_ctlreq.o
 .bss.ucMaxSysCallPriority
                0x20000356        0x1 Middlewares\Third_Party\FreeRTOS\Source\portable\GCC\ARM_CM3\port.o
 *fill*         0x20000357        0x1 
 .bss.ulMaxPRIGROUPValue
                0x20000358        0x4 Middlewares\Third_Party\FreeRTOS\Source\portable\GCC\ARM_CM3\port.o
 .bss.ulStoppedTimerCompensation
                0x2000035c        0x4 Middlewares\Third_Party\FreeRTOS\Source\portable\GCC\ARM_CM3\port.o
 .bss.ulTimerCountsForOneTick
                0x20000360        0x4 Middlewares\Third_Party\FreeRTOS\Source\portable\GCC\ARM_CM3\port.o
 .bss.xMaximumPossibleSuppressedTicks
                0x20000364        0x4 Middlewares\Third_Party\FreeRTOS\Source\portable\GCC\ARM_CM3\port.o
 .bss.pxEnd     0x20000368        0x4 Middlewares\Third_Party\FreeRTOS\Source\portable\MemMang\heap_4.o
 .bss.ucHeap    0x2000036c     0x2800 Middlewares\Third_Party\FreeRTOS\Source\portable\MemMang\heap_4.o
 .bss.xBlockAllocatedBit
                0x20002b6c        0x4 Middlewares\Third_Party\FreeRTOS\Source\portable\MemMang\heap_4.o
 .bss.xFreeBytesRemaining
                0x20002b70        0x4 Middlewares\Third_Party\FreeRTOS\Source\portable\MemMang\heap_4.o
 .bss.xMinimumEverFreeBytesRemaining
                0x20002b74        0x4 Middlewares\Third_Party\FreeRTOS\Source\portable\MemMang\heap_4.o
 .bss.xStart    0x20002b78        0x8 Middlewares\Third_Party\FreeRTOS\Source\portable\MemMang\heap_4.o
 .bss.pxCurrentTCB
                0x20002b80        0x4 Middlewares\Third_Party\FreeRTOS\Source\tasks.o
                0x20002b80                pxCurrentTCB
 .bss.pxDelayedTaskList
                0x20002b84        0x4 Middlewares\Third_Party\FreeRTOS\Source\tasks.o
 .bss.pxOverflowDelayedTaskList
                0x20002b88        0x4 Middlewares\Third_Party\FreeRTOS\Source\tasks.o
 .bss.pxReadyTasksLists
                0x20002b8c       0x8c Middlewares\Third_Party\FreeRTOS\Source\tasks.o
 .bss.ulTaskSwitchedInTime
                0x20002c18        0x4 Middlewares\Third_Party\FreeRTOS\Source\tasks.o
 .bss.uxCurrentNumberOfTasks
                0x20002c1c        0x4 Middlewares\Third_Party\FreeRTOS\Source\tasks.o
 .bss.uxPendedTicks
                0x20002c20        0x4 Middlewares\Third_Party\FreeRTOS\Source\tasks.o
 .bss.uxSchedulerSuspended
                0x20002c24        0x4 Middlewares\Third_Party\FreeRTOS\Source\tasks.o
 .bss.uxTaskNumber
                0x20002c28        0x4 Middlewares\Third_Party\FreeRTOS\Source\tasks.o
 .bss.uxTasksDeleted
                0x20002c2c        0x4 Middlewares\Third_Party\FreeRTOS\Source\tasks.o
 .bss.uxTopReadyPriority
                0x20002c30        0x4 Middlewares\Third_Party\FreeRTOS\Source\tasks.o
 .bss.xDelayedTaskList1
                0x20002c34       0x14 Middlewares\Third_Party\FreeRTOS\Source\tasks.o
 .bss.xDelayedTaskList2
                0x20002c48       0x14 Middlewares\Third_Party\FreeRTOS\Source\tasks.o
 .bss.xNextTaskUnblockTime
                0x20002c5c        0x4 Middlewares\Third_Party\FreeRTOS\Source\tasks.o
 .bss.xNumOfOverflows
                0x20002c60        0x4 Middlewares\Third_Party\FreeRTOS\Source\tasks.o
 .bss.xPendingReadyList
                0x20002c64       0x14 Middlewares\Third_Party\FreeRTOS\Source\tasks.o
 .bss.xSchedulerRunning
                0x20002c78        0x4 Middlewares\Third_Party\FreeRTOS\Source\tasks.o
 .bss.xSuspendedTaskList
                0x20002c7c       0x14 Middlewares\Third_Party\FreeRTOS\Source\tasks.o
 .bss.xTasksWaitingTermination
                0x20002c90       0x14 Middlewares\Third_Party\FreeRTOS\Source\tasks.o
 .bss.xTickCount
                0x20002ca4        0x4 Middlewares\Third_Party\FreeRTOS\Source\tasks.o
 .bss.xYieldPending
                0x20002ca8        0x4 Middlewares\Third_Party\FreeRTOS\Source\tasks.o
 .bss.adcValues
                0x20002cac        0x8 Src\adc.o
 .bss.xQueueCmdBuffer
                0x20002cb4        0x4 Src\console.o
 .bss.ODR_old_value.8999
                0x20002cb8        0x1 Src\lsm303dlhc.o
 *fill*         0x20002cb9        0x3 
 .bss.delay.9176
                0x20002cbc        0x4 Src\main.o
 .bss.pulseValue.9133
                0x20002cc0        0x2 Src\main.o
 .bss.step.9134
                0x20002cc2        0x2 Src\main.o
 .bss.TempCounter.8989
                0x20002cc4        0x1 Src\sensors.o
 *fill*         0x20002cc5        0x3 
 .bss.heap.8445
                0x20002cc8        0x4 Src\syscalls.o
 .bss.receive_total
                0x20002ccc        0x4 Src\usbd_cdc_if.o
                0x20002ccc                receive_total
 .bss.mem.8496  0x20002cd0      0x220 Src\usbd_conf.o
 .bss.__malloc_free_list
                0x20002ef0        0x4 c:/program files/atollic/truestudio for stm32 9.0.1/armtools/bin/../lib/gcc/arm-atollic-eabi/6.3.1/../../../../arm-atollic-eabi/lib/armv7-m\libc_nano.a(lib_a-nano-mallocr.o)
                0x20002ef0                __malloc_free_list
 .bss.__malloc_sbrk_start
                0x20002ef4        0x4 c:/program files/atollic/truestudio for stm32 9.0.1/armtools/bin/../lib/gcc/arm-atollic-eabi/6.3.1/../../../../arm-atollic-eabi/lib/armv7-m\libc_nano.a(lib_a-nano-mallocr.o)
                0x20002ef4                __malloc_sbrk_start
 *(COMMON)
 COMMON         0x20002ef8       0x68 Src\adc.o
                0x20002ef8                hadc1
                0x20002f28                hdma_adc1
 COMMON         0x20002f60       0xe4 Src\console.o
                0x20002f60                rl
                0x20003034                compl_world
 COMMON         0x20003044       0x3c Src\i2c.o
                0x20003044                hi2c2
 COMMON         0x20003080       0x44 Src\main.o
                0x20003080                defaultTaskHandle
                0x20003084                htim1
                0x200030c0                periodBlink