Archive member included to satisfy reference by file (symbol)

c:/program files/atollic/truestudio for stm32 9.0.1/armtools/bin/../lib/gcc/arm-atollic-eabi/6.3.1/../../../../arm-atollic-eabi/lib/armv7-m\libc_nano.a(lib_a-init.o)
                              Drivers\CMSIS\Device\ST\STM32F1xx\Source\Templates\gcc\startup_stm32f103xe.o (__libc_init_array)
c:/program files/atollic/truestudio for stm32 9.0.1/armtools/bin/../lib/gcc/arm-atollic-eabi/6.3.1/../../../../arm-atollic-eabi/lib/armv7-m\libc_nano.a(lib_a-itoa.o)
                              Src\console_cmd.o (itoa)
c:/program files/atollic/truestudio for stm32 9.0.1/armtools/bin/../lib/gcc/arm-atollic-eabi/6.3.1/../../../../arm-atollic-eabi/lib/armv7-m\libc_nano.a(lib_a-memcpy-stub.o)
                              Middlewares\Third_Party\FreeRTOS\Source\queue.o (memcpy)
c:/program files/atollic/truestudio for stm32 9.0.1/armtools/bin/../lib/gcc/arm-atollic-eabi/6.3.1/../../../../arm-atollic-eabi/lib/armv7-m\libc_nano.a(lib_a-memmove.o)
                              microrl_lib\microrl.o (memmove)
c:/program files/atollic/truestudio for stm32 9.0.1/armtools/bin/../lib/gcc/arm-atollic-eabi/6.3.1/../../../../arm-atollic-eabi/lib/armv7-m\libc_nano.a(lib_a-memset.o)
                              Middlewares\Third_Party\FreeRTOS\Source\CMSIS_RTOS\cmsis_os.o (memset)
c:/program files/atollic/truestudio for stm32 9.0.1/armtools/bin/../lib/gcc/arm-atollic-eabi/6.3.1/../../../../arm-atollic-eabi/lib/armv7-m\libc_nano.a(lib_a-printf.o)
                              Src\console.o (printf)
c:/program files/atollic/truestudio for stm32 9.0.1/armtools/bin/../lib/gcc/arm-atollic-eabi/6.3.1/../../../../arm-atollic-eabi/lib/armv7-m\libc_nano.a(lib_a-puts.o)
                              Src\console.o (puts)
c:/program files/atollic/truestudio for stm32 9.0.1/armtools/bin/../lib/gcc/arm-atollic-eabi/6.3.1/../../../../arm-atollic-eabi/lib/armv7-m\libc_nano.a(lib_a-strcasecmp.o)
                              Src\console.o (strcasecmp)
c:/program files/atollic/truestudio for stm32 9.0.1/armtools/bin/../lib/gcc/arm-atollic-eabi/6.3.1/../../../../arm-atollic-eabi/lib/armv7-m\libc_nano.a(lib_a-strcat.o)
                              Src\console_cmd.o (strcat)
c:/program files/atollic/truestudio for stm32 9.0.1/armtools/bin/../lib/gcc/arm-atollic-eabi/6.3.1/../../../../arm-atollic-eabi/lib/armv7-m\libc_nano.a(lib_a-strlen.o)
                              Src\console.o (strlen)
c:/program files/atollic/truestudio for stm32 9.0.1/armtools/bin/../lib/gcc/arm-atollic-eabi/6.3.1/../../../../arm-atollic-eabi/lib/armv7-m\libc_nano.a(lib_a-strncpy.o)
                              Src\console_cmd.o (strncpy)
c:/program files/atollic/truestudio for stm32 9.0.1/armtools/bin/../lib/gcc/arm-atollic-eabi/6.3.1/../../../../arm-atollic-eabi/lib/armv7-m\libc_nano.a(lib_a-strstr.o)
                              Src\console.o (strstr)
c:/program files/atollic/truestudio for stm32 9.0.1/armtools/bin/../lib/gcc/arm-atollic-eabi/6.3.1/../../../../arm-atollic-eabi/lib/armv7-m\libc_nano.a(lib_a-utoa.o)
                              c:/program files/atollic/truestudio for stm32 9.0.1/armtools/bin/../lib/gcc/arm-atollic-eabi/6.3.1/../../../../arm-atollic-eabi/lib/armv7-m\libc_nano.a(lib_a-itoa.o) (__utoa)
c:/program files/atollic/truestudio for stm32 9.0.1/armtools/bin/../lib/gcc/arm-atollic-eabi/6.3.1/../../../../arm-atollic-eabi/lib/armv7-m\libc_nano.a(lib_a-vprintf.o)
                              Src\console.o (vprintf)
c:/program files/atollic/truestudio for stm32 9.0.1/armtools/bin/../lib/gcc/arm-atollic-eabi/6.3.1/../../../../arm-atollic-eabi/lib/armv7-m\libc_nano.a(lib_a-wbuf.o)
                              c:/program files/atollic/truestudio for stm32 9.0.1/armtools/bin/../lib/gcc/arm-atollic-eabi/6.3.1/../../../../arm-atollic-eabi/lib/armv7-m\libc_nano.a(lib_a-puts.o) (__swbuf_r)
c:/program files/atollic/truestudio for stm32 9.0.1/armtools/bin/../lib/gcc/arm-atollic-eabi/6.3.1/../../../../arm-atollic-eabi/lib/armv7-m\libc_nano.a(lib_a-wsetup.o)
                              c:/program files/atollic/truestudio for stm32 9.0.1/armtools/bin/../lib/gcc/arm-atollic-eabi/6.3.1/../../../../arm-atollic-eabi/lib/armv7-m\libc_nano.a(lib_a-puts.o) (__swsetup_r)
c:/program files/atollic/truestudio for stm32 9.0.1/armtools/bin/../lib/gcc/arm-atollic-eabi/6.3.1/../../../../arm-atollic-eabi/lib/armv7-m\libc_nano.a(lib_a-fflush.o)
                              c:/program files/atollic/truestudio for stm32 9.0.1/armtools/bin/../lib/gcc/arm-atollic-eabi/6.3.1/../../../../arm-atollic-eabi/lib/armv7-m\libc_nano.a(lib_a-wbuf.o) (_fflush_r)
c:/program files/atollic/truestudio for stm32 9.0.1/armtools/bin/../lib/gcc/arm-atollic-eabi/6.3.1/../../../../arm-atollic-eabi/lib/armv7-m\libc_nano.a(lib_a-findfp.o)
                              c:/program files/atollic/truestudio for stm32 9.0.1/armtools/bin/../lib/gcc/arm-atollic-eabi/6.3.1/../../../../arm-atollic-eabi/lib/armv7-m\libc_nano.a(lib_a-printf.o) (__sinit)
[...]
Memory Configuration

Name             Origin             Length             Attributes
RAM              0x20000000         0x00010000         xrw
FLASH            0x08000000         0x00080000         xr
*default*        0x00000000         0xffffffff

Linker script and memory map

LOAD c:/program files/atollic/truestudio for stm32 9.0.1/armtools/bin/../lib/gcc/arm-atollic-eabi/6.3.1/armv7-m/crti.o
LOAD c:/program files/atollic/truestudio for stm32 9.0.1/armtools/bin/../lib/gcc/arm-atollic-eabi/6.3.1/armv7-m/crtbegin.o
LOAD Drivers\CMSIS\Device\ST\STM32F1xx\Source\Templates\gcc\startup_stm32f103xe.o
LOAD Drivers\STM32F1xx_HAL_Driver\Src\stm32f1xx_hal.o
LOAD Drivers\STM32F1xx_HAL_Driver\Src\stm32f1xx_hal_adc.o
LOAD Drivers\STM32F1xx_HAL_Driver\Src\stm32f1xx_hal_adc_ex.o
LOAD Drivers\STM32F1xx_HAL_Driver\Src\stm32f1xx_hal_cortex.o
LOAD Drivers\STM32F1xx_HAL_Driver\Src\stm32f1xx_hal_dma.o
LOAD Drivers\STM32F1xx_HAL_Driver\Src\stm32f1xx_hal_flash.o
LOAD Drivers\STM32F1xx_HAL_Driver\Src\stm32f1xx_hal_flash_ex.o
LOAD Drivers\STM32F1xx_HAL_Driver\Src\stm32f1xx_hal_gpio.o
LOAD Drivers\STM32F1xx_HAL_Driver\Src\stm32f1xx_hal_gpio_ex.o
LOAD Drivers\STM32F1xx_HAL_Driver\Src\stm32f1xx_hal_i2c.o
LOAD Drivers\STM32F1xx_HAL_Driver\Src\stm32f1xx_hal_pcd.o
LOAD Drivers\STM32F1xx_HAL_Driver\Src\stm32f1xx_hal_pcd_ex.o
LOAD Drivers\STM32F1xx_HAL_Driver\Src\stm32f1xx_hal_pwr.o
LOAD Drivers\STM32F1xx_HAL_Driver\Src\stm32f1xx_hal_rcc.o
LOAD Drivers\STM32F1xx_HAL_Driver\Src\stm32f1xx_hal_rcc_ex.o
LOAD Drivers\STM32F1xx_HAL_Driver\Src\stm32f1xx_hal_tim.o
LOAD Drivers\STM32F1xx_HAL_Driver\Src\stm32f1xx_hal_tim_ex.o
LOAD Drivers\STM32F1xx_HAL_Driver\Src\stm32f1xx_ll_usb.o
LOAD Middlewares\ST\STM32_USB_Device_Library\Class\CDC\Src\usbd_cdc.o
LOAD Middlewares\ST\STM32_USB_Device_Library\Core\Src\usbd_core.o
LOAD Middlewares\ST\STM32_USB_Device_Library\Core\Src\usbd_ctlreq.o
LOAD Middlewares\ST\STM32_USB_Device_Library\Core\Src\usbd_ioreq.o
LOAD Middlewares\Third_Party\FreeRTOS\Source\CMSIS_RTOS\cmsis_os.o
LOAD Middlewares\Third_Party\FreeRTOS\Source\croutine.o
LOAD Middlewares\Third_Party\FreeRTOS\Source\event_groups.o
LOAD Middlewares\Third_Party\FreeRTOS\Source\list.o
LOAD Middlewares\Third_Party\FreeRTOS\Source\portable\GCC\ARM_CM3\port.o
LOAD Middlewares\Third_Party\FreeRTOS\Source\portable\MemMang\heap_4.o
LOAD Middlewares\Third_Party\FreeRTOS\Source\queue.o
LOAD Middlewares\Third_Party\FreeRTOS\Source\tasks.o
LOAD Middlewares\Third_Party\FreeRTOS\Source\timers.o
LOAD Src\adc.o
LOAD Src\console.o
LOAD Src\console_cmd.o
LOAD Src\freertos.o
LOAD Src\i2c.o
LOAD Src\l3gd20.o
LOAD Src\lsm303dlhc.o
LOAD Src\main.o
LOAD Src\sensors.o
LOAD Src\stm32f1xx_hal_msp.o
LOAD Src\stm32f1xx_it.o
LOAD Src\syscalls.o
LOAD Src\system_stm32f1xx.o
LOAD Src\usb_device.o
LOAD Src\usbd_cdc_if.o
LOAD Src\usbd_conf.o
LOAD Src\usbd_desc.o
LOAD microrl_lib\microrl.o
                0x00000080                malloc_getpagesize_P = 0x80
START GROUP
LOAD c:/program files/atollic/truestudio for stm32 9.0.1/armtools/bin/../lib/gcc/arm-atollic-eabi/6.3.1/../../../../arm-atollic-eabi/lib/armv7-m\libc_nano.a
LOAD c:/program files/atollic/truestudio for stm32 9.0.1/armtools/bin/../lib/gcc/arm-atollic-eabi/6.3.1/../../../../arm-atollic-eabi/lib/armv7-m\libm.a
END GROUP
START GROUP
LOAD c:/program files/atollic/truestudio for stm32 9.0.1/armtools/bin/../lib/gcc/arm-atollic-eabi/6.3.1/armv7-m\libgcc.a
LOAD c:/program files/atollic/truestudio for stm32 9.0.1/armtools/bin/../lib/gcc/arm-atollic-eabi/6.3.1/../../../../arm-atollic-eabi/lib/armv7-m\libc_nano.a
END GROUP
START GROUP
LOAD c:/program files/atollic/truestudio for stm32 9.0.1/armtools/bin/../lib/gcc/arm-atollic-eabi/6.3.1/armv7-m\libgcc.a
LOAD c:/program files/atollic/truestudio for stm32 9.0.1/armtools/bin/../lib/gcc/arm-atollic-eabi/6.3.1/../../../../arm-atollic-eabi/lib/armv7-m\libc_nano.a
LOAD c:/program files/atollic/truestudio for stm32 9.0.1/armtools/bin/../lib/gcc/arm-atollic-eabi/6.3.1/../../../../arm-atollic-eabi/lib/armv7-m\libnosys.a
END GROUP
START GROUP
LOAD c:/program files/atollic/truestudio for stm32 9.0.1/armtools/bin/../lib/gcc/arm-atollic-eabi/6.3.1/armv7-m\libgcc.a
LOAD c:/program files/atollic/truestudio for stm32 9.0.1/armtools/bin/../lib/gcc/arm-atollic-eabi/6.3.1/../../../../arm-atollic-eabi/lib/armv7-m\libc_nano.a
LOAD c:/program files/atollic/truestudio for stm32 9.0.1/armtools/bin/../lib/gcc/arm-atollic-eabi/6.3.1/../../../../arm-atollic-eabi/lib/armv7-m\libnosys.a
END GROUP
LOAD c:/program files/atollic/truestudio for stm32 9.0.1/armtools/bin/../lib/gcc/arm-atollic-eabi/6.3.1/armv7-m/crtend.o
LOAD c:/program files/atollic/truestudio for stm32 9.0.1/armtools/bin/../lib/gcc/arm-atollic-eabi/6.3.1/armv7-m/crtn.o
                0x20010000                _estack = 0x20010000
                0x00000200                _Min_Heap_Size = 0x200
                0x00000400                _Min_Stack_Size = 0x400

.isr_vector     0x08000000      0x1e4
                0x08000000                . = ALIGN (0x4)
 *(.isr_vector)
 .isr_vector    0x08000000      0x1e4 Drivers\CMSIS\Device\ST\STM32F1xx\Source\Templates\gcc\startup_stm32f103xe.o
                0x08000000                g_pfnVectors
                0x080001e4                . = ALIGN (0x4)

.text           0x080001e4     0xb27c
                0x080001e4                . = ALIGN (0x4)
 *(.text)
 .text          0x080001e4       0x40 c:/program files/atollic/truestudio for stm32 9.0.1/armtools/bin/../lib/gcc/arm-atollic-eabi/6.3.1/armv7-m/crtbegin.o
 *(.text*)
 .text.Reset_Handler
                0x08000224       0x48 Drivers\CMSIS\Device\ST\STM32F1xx\Source\Templates\gcc\startup_stm32f103xe.o
                0x08000224                Reset_Handler
 .text.Default_Handler
                0x0800026c        0x2 Drivers\CMSIS\Device\ST\STM32F1xx\Source\Templates\gcc\startup_stm32f103xe.o
                0x0800026c                RTC_Alarm_IRQHandler
                0x0800026c                EXTI2_IRQHandler
                0x0800026c                TIM8_TRG_COM_IRQHandler
                0x0800026c                TIM8_CC_IRQHandler
                0x0800026c                TIM1_CC_IRQHandler
                0x0800026c                TIM6_IRQHandler
                0x0800026c                PVD_IRQHandler
                0x0800026c                SDIO_IRQHandler
                0x0800026c                EXTI3_IRQHandler
                0x0800026c                EXTI0_IRQHandler
                0x0800026c                I2C2_EV_IRQHandler
                0x0800026c                ADC1_2_IRQHandler
                0x0800026c                SPI1_IRQHandler
                0x0800026c                TAMPER_IRQHandler
                0x0800026c                TIM8_UP_IRQHandler
                0x0800026c                DMA2_Channel2_IRQHandler
                0x0800026c                DMA1_Channel4_IRQHandler
                0x0800026c                USART3_IRQHandler
                0x0800026c                RTC_IRQHandler
                0x0800026c                DMA1_Channel7_IRQHandler
                0x0800026c                CAN1_RX1_IRQHandler
                0x0800026c                UART5_IRQHandler
                0x0800026c                ADC3_IRQHandler
                0x0800026c                TIM4_IRQHandler
                0x0800026c                DMA2_Channel1_IRQHandler
                0x0800026c                I2C1_EV_IRQHandler
                0x0800026c                DMA1_Channel6_IRQHandler
                0x0800026c                UART4_IRQHandler
                0x0800026c                TIM3_IRQHandler
                0x0800026c                RCC_IRQHandler
                0x0800026c                TIM1_TRG_COM_IRQHandler
                0x0800026c                Default_Handler
                0x0800026c                EXTI15_10_IRQHandler
                0x0800026c                TIM7_IRQHandler
                0x0800026c                TIM5_IRQHandler
                0x0800026c                EXTI9_5_IRQHandler
                0x0800026c                SPI2_IRQHandler
                0x0800026c                DMA1_Channel5_IRQHandler
                0x0800026c                EXTI4_IRQHandler
                0x0800026c                USB_HP_CAN1_TX_IRQHandler
                0x0800026c                DMA1_Channel3_IRQHandler
                0x0800026c                FSMC_IRQHandler
                0x0800026c                TIM1_UP_IRQHandler
                0x0800026c                WWDG_IRQHandler
                0x0800026c                TIM2_IRQHandler
                0x0800026c                TIM1_BRK_IRQHandler
                0x0800026c                EXTI1_IRQHandler
                0x0800026c                DMA2_Channel4_5_IRQHandler
                0x0800026c                USART2_IRQHandler
                0x0800026c                I2C2_ER_IRQHandler
                0x0800026c                DMA1_Channel2_IRQHandler
                0x0800026c                TIM8_BRK_IRQHandler
                0x0800026c                CAN1_SCE_IRQHandler
                0x0800026c                FLASH_IRQHandler
                0x0800026c                USART1_IRQHandler
                0x0800026c                SPI3_IRQHandler
                0x0800026c                I2C1_ER_IRQHandler
                0x0800026c                USBWakeUp_IRQHandler
                0x0800026c                DMA2_Channel3_IRQHandler
 *fill*         0x0800026e        0x2 
 .text.HAL_Init
                0x08000270       0x2c Drivers\STM32F1xx_HAL_Driver\Src\stm32f1xx_hal.o
                0x08000270                HAL_Init
 .text.HAL_InitTick
                0x0800029c       0x38 Drivers\STM32F1xx_HAL_Driver\Src\stm32f1xx_hal.o
                0x0800029c                HAL_InitTick
 .text.HAL_IncTick
                0x080002d4       0x1c Drivers\STM32F1xx_HAL_Driver\Src\stm32f1xx_hal.o
                0x080002d4                HAL_IncTick
 .text.HAL_GetTick
                0x080002f0       0x14 Drivers\STM32F1xx_HAL_Driver\Src\stm32f1xx_hal.o
                0x080002f0                HAL_GetTick
 .text.HAL_Delay
                0x08000304       0x2c Drivers\STM32F1xx_HAL_Driver\Src\stm32f1xx_hal.o
                0x08000304                HAL_Delay
 .text.HAL_ADC_Init
                0x08000330      0x220 Drivers\STM32F1xx_HAL_Driver\Src\stm32f1xx_hal_adc.o
                0x08000330                HAL_ADC_Init
 .text.HAL_ADC_Start_DMA
                0x08000550      0x1bc Drivers\STM32F1xx_HAL_Driver\Src\stm32f1xx_hal_adc.o
                0x08000550                HAL_ADC_Start_DMA
 .text.HAL_ADC_ConvCpltCallback
                0x0800070c       0x12 Drivers\STM32F1xx_HAL_Driver\Src\stm32f1xx_hal_adc.o
                0x0800070c                HAL_ADC_ConvCpltCallback
 .text.HAL_ADC_ConvHalfCpltCallback
                0x0800071e       0x12 Drivers\STM32F1xx_HAL_Driver\Src\stm32f1xx_hal_adc.o
                0x0800071e                HAL_ADC_ConvHalfCpltCallback
 .text.HAL_ADC_ErrorCallback
                0x08000730       0x12 Drivers\STM32F1xx_HAL_Driver\Src\stm32f1xx_hal_adc.o
                0x08000730                HAL_ADC_ErrorCallback
 *fill*         0x08000742        0x2 
 .text.HAL_ADC_ConfigChannel
                0x08000744      0x2b8 Drivers\STM32F1xx_HAL_Driver\Src\stm32f1xx_hal_adc.o
                0x08000744                HAL_ADC_ConfigChannel
 .text.ADC_Enable
                0x080009fc       0xa4 Drivers\STM32F1xx_HAL_Driver\Src\stm32f1xx_hal_adc.o
                0x080009fc                ADC_Enable
 .text.ADC_ConversionStop_Disable
                0x08000aa0       0x74 Drivers\STM32F1xx_HAL_Driver\Src\stm32f1xx_hal_adc.o
                0x08000aa0                ADC_ConversionStop_Disable
 .text.ADC_DMAConvCplt
                0x08000b14       0x7c Drivers\STM32F1xx_HAL_Driver\Src\stm32f1xx_hal_adc.o
                0x08000b14                ADC_DMAConvCplt
 .text.ADC_DMAHalfConvCplt
                0x08000b90       0x1c Drivers\STM32F1xx_HAL_Driver\Src\stm32f1xx_hal_adc.o
                0x08000b90                ADC_DMAHalfConvCplt
 .text.ADC_DMAError
                0x08000bac       0x34 Drivers\STM32F1xx_HAL_Driver\Src\stm32f1xx_hal_adc.o
                0x08000bac                ADC_DMAError
 .text.HAL_ADCEx_Calibration_Start
                0x08000be0      0x138 Drivers\STM32F1xx_HAL_Driver\Src\stm32f1xx_hal_adc_ex.o
                0x08000be0                HAL_ADCEx_Calibration_Start
 .text.NVIC_SetPriorityGrouping
                0x08000d18       0x48 Drivers\STM32F1xx_HAL_Driver\Src\stm32f1xx_hal_cortex.o
 .text.NVIC_GetPriorityGrouping
                0x08000d60       0x1c Drivers\STM32F1xx_HAL_Driver\Src\stm32f1xx_hal_cortex.o
 .text.NVIC_EnableIRQ
                0x08000d7c       0x30 Drivers\STM32F1xx_HAL_Driver\Src\stm32f1xx_hal_cortex.o
 .text.NVIC_SetPriority
                0x08000dac       0x54 Drivers\STM32F1xx_HAL_Driver\Src\stm32f1xx_hal_cortex.o
 .text.NVIC_EncodePriority
                0x08000e00       0x60 Drivers\STM32F1xx_HAL_Driver\Src\stm32f1xx_hal_cortex.o
 .text.SysTick_Config
                0x08000e60       0x44 Drivers\STM32F1xx_HAL_Driver\Src\stm32f1xx_hal_cortex.o
 .text.HAL_NVIC_SetPriorityGrouping
                0x08000ea4       0x16 Drivers\STM32F1xx_HAL_Driver\Src\stm32f1xx_hal_cortex.o
                0x08000ea4                HAL_NVIC_SetPriorityGrouping
 .text.HAL_NVIC_SetPriority
                0x08000eba       0x38 Drivers\STM32F1xx_HAL_Driver\Src\stm32f1xx_hal_cortex.o
                0x08000eba                HAL_NVIC_SetPriority
 .text.HAL_NVIC_EnableIRQ
                0x08000ef2       0x1c Drivers\STM32F1xx_HAL_Driver\Src\stm32f1xx_hal_cortex.o
                0x08000ef2                HAL_NVIC_EnableIRQ
 .text.HAL_SYSTICK_Config
                0x08000f0e       0x18 Drivers\STM32F1xx_HAL_Driver\Src\stm32f1xx_hal_cortex.o
                0x08000f0e                HAL_SYSTICK_Config
 *fill*         0x08000f26        0x2 
 .text.HAL_SYSTICK_CLKSourceConfig
                0x08000f28       0x38 Drivers\STM32F1xx_HAL_Driver\Src\stm32f1xx_hal_cortex.o
                0x08000f28                HAL_SYSTICK_CLKSourceConfig
 .text.HAL_DMA_Init
                0x08000f60       0x94 Drivers\STM32F1xx_HAL_Driver\Src\stm32f1xx_hal_dma.o
                0x08000f60                HAL_DMA_Init
 .text.HAL_DMA_Start_IT
                0x08000ff4       0x92 Drivers\STM32F1xx_HAL_Driver\Src\stm32f1xx_hal_dma.o
                0x08000ff4                HAL_DMA_Start_IT
 *fill*         0x08001086        0x2 
 .text.HAL_DMA_IRQHandler
                0x08001088      0xbc4 Drivers\STM32F1xx_HAL_Driver\Src\stm32f1xx_hal_dma.o
                0x08001088                HAL_DMA_IRQHandler
 .text.DMA_SetConfig
                0x08001c4c       0x4a Drivers\STM32F1xx_HAL_Driver\Src\stm32f1xx_hal_dma.o
 *fill*         0x08001c96        0x2 
 .text.HAL_GPIO_Init
                0x08001c98      0x2dc Drivers\STM32F1xx_HAL_Driver\Src\stm32f1xx_hal_gpio.o
                0x08001c98                HAL_GPIO_Init
 .text.HAL_GPIO_WritePin
                0x08001f74       0x30 Drivers\STM32F1xx_HAL_Driver\Src\stm32f1xx_hal_gpio.o
                0x08001f74                HAL_GPIO_WritePin
 .text.HAL_GPIO_TogglePin
                0x08001fa4       0x22 Drivers\STM32F1xx_HAL_Driver\Src\stm32f1xx_hal_gpio.o
                0x08001fa4                HAL_GPIO_TogglePin
 *fill*         0x08001fc6        0x2 
 .text.HAL_I2C_Init
                0x08001fc8      0x10c Drivers\STM32F1xx_HAL_Driver\Src\stm32f1xx_hal_i2c.o
                0x08001fc8                HAL_I2C_Init
 .text.HAL_I2C_Mem_Write
                0x080020d4      0x19c Drivers\STM32F1xx_HAL_Driver\Src\stm32f1xx_hal_i2c.o
                0x080020d4                HAL_I2C_Mem_Write
 .text.HAL_I2C_Mem_Read
                0x08002270      0x32c Drivers\STM32F1xx_HAL_Driver\Src\stm32f1xx_hal_i2c.o
                0x08002270                HAL_I2C_Mem_Read
 .text.I2C_RequestMemoryWrite
                0x0800259c      0x118 Drivers\STM32F1xx_HAL_Driver\Src\stm32f1xx_hal_i2c.o
 .text.I2C_RequestMemoryRead
                0x080026b4      0x1ac Drivers\STM32F1xx_HAL_Driver\Src\stm32f1xx_hal_i2c.o
 .text.I2C_Configure_Speed
                0x08002860       0x9c Drivers\STM32F1xx_HAL_Driver\Src\stm32f1xx_hal_i2c.o
 .text.I2C_WaitOnFlagUntilTimeout
                0x080028fc      0x112 Drivers\STM32F1xx_HAL_Driver\Src\stm32f1xx_hal_i2c.o
 .text.I2C_WaitOnMasterAddressFlagUntilTimeout
                0x08002a0e       0xde Drivers\STM32F1xx_HAL_Driver\Src\stm32f1xx_hal_i2c.o
 .text.I2C_WaitOnTXEFlagUntilTimeout
                0x08002aec       0x78 Drivers\STM32F1xx_HAL_Driver\Src\stm32f1xx_hal_i2c.o
 .text.I2C_WaitOnRXNEFlagUntilTimeout
                0x08002b64       0x9c Drivers\STM32F1xx_HAL_Driver\Src\stm32f1xx_hal_i2c.o
 .text.I2C_IsAcknowledgeFailed
                0x08002c00       0x4e Drivers\STM32F1xx_HAL_Driver\Src\stm32f1xx_hal_i2c.o
 .text.HAL_PCD_Init
                0x08002c4e      0x1b4 Drivers\STM32F1xx_HAL_Driver\Src\stm32f1xx_hal_pcd.o
                0x08002c4e                HAL_PCD_Init
 .text.HAL_PCD_Start
                0x08002e02       0x4c Drivers\STM32F1xx_HAL_Driver\Src\stm32f1xx_hal_pcd.o
                0x08002e02                HAL_PCD_Start
 .text.HAL_PCD_IRQHandler
                0x08002e4e      0x202 Drivers\STM32F1xx_HAL_Driver\Src\stm32f1xx_hal_pcd.o
                0x08002e4e                HAL_PCD_IRQHandler
 .text.HAL_PCD_SetAddress
                0x08003050       0x4a Drivers\STM32F1xx_HAL_Driver\Src\stm32f1xx_hal_pcd.o
                0x08003050                HAL_PCD_SetAddress
 .text.HAL_PCD_EP_Open
                0x0800309a       0xaa Drivers\STM32F1xx_HAL_Driver\Src\stm32f1xx_hal_pcd.o
                0x0800309a                HAL_PCD_EP_Open
 .text.HAL_PCD_EP_Close
                0x08003144       0x8c Drivers\STM32F1xx_HAL_Driver\Src\stm32f1xx_hal_pcd.o
                0x08003144                HAL_PCD_EP_Close
 .text.HAL_PCD_EP_Receive
                0x080031d0       0x96 Drivers\STM32F1xx_HAL_Driver\Src\stm32f1xx_hal_pcd.o
                0x080031d0                HAL_PCD_EP_Receive
 .text.HAL_PCD_EP_GetRxCount
                0x08003266       0x2a Drivers\STM32F1xx_HAL_Driver\Src\stm32f1xx_hal_pcd.o
                0x08003266                HAL_PCD_EP_GetRxCount
 .text.HAL_PCD_EP_Transmit
                0x08003290       0x94 Drivers\STM32F1xx_HAL_Driver\Src\stm32f1xx_hal_pcd.o
                0x08003290                HAL_PCD_EP_Transmit
 .text.HAL_PCD_EP_SetStall
                0x08003324       0xaa Drivers\STM32F1xx_HAL_Driver\Src\stm32f1xx_hal_pcd.o
                0x08003324                HAL_PCD_EP_SetStall
 .text.HAL_PCD_EP_ClrStall
                0x080033ce       0x8e Drivers\STM32F1xx_HAL_Driver\Src\stm32f1xx_hal_pcd.o
                0x080033ce                HAL_PCD_EP_ClrStall
 .text.PCD_EP_ISR_Handler
                0x0800345c      0x66c Drivers\STM32F1xx_HAL_Driver\Src\stm32f1xx_hal_pcd.o
 .text.HAL_PCDEx_PMAConfig
                0x08003ac8       0x7c Drivers\STM32F1xx_HAL_Driver\Src\stm32f1xx_hal_pcd_ex.o
                0x08003ac8                HAL_PCDEx_PMAConfig
 .text.HAL_RCC_OscConfig
                0x08003b44      0xc3c Drivers\STM32F1xx_HAL_Driver\Src\stm32f1xx_hal_rcc.o
                0x08003b44                HAL_RCC_OscConfig
 .text.HAL_RCC_ClockConfig
                0x08004780      0x314 Drivers\STM32F1xx_HAL_Driver\Src\stm32f1xx_hal_rcc.o
                0x08004780                HAL_RCC_ClockConfig
 .text.HAL_RCC_GetSysClockFreq
                0x08004a94       0xf0 Drivers\STM32F1xx_HAL_Driver\Src\stm32f1xx_hal_rcc.o
                0x08004a94                HAL_RCC_GetSysClockFreq
 .text.HAL_RCC_GetHCLKFreq
                0x08004b84       0x14 Drivers\STM32F1xx_HAL_Driver\Src\stm32f1xx_hal_rcc.o
                0x08004b84                HAL_RCC_GetHCLKFreq
 .text.HAL_RCC_GetPCLK1Freq
                0x08004b98       0x44 Drivers\STM32F1xx_HAL_Driver\Src\stm32f1xx_hal_rcc.o
                0x08004b98                HAL_RCC_GetPCLK1Freq
 .text.HAL_RCC_GetPCLK2Freq
                0x08004bdc       0x44 Drivers\STM32F1xx_HAL_Driver\Src\stm32f1xx_hal_rcc.o
                0x08004bdc                HAL_RCC_GetPCLK2Freq
 .text.HAL_RCCEx_PeriphCLKConfig
                0x08004c20      0x1c8 Drivers\STM32F1xx_HAL_Driver\Src\stm32f1xx_hal_rcc_ex.o
                0x08004c20                HAL_RCCEx_PeriphCLKConfig
 .text.HAL_RCCEx_GetPeriphCLKFreq
                0x08004de8      0x214 Drivers\STM32F1xx_HAL_Driver\Src\stm32f1xx_hal_rcc_ex.o
                0x08004de8                HAL_RCCEx_GetPeriphCLKFreq
 .text.HAL_TIM_Base_Init
                0x08004ffc       0x56 Drivers\STM32F1xx_HAL_Driver\Src\stm32f1xx_hal_tim.o
                0x08004ffc                HAL_TIM_Base_Init
 .text.HAL_TIM_PWM_Init
                0x08005052       0x56 Drivers\STM32F1xx_HAL_Driver\Src\stm32f1xx_hal_tim.o
                0x08005052                HAL_TIM_PWM_Init
 .text.HAL_TIM_PWM_MspInit
                0x080050a8       0x12 Drivers\STM32F1xx_HAL_Driver\Src\stm32f1xx_hal_tim.o
                0x080050a8                HAL_TIM_PWM_MspInit
 *fill*         0x080050ba        0x2 
 .text.HAL_TIM_PWM_ConfigChannel
                0x080050bc      0x18c Drivers\STM32F1xx_HAL_Driver\Src\stm32f1xx_hal_tim.o
                0x080050bc                HAL_TIM_PWM_ConfigChannel
 .text.HAL_TIM_ConfigClockSource
                0x08005248      0x1b6 Drivers\STM32F1xx_HAL_Driver\Src\stm32f1xx_hal_tim.o
                0x08005248                HAL_TIM_ConfigClockSource
 *fill*         0x080053fe        0x2 
 .text.TIM_Base_SetConfig
                0x08005400       0xec Drivers\STM32F1xx_HAL_Driver\Src\stm32f1xx_hal_tim.o
                0x08005400                TIM_Base_SetConfig
 .text.TIM_OC1_SetConfig
                0x080054ec       0xec Drivers\STM32F1xx_HAL_Driver\Src\stm32f1xx_hal_tim.o
 .text.TIM_OC2_SetConfig
                0x080055d8       0xf4 Drivers\STM32F1xx_HAL_Driver\Src\stm32f1xx_hal_tim.o
                0x080055d8                TIM_OC2_SetConfig
 .text.TIM_OC3_SetConfig
                0x080056cc       0xf4 Drivers\STM32F1xx_HAL_Driver\Src\stm32f1xx_hal_tim.o
 .text.TIM_OC4_SetConfig
                0x080057c0       0xb4 Drivers\STM32F1xx_HAL_Driver\Src\stm32f1xx_hal_tim.o
 .text.TIM_TI1_ConfigInputStage
                0x08005874       0x64 Drivers\STM32F1xx_HAL_Driver\Src\stm32f1xx_hal_tim.o
 .text.TIM_TI2_ConfigInputStage
                0x080058d8       0x66 Drivers\STM32F1xx_HAL_Driver\Src\stm32f1xx_hal_tim.o
 .text.TIM_ITRx_SetConfig
                0x0800593e       0x3e Drivers\STM32F1xx_HAL_Driver\Src\stm32f1xx_hal_tim.o
 .text.TIM_ETR_SetConfig
                0x0800597c       0x42 Drivers\STM32F1xx_HAL_Driver\Src\stm32f1xx_hal_tim.o
 .text.HAL_TIMEx_PWMN_Start
                0x080059be       0x42 Drivers\STM32F1xx_HAL_Driver\Src\stm32f1xx_hal_tim_ex.o
                0x080059be                HAL_TIMEx_PWMN_Start
 .text.HAL_TIMEx_ConfigBreakDeadTime
                0x08005a00       0x72 Drivers\STM32F1xx_HAL_Driver\Src\stm32f1xx_hal_tim_ex.o
                0x08005a00                HAL_TIMEx_ConfigBreakDeadTime
 .text.HAL_TIMEx_MasterConfigSynchronization
                0x08005a72       0x88 Drivers\STM32F1xx_HAL_Driver\Src\stm32f1xx_hal_tim_ex.o
                0x08005a72                HAL_TIMEx_MasterConfigSynchronization
 .text.TIM_CCxNChannelCmd
                0x08005afa       0x44 Drivers\STM32F1xx_HAL_Driver\Src\stm32f1xx_hal_tim_ex.o
 .text.USB_CoreInit
                0x08005b3e       0x20 Drivers\STM32F1xx_HAL_Driver\Src\stm32f1xx_ll_usb.o
                0x08005b3e                USB_CoreInit
 .text.USB_EnableGlobalInt
                0x08005b5e       0x34 Drivers\STM32F1xx_HAL_Driver\Src\stm32f1xx_ll_usb.o
                0x08005b5e                USB_EnableGlobalInt
 .text.USB_DisableGlobalInt
                0x08005b92       0x38 Drivers\STM32F1xx_HAL_Driver\Src\stm32f1xx_ll_usb.o
                0x08005b92                USB_DisableGlobalInt
 .text.USB_SetCurrentMode
                0x08005bca       0x18 Drivers\STM32F1xx_HAL_Driver\Src\stm32f1xx_ll_usb.o
                0x08005bca                USB_SetCurrentMode
 .text.USB_DevInit
                0x08005be2       0x40 Drivers\STM32F1xx_HAL_Driver\Src\stm32f1xx_ll_usb.o
                0x08005be2                USB_DevInit
 *fill*         0x08005c22        0x2 
 .text.USB_ActivateEndpoint
                0x08005c24      0x590 Drivers\STM32F1xx_HAL_Driver\Src\stm32f1xx_ll_usb.o
                0x08005c24                USB_ActivateEndpoint
 .text.USB_DeactivateEndpoint
                0x080061b4      0x310 Drivers\STM32F1xx_HAL_Driver\Src\stm32f1xx_ll_usb.o
                0x080061b4                USB_DeactivateEndpoint
 .text.USB_EPStartXfer
                0x080064c4      0x51c Drivers\STM32F1xx_HAL_Driver\Src\stm32f1xx_ll_usb.o
                0x080064c4                USB_EPStartXfer
 .text.USB_EPSetStall
                0x080069e0       0xc0 Drivers\STM32F1xx_HAL_Driver\Src\stm32f1xx_ll_usb.o
                0x080069e0                USB_EPSetStall
 .text.USB_EPClearStall
                0x08006aa0      0x114 Drivers\STM32F1xx_HAL_Driver\Src\stm32f1xx_ll_usb.o
                0x08006aa0                USB_EPClearStall
 .text.USB_SetDevAddress
                0x08006bb4       0x26 Drivers\STM32F1xx_HAL_Driver\Src\stm32f1xx_ll_usb.o
                0x08006bb4                USB_SetDevAddress
 .text.USB_DevConnect
                0x08006bda       0x14 Drivers\STM32F1xx_HAL_Driver\Src\stm32f1xx_ll_usb.o
                0x08006bda                USB_DevConnect
 .text.USB_DevDisconnect
                0x08006bee       0x14 Drivers\STM32F1xx_HAL_Driver\Src\stm32f1xx_ll_usb.o
                0x08006bee                USB_DevDisconnect
 .text.USB_ReadInterrupts
                0x08006c02       0x22 Drivers\STM32F1xx_HAL_Driver\Src\stm32f1xx_ll_usb.o
                0x08006c02                USB_ReadInterrupts
 .text.USB_EP0_OutStart
                0x08006c24       0x16 Drivers\STM32F1xx_HAL_Driver\Src\stm32f1xx_ll_usb.o
                0x08006c24                USB_EP0_OutStart
 .text.USB_WritePMA
                0x08006c3a       0x8c Drivers\STM32F1xx_HAL_Driver\Src\stm32f1xx_ll_usb.o
                0x08006c3a                USB_WritePMA
 .text.USB_ReadPMA
                0x08006cc6       0x6a Drivers\STM32F1xx_HAL_Driver\Src\stm32f1xx_ll_usb.o
                0x08006cc6                USB_ReadPMA
 .text.USBD_CDC_Init
                0x08006d30       0xd2 Middlewares\ST\STM32_USB_Device_Library\Class\CDC\Src\usbd_cdc.o
 .text.USBD_CDC_DeInit
                0x08006e02       0x5a Middlewares\ST\STM32_USB_Device_Library\Class\CDC\Src\usbd_cdc.o
 .text.USBD_CDC_Setup
                0x08006e5c       0xbc Middlewares\ST\STM32_USB_Device_Library\Class\CDC\Src\usbd_cdc.o
 .text.USBD_CDC_DataIn
                0x08006f18       0x36 Middlewares\ST\STM32_USB_Device_Library\Class\CDC\Src\usbd_cdc.o
 .text.USBD_CDC_DataOut
                0x08006f4e       0x56 Middlewares\ST\STM32_USB_Device_Library\Class\CDC\Src\usbd_cdc.o
 .text.USBD_CDC_EP0_RxReady
                0x08006fa4       0x50 Middlewares\ST\STM32_USB_Device_Library\Class\CDC\Src\usbd_cdc.o
 .text.USBD_CDC_GetFSCfgDesc
                0x08006ff4       0x20 Middlewares\ST\STM32_USB_Device_Library\Class\CDC\Src\usbd_cdc.o
 .text.USBD_CDC_GetHSCfgDesc
                0x08007014       0x20 Middlewares\ST\STM32_USB_Device_Library\Class\CDC\Src\usbd_cdc.o
 .text.USBD_CDC_GetOtherSpeedCfgDesc
                0x08007034       0x20 Middlewares\ST\STM32_USB_Device_Library\Class\CDC\Src\usbd_cdc.o
 .text.USBD_CDC_GetDeviceQualifierDescriptor
                0x08007054       0x20 Middlewares\ST\STM32_USB_Device_Library\Class\CDC\Src\usbd_cdc.o
                0x08007054                USBD_CDC_GetDeviceQualifierDescriptor
 .text.USBD_CDC_RegisterInterface
                0x08007074       0x2c Middlewares\ST\STM32_USB_Device_Library\Class\CDC\Src\usbd_cdc.o
                0x08007074                USBD_CDC_RegisterInterface
 .text.USBD_CDC_SetTxBuffer
                0x080070a0       0x32 Middlewares\ST\STM32_USB_Device_Library\Class\CDC\Src\usbd_cdc.o
                0x080070a0                USBD_CDC_SetTxBuffer
 .text.USBD_CDC_SetRxBuffer
                0x080070d2       0x26 Middlewares\ST\STM32_USB_Device_Library\Class\CDC\Src\usbd_cdc.o
                0x080070d2                USBD_CDC_SetRxBuffer
 .text.USBD_CDC_ReceivePacket
                0x080070f8       0x54 Middlewares\ST\STM32_USB_Device_Library\Class\CDC\Src\usbd_cdc.o
                0x080070f8                USBD_CDC_ReceivePacket
 .text.USBD_Init
                0x0800714c       0x56 Middlewares\ST\STM32_USB_Device_Library\Core\Src\usbd_core.o
                0x0800714c                USBD_Init
 .text.USBD_RegisterClass
                0x080071a2       0x32 Middlewares\ST\STM32_USB_Device_Library\Core\Src\usbd_core.o
                0x080071a2                USBD_RegisterClass
 .text.USBD_Start
                0x080071d4       0x18 Middlewares\ST\STM32_USB_Device_Library\Core\Src\usbd_core.o
                0x080071d4                USBD_Start
 .text.USBD_RunTestMode
                0x080071ec       0x14 Middlewares\ST\STM32_USB_Device_Library\Core\Src\usbd_core.o
                0x080071ec                USBD_RunTestMode
 .text.USBD_SetClassConfig
                0x08007200       0x3e Middlewares\ST\STM32_USB_Device_Library\Core\Src\usbd_core.o
                0x08007200                USBD_SetClassConfig
 .text.USBD_ClrClassConfig
                0x0800723e       0x26 Middlewares\ST\STM32_USB_Device_Library\Core\Src\usbd_core.o
                0x0800723e                USBD_ClrClassConfig
 .text.USBD_LL_SetupStage
                0x08007264       0x94 Middlewares\ST\STM32_USB_Device_Library\Core\Src\usbd_core.o
                0x08007264                USBD_LL_SetupStage
 .text.USBD_LL_DataOutStage
                0x080072f8       0xb6 Middlewares\ST\STM32_USB_Device_Library\Core\Src\usbd_core.o
                0x080072f8                USBD_LL_DataOutStage
 .text.USBD_LL_DataInStage
                0x080073ae      0x11e Middlewares\ST\STM32_USB_Device_Library\Core\Src\usbd_core.o
                0x080073ae                USBD_LL_DataInStage
 .text.USBD_LL_Reset
                0x080074cc       0x5e Middlewares\ST\STM32_USB_Device_Library\Core\Src\usbd_core.o
                0x080074cc                USBD_LL_Reset
 .text.USBD_LL_SetSpeed
                0x0800752a       0x1e Middlewares\ST\STM32_USB_Device_Library\Core\Src\usbd_core.o
                0x0800752a                USBD_LL_SetSpeed
 .text.USBD_LL_Suspend
                0x08007548       0x28 Middlewares\ST\STM32_USB_Device_Library\Core\Src\usbd_core.o
                0x08007548                USBD_LL_Suspend
 .text.USBD_LL_Resume
                0x08007570       0x20 Middlewares\ST\STM32_USB_Device_Library\Core\Src\usbd_core.o
                0x08007570                USBD_LL_Resume
 .text.USBD_LL_SOF
                0x08007590       0x34 Middlewares\ST\STM32_USB_Device_Library\Core\Src\usbd_core.o
                0x08007590                USBD_LL_SOF
 .text.USBD_StdDevReq
                0x080075c4       0xa0 Middlewares\ST\STM32_USB_Device_Library\Core\Src\usbd_ctlreq.o
                0x080075c4                USBD_StdDevReq
 .text.USBD_StdItfReq
                0x08007664       0x66 Middlewares\ST\STM32_USB_Device_Library\Core\Src\usbd_ctlreq.o
                0x08007664                USBD_StdItfReq
 .text.USBD_StdEPReq
                0x080076ca      0x1b0 Middlewares\ST\STM32_USB_Device_Library\Core\Src\usbd_ctlreq.o
                0x080076ca                USBD_StdEPReq
 *fill*         0x0800787a        0x2 
 .text.USBD_GetDescriptor
                0x0800787c      0x1e8 Middlewares\ST\STM32_USB_Device_Library\Core\Src\usbd_ctlreq.o
 .text.USBD_SetAddress
                0x08007a64       0x7c Middlewares\ST\STM32_USB_Device_Library\Core\Src\usbd_ctlreq.o
 .text.USBD_SetConfig
                0x08007ae0      0x110 Middlewares\ST\STM32_USB_Device_Library\Core\Src\usbd_ctlreq.o
 .text.USBD_GetConfig
                0x08007bf0       0x64 Middlewares\ST\STM32_USB_Device_Library\Core\Src\usbd_ctlreq.o
 .text.USBD_GetStatus
                0x08007c54       0x54 Middlewares\ST\STM32_USB_Device_Library\Core\Src\usbd_ctlreq.o
 .text.USBD_SetFeature
                0x08007ca8       0x36 Middlewares\ST\STM32_USB_Device_Library\Core\Src\usbd_ctlreq.o
 .text.USBD_ClrFeature
                0x08007cde       0x50 Middlewares\ST\STM32_USB_Device_Library\Core\Src\usbd_ctlreq.o
 .text.USBD_ParseSetupRequest
                0x08007d2e       0x78 Middlewares\ST\STM32_USB_Device_Library\Core\Src\usbd_ctlreq.o
                0x08007d2e                USBD_ParseSetupRequest
 .text.USBD_CtlError
                0x08007da6       0x22 Middlewares\ST\STM32_USB_Device_Library\Core\Src\usbd_ctlreq.o
                0x08007da6                USBD_CtlError
 .text.USBD_GetString
                0x08007dc8       0x86 Middlewares\ST\STM32_USB_Device_Library\Core\Src\usbd_ctlreq.o
                0x08007dc8                USBD_GetString
 .text.USBD_GetLen
                0x08007e4e       0x2e Middlewares\ST\STM32_USB_Device_Library\Core\Src\usbd_ctlreq.o
 .text.USBD_CtlSendData
                0x08007e7c       0x38 Middlewares\ST\STM32_USB_Device_Library\Core\Src\usbd_ioreq.o
                0x08007e7c                USBD_CtlSendData
 .text.USBD_CtlContinueSendData
                0x08007eb4       0x24 Middlewares\ST\STM32_USB_Device_Library\Core\Src\usbd_ioreq.o
                0x08007eb4                USBD_CtlContinueSendData
 .text.USBD_CtlPrepareRx
                0x08007ed8       0x3c Middlewares\ST\STM32_USB_Device_Library\Core\Src\usbd_ioreq.o
                0x08007ed8                USBD_CtlPrepareRx
 .text.USBD_CtlContinueRx
                0x08007f14       0x24 Middlewares\ST\STM32_USB_Device_Library\Core\Src\usbd_ioreq.o
                0x08007f14                USBD_CtlContinueRx
 .text.USBD_CtlSendStatus
                0x08007f38       0x26 Middlewares\ST\STM32_USB_Device_Library\Core\Src\usbd_ioreq.o
                0x08007f38                USBD_CtlSendStatus
 .text.USBD_CtlReceiveStatus
                0x08007f5e       0x26 Middlewares\ST\STM32_USB_Device_Library\Core\Src\usbd_ioreq.o
                0x08007f5e                USBD_CtlReceiveStatus
 .text.osSystickHandler
                0x08007f84       0x16 Middlewares\Third_Party\FreeRTOS\Source\CMSIS_RTOS\cmsis_os.o
                0x08007f84                osSystickHandler
 .text.vListInitialise
                0x08007f9a       0x3e Middlewares\Third_Party\FreeRTOS\Source\list.o
                0x08007f9a                vListInitialise
 .text.vListInitialiseItem
                0x08007fd8       0x18 Middlewares\Third_Party\FreeRTOS\Source\list.o
                0x08007fd8                vListInitialiseItem
 .text.vListInsertEnd
                0x08007ff0       0x46 Middlewares\Third_Party\FreeRTOS\Source\list.o
                0x08007ff0                vListInsertEnd
 .text.vListInsert
                0x08008036       0x70 Middlewares\Third_Party\FreeRTOS\Source\list.o
                0x08008036                vListInsert
 .text.uxListRemove
                0x080080a6       0x52 Middlewares\Third_Party\FreeRTOS\Source\list.o
                0x080080a6                uxListRemove
 .text.pxPortInitialiseStack
                0x080080f8       0x54 Middlewares\Third_Party\FreeRTOS\Source\portable\GCC\ARM_CM3\port.o
                0x080080f8                pxPortInitialiseStack
 .text.prvTaskExitError
                0x0800814c       0x20 Middlewares\Third_Party\FreeRTOS\Source\portable\GCC\ARM_CM3\port.o
 .text.SVC_Handler
                0x0800816c       0x28 Middlewares\Third_Party\FreeRTOS\Source\portable\GCC\ARM_CM3\port.o
                0x0800816c                SVC_Handler
 .text.prvPortStartFirstTask
                0x08008194       0x20 Middlewares\Third_Party\FreeRTOS\Source\portable\GCC\ARM_CM3\port.o
 .text.xPortStartScheduler
                0x080081b4       0xbc Middlewares\Third_Party\FreeRTOS\Source\portable\GCC\ARM_CM3\port.o
                0x080081b4                xPortStartScheduler
 .text.vPortYield
                0x08008270       0x20 Middlewares\Third_Party\FreeRTOS\Source\portable\GCC\ARM_CM3\port.o
                0x08008270                vPortYield
 .text.vPortEnterCritical
                0x08008290       0x40 Middlewares\Third_Party\FreeRTOS\Source\portable\GCC\ARM_CM3\port.o
                0x08008290                vPortEnterCritical
 .text.vPortExitCritical
                0x080082d0       0x34 Middlewares\Third_Party\FreeRTOS\Source\portable\GCC\ARM_CM3\port.o
                0x080082d0                vPortExitCritical
 .text.ulPortSetInterruptMask
                0x08008304       0x12 Middlewares\Third_Party\FreeRTOS\Source\portable\GCC\ARM_CM3\port.o
                0x08008304                ulPortSetInterruptMask
 .text.vPortClearInterruptMask
                0x08008316        0x8 Middlewares\Third_Party\FreeRTOS\Source\portable\GCC\ARM_CM3\port.o
                0x08008316                vPortClearInterruptMask
 *fill*         0x0800831e        0x2 
 .text.PendSV_Handler
                0x08008320       0x48 Middlewares\Third_Party\FreeRTOS\Source\portable\GCC\ARM_CM3\port.o
                0x08008320                PendSV_Handler
 .text.xPortSysTickHandler
                0x08008368       0x28 Middlewares\Third_Party\FreeRTOS\Source\portable\GCC\ARM_CM3\port.o
                0x08008368                xPortSysTickHandler
 .text.vPortSuppressTicksAndSleep
                0x08008390      0x18c Middlewares\Third_Party\FreeRTOS\Source\portable\GCC\ARM_CM3\port.o
                0x08008390                vPortSuppressTicksAndSleep
 .text.vPortSetupTimerInterrupt
                0x0800851c       0x78 Middlewares\Third_Party\FreeRTOS\Source\portable\GCC\ARM_CM3\port.o
                0x0800851c                vPortSetupTimerInterrupt
 .text.vPortValidateInterruptPriority
                0x08008594       0x5c Middlewares\Third_Party\FreeRTOS\Source\portable\GCC\ARM_CM3\port.o
                0x08008594                vPortValidateInterruptPriority
 .text.pvPortMalloc
                0x080085f0      0x160 Middlewares\Third_Party\FreeRTOS\Source\portable\MemMang\heap_4.o
                0x080085f0                pvPortMalloc
 .text.vPortFree
                0x08008750       0x94 Middlewares\Third_Party\FreeRTOS\Source\portable\MemMang\heap_4.o
                0x08008750                vPortFree
 .text.prvHeapInit
                0x080087e4       0xc4 Middlewares\Third_Party\FreeRTOS\Source\portable\MemMang\heap_4.o
 .text.prvInsertBlockIntoFreeList
                0x080088a8       0xb0 Middlewares\Third_Party\FreeRTOS\Source\portable\MemMang\heap_4.o
 .text.xQueueGenericSendFromISR
                0x08008958       0xd4 Middlewares\Third_Party\FreeRTOS\Source\queue.o
                0x08008958                xQueueGenericSendFromISR
 .text.prvCopyDataToQueue
                0x08008a2c       0xd6 Middlewares\Third_Party\FreeRTOS\Source\queue.o
 *fill*         0x08008b02        0x2 
 .text.xTaskGenericCreate
                0x08008b04      0x164 Middlewares\Third_Party\FreeRTOS\Source\tasks.o
                0x08008b04                xTaskGenericCreate
 .text.vTaskDelete
                0x08008c68       0xe8 Middlewares\Third_Party\FreeRTOS\Source\tasks.o
                0x08008c68                vTaskDelete
 .text.vTaskDelayUntil
                0x08008d50       0xe4 Middlewares\Third_Party\FreeRTOS\Source\tasks.o
                0x08008d50                vTaskDelayUntil
 .text.vTaskDelay
                0x08008e34       0x88 Middlewares\Third_Party\FreeRTOS\Source\tasks.o
                0x08008e34                vTaskDelay
 .text.vTaskStartScheduler
                0x08008ebc       0x74 Middlewares\Third_Party\FreeRTOS\Source\tasks.o
                0x08008ebc                vTaskStartScheduler
 .text.vTaskSuspendAll
                0x08008f30       0x1c Middlewares\Third_Party\FreeRTOS\Source\tasks.o
                0x08008f30                vTaskSuspendAll
 .text.prvGetExpectedIdleTime
                0x08008f4c       0x4c Middlewares\Third_Party\FreeRTOS\Source\tasks.o
 .text.xTaskResumeAll
                0x08008f98      0x108 Middlewares\Third_Party\FreeRTOS\Source\tasks.o
                0x08008f98                xTaskResumeAll
 .text.xTaskGetTickCount
                0x080090a0       0x1c Middlewares\Third_Party\FreeRTOS\Source\tasks.o
                0x080090a0                xTaskGetTickCount
 .text.vTaskStepTick
                0x080090bc       0x3c Middlewares\Third_Party\FreeRTOS\Source\tasks.o
                0x080090bc                vTaskStepTick
 .text.xTaskIncrementTick
                0x080090f8      0x17c Middlewares\Third_Party\FreeRTOS\Source\tasks.o
                0x080090f8                xTaskIncrementTick
 .text.vTaskSwitchContext
                0x08009274       0xdc Middlewares\Third_Party\FreeRTOS\Source\tasks.o
                0x08009274                vTaskSwitchContext
 .text.xTaskRemoveFromEventList
                0x08009350       0xb8 Middlewares\Third_Party\FreeRTOS\Source\tasks.o
                0x08009350                xTaskRemoveFromEventList
 .text.prvIdleTask
                0x08009408       0x64 Middlewares\Third_Party\FreeRTOS\Source\tasks.o
 .text.eTaskConfirmSleepModeStatus
                0x0800946c       0x5c Middlewares\Third_Party\FreeRTOS\Source\tasks.o
                0x0800946c                eTaskConfirmSleepModeStatus
 .text.prvInitialiseTCBVariables
                0x080094c8       0xb4 Middlewares\Third_Party\FreeRTOS\Source\tasks.o
 .text.prvInitialiseTaskLists
                0x0800957c       0x80 Middlewares\Third_Party\FreeRTOS\Source\tasks.o
 .text.prvCheckTasksWaitingTermination
                0x080095fc       0x78 Middlewares\Third_Party\FreeRTOS\Source\tasks.o
 .text.prvAddCurrentTaskToDelayedList
                0x08009674       0x6c Middlewares\Third_Party\FreeRTOS\Source\tasks.o
 .text.prvAllocateTCBAndStack
                0x080096e0       0x6c Middlewares\Third_Party\FreeRTOS\Source\tasks.o
 .text.prvDeleteTCB
                0x0800974c       0x20 Middlewares\Third_Party\FreeRTOS\Source\tasks.o
 .text.prvResetNextTaskUnblockTime
                0x0800976c       0x48 Middlewares\Third_Party\FreeRTOS\Source\tasks.o
 .text.xTaskGetSchedulerState
                0x080097b4       0x3c Middlewares\Third_Party\FreeRTOS\Source\tasks.o
                0x080097b4                xTaskGetSchedulerState
 .text.xTaskPriorityDisinherit
                0x080097f0       0xec Middlewares\Third_Party\FreeRTOS\Source\tasks.o
                0x080097f0                xTaskPriorityDisinherit
 .text.MX_ADC1_Init
                0x080098dc       0xb4 Src\adc.o
                0x080098dc                MX_ADC1_Init
 .text.consoleInput
                0x08009990       0x5c Src\console.o
                0x08009990                consoleInput
 .text.configureTimerForRunTimeStats
                0x080099ec        0xc Src\freertos.o
                0x080099ec                configureTimerForRunTimeStats
 .text.getRunTimeCounterValue
                0x080099f8        0xe Src\freertos.o
                0x080099f8                getRunTimeCounterValue
 .text.vApplicationIdleHook
                0x08009a06        0xc Src\freertos.o
                0x08009a06                vApplicationIdleHook
 .text.vApplicationTickHook
                0x08009a12        0xc Src\freertos.o
                0x08009a12                vApplicationTickHook
 .text.vApplicationMallocFailedHook
                0x08009a1e        0xc Src\freertos.o
                0x08009a1e                vApplicationMallocFailedHook
 .text.PreSleepProcessing
                0x08009a2a       0x12 Src\freertos.o
                0x08009a2a                PreSleepProcessing
 .text.PostSleepProcessing
                0x08009a3c       0x12 Src\freertos.o
                0x08009a3c                PostSleepProcessing
 *fill*         0x08009a4e        0x2 
 .text.MX_I2C2_Init
                0x08009a50       0x5c Src\i2c.o
                0x08009a50                MX_I2C2_Init
 .text.i2cRead  0x08009aac       0x68 Src\i2c.o
                0x08009aac                i2cRead
 .text.i2cWrite
                0x08009b14       0x60 Src\i2c.o
                0x08009b14                i2cWrite
 .text.l3gd20Config
                0x08009b74       0x50 Src\l3gd20.o
                0x08009b74                l3gd20Config
 .text.l3gd20Detect
                0x08009bc4       0x44 Src\l3gd20.o
                0x08009bc4                l3gd20Detect
 .text.lsm303dlhcConfig
                0x08009c08       0x3e Src\lsm303dlhc.o
                0x08009c08                lsm303dlhcConfig
 .text.ReadReg  0x08009c46       0x26 Src\lsm303dlhc.o
                0x08009c46                ReadReg
 .text.WriteReg
                0x08009c6c       0x2a Src\lsm303dlhc.o
                0x08009c6c                WriteReg
 .text.SetODR   0x08009c96       0x62 Src\lsm303dlhc.o
                0x08009c96                SetODR
 .text.SetODR_M
                0x08009cf8       0x5e Src\lsm303dlhc.o
                0x08009cf8                SetODR_M
 .text.SetTemperature
                0x08009d56       0x5e Src\lsm303dlhc.o
                0x08009d56                SetTemperature
 .text.SetGainMag
                0x08009db4       0x58 Src\lsm303dlhc.o
                0x08009db4                SetGainMag
 .text.SetModeMag
                0x08009e0c       0x50 Src\lsm303dlhc.o
                0x08009e0c                SetModeMag
 .text.SetMode  0x08009e5c      0x104 Src\lsm303dlhc.o
                0x08009e5c                SetMode
 .text.SetAxis  0x08009f60       0x5c Src\lsm303dlhc.o
                0x08009f60                SetAxis
 .text.SetFullScale
                0x08009fbc       0x5e Src\lsm303dlhc.o
                0x08009fbc                SetFullScale
 .text.FIFOModeEnable
                0x0800a01a      0x2d6 Src\lsm303dlhc.o
                0x0800a01a                FIFOModeEnable
 .text.User_PWM_SetPulseValue
                0x0800a2f0       0x20 Src\main.o
                0x0800a2f0                User_PWM_SetPulseValue
 .text.vLedTask
                0x0800a310       0x58 Src\main.o
                0x0800a310                vLedTask
 .text.initTask
                0x0800a368       0xf4 Src\main.o
                0x0800a368                initTask
 .text.main     0x0800a45c       0x30 Src\main.o
                0x0800a45c                main
 .text.SystemClock_Config
                0x0800a48c       0xb4 Src\main.o
                0x0800a48c                SystemClock_Config
 .text.MX_GPIO_Init
                0x0800a540       0x9c Src\main.o
 .text.MX_TIM1_Init
                0x0800a5dc      0x104 Src\main.o
 .text.MX_DMA_Init
                0x0800a6e0       0x3c Src\main.o
 .text.Error_Handler
                0x0800a71c       0x38 Src\main.o
                0x0800a71c                Error_Handler
 .text.SensInit
                0x0800a754       0x2a Src\sensors.o
                0x0800a754                SensInit
 *fill*         0x0800a77e        0x2 
 .text.SensorTask
                0x0800a780       0x38 Src\sensors.o
                0x0800a780                SensorTask
 .text.HAL_MspInit
                0x0800a7b8       0x84 Src\stm32f1xx_hal_msp.o
                0x0800a7b8                HAL_MspInit
 .text.HAL_ADC_MspInit
                0x0800a83c       0xc4 Src\stm32f1xx_hal_msp.o
                0x0800a83c                HAL_ADC_MspInit
 .text.HAL_I2C_MspInit
                0x0800a900       0x3c Src\stm32f1xx_hal_msp.o
                0x0800a900                HAL_I2C_MspInit
 .text.HAL_TIM_Base_MspInit
                0x0800a93c       0x3c Src\stm32f1xx_hal_msp.o
                0x0800a93c                HAL_TIM_Base_MspInit
 .text.HAL_TIM_MspPostInit
                0x0800a978       0x3c Src\stm32f1xx_hal_msp.o
                0x0800a978                HAL_TIM_MspPostInit
 .text.NMI_Handler
                0x0800a9b4        0xc Src\stm32f1xx_it.o
                0x0800a9b4                NMI_Handler
 .text.HardFault_Handler
                0x0800a9c0        0x6 Src\stm32f1xx_it.o
                0x0800a9c0                HardFault_Handler
 .text.MemManage_Handler
                0x0800a9c6        0x6 Src\stm32f1xx_it.o
                0x0800a9c6                MemManage_Handler
 .text.BusFault_Handler
                0x0800a9cc        0x6 Src\stm32f1xx_it.o
                0x0800a9cc                BusFault_Handler
 .text.UsageFault_Handler
                0x0800a9d2        0x6 Src\stm32f1xx_it.o
                0x0800a9d2                UsageFault_Handler
 .text.DebugMon_Handler
                0x0800a9d8        0xc Src\stm32f1xx_it.o
                0x0800a9d8                DebugMon_Handler
 .text.SysTick_Handler
                0x0800a9e4       0x10 Src\stm32f1xx_it.o
                0x0800a9e4                SysTick_Handler
 .text.DMA1_Channel1_IRQHandler
                0x0800a9f4       0x14 Src\stm32f1xx_it.o
                0x0800a9f4                DMA1_Channel1_IRQHandler
 .text.USB_LP_CAN1_RX0_IRQHandler
                0x0800aa08       0x14 Src\stm32f1xx_it.o
                0x0800aa08                USB_LP_CAN1_RX0_IRQHandler
 .text.SystemInit
                0x0800aa1c       0x68 Src\system_stm32f1xx.o
                0x0800aa1c                SystemInit
 .text.MX_USB_DEVICE_Init
                0x0800aa84       0x38 Src\usb_device.o
                0x0800aa84                MX_USB_DEVICE_Init
 .text.CDC_Init_FS
                0x0800aabc       0x28 Src\usbd_cdc_if.o
 .text.CDC_DeInit_FS
                0x0800aae4        0xe Src\usbd_cdc_if.o
 *fill*         0x0800aaf2        0x2 
 .text.CDC_Control_FS
                0x0800aaf4       0xbc Src\usbd_cdc_if.o
 .text.CDC_Receive_FS
                0x0800abb0       0x64 Src\usbd_cdc_if.o
 .text.HAL_PCD_MspInit
                0x0800ac14       0x4c Src\usbd_conf.o
                0x0800ac14                HAL_PCD_MspInit
 .text.HAL_PCD_SetupStageCallback
                0x0800ac60       0x24 Src\usbd_conf.o
                0x0800ac60                HAL_PCD_SetupStageCallback
 .text.HAL_PCD_DataOutStageCallback
                0x0800ac84       0x30 Src\usbd_conf.o
                0x0800ac84                HAL_PCD_DataOutStageCallback
 .text.HAL_PCD_DataInStageCallback
                0x0800acb4       0x2e Src\usbd_conf.o
                0x0800acb4                HAL_PCD_DataInStageCallback
 .text.HAL_PCD_SOFCallback
                0x0800ace2       0x1c Src\usbd_conf.o
                0x0800ace2                HAL_PCD_SOFCallback
 .text.HAL_PCD_ResetCallback
                0x0800acfe       0x44 Src\usbd_conf.o
                0x0800acfe                HAL_PCD_ResetCallback
 *fill*         0x0800ad42        0x2 
 .text.HAL_PCD_SuspendCallback
                0x0800ad44       0x34 Src\usbd_conf.o
                0x0800ad44                HAL_PCD_SuspendCallback
 .text.HAL_PCD_ResumeCallback
                0x0800ad78       0x1c Src\usbd_conf.o
                0x0800ad78                HAL_PCD_ResumeCallback
 .text.USBD_LL_Init
                0x0800ad94       0xb8 Src\usbd_conf.o
                0x0800ad94                USBD_LL_Init
 .text.USBD_LL_Start
                0x0800ae4c       0x64 Src\usbd_conf.o
                0x0800ae4c                USBD_LL_Start
 .text.USBD_LL_OpenEP
                0x0800aeb0       0x7c Src\usbd_conf.o
                0x0800aeb0                USBD_LL_OpenEP
 .text.USBD_LL_CloseEP
                0x0800af2c       0x6c Src\usbd_conf.o
                0x0800af2c                USBD_LL_CloseEP
 .text.USBD_LL_StallEP
                0x0800af98       0x6c Src\usbd_conf.o
                0x0800af98                USBD_LL_StallEP
 .text.USBD_LL_ClearStallEP
                0x0800b004       0x6c Src\usbd_conf.o
                0x0800b004                USBD_LL_ClearStallEP
 .text.USBD_LL_IsStallEP
                0x0800b070       0x4a Src\usbd_conf.o
                0x0800b070                USBD_LL_IsStallEP
 *fill*         0x0800b0ba        0x2 
 .text.USBD_LL_SetUSBAddress
                0x0800b0bc       0x6c Src\usbd_conf.o
                0x0800b0bc                USBD_LL_SetUSBAddress
 .text.USBD_LL_Transmit
                0x0800b128       0x74 Src\usbd_conf.o
                0x0800b128                USBD_LL_Transmit
 .text.USBD_LL_PrepareReceive
                0x0800b19c       0x74 Src\usbd_conf.o
                0x0800b19c                USBD_LL_PrepareReceive
 .text.USBD_LL_GetRxDataSize
                0x0800b210       0x26 Src\usbd_conf.o
                0x0800b210                USBD_LL_GetRxDataSize
 *fill*         0x0800b236        0x2 
 .text.USBD_static_malloc
                0x0800b238       0x18 Src\usbd_conf.o
                0x0800b238                USBD_static_malloc
 .text.USBD_static_free
                0x0800b250       0x12 Src\usbd_conf.o
                0x0800b250                USBD_static_free
 .text.HAL_PCDEx_SetConnectionState
                0x0800b262       0x16 Src\usbd_conf.o
                0x0800b262                HAL_PCDEx_SetConnectionState
 .text.USBD_FS_DeviceDescriptor
                0x0800b278       0x24 Src\usbd_desc.o
                0x0800b278                USBD_FS_DeviceDescriptor
 .text.USBD_FS_LangIDStrDescriptor
                0x0800b29c       0x24 Src\usbd_desc.o
                0x0800b29c                USBD_FS_LangIDStrDescriptor
 .text.USBD_FS_ProductStrDescriptor
                0x0800b2c0       0x3c Src\usbd_desc.o
                0x0800b2c0                USBD_FS_ProductStrDescriptor
 .text.USBD_FS_ManufacturerStrDescriptor
                0x0800b2fc       0x28 Src\usbd_desc.o
                0x0800b2fc                USBD_FS_ManufacturerStrDescriptor
 .text.USBD_FS_SerialStrDescriptor
                0x0800b324       0x3c Src\usbd_desc.o
                0x0800b324                USBD_FS_SerialStrDescriptor
 .text.USBD_FS_ConfigStrDescriptor
                0x0800b360       0x3c Src\usbd_desc.o
                0x0800b360                USBD_FS_ConfigStrDescriptor
 .text.USBD_FS_InterfaceStrDescriptor
                0x0800b39c       0x3c Src\usbd_desc.o
                0x0800b39c                USBD_FS_InterfaceStrDescriptor
 .text.__libc_init_array
                0x0800b3d8       0x48 c:/program files/atollic/truestudio for stm32 9.0.1/armtools/bin/../lib/gcc/arm-atollic-eabi/6.3.1/../../../../arm-atollic-eabi/lib/armv7-m\libc_nano.a(lib_a-init.o)
                0x0800b3d8                __libc_init_array
 .text.memcpy   0x0800b420       0x16 c:/program files/atollic/truestudio for stm32 9.0.1/armtools/bin/../lib/gcc/arm-atollic-eabi/6.3.1/../../../../arm-atollic-eabi/lib/armv7-m\libc_nano.a(lib_a-memcpy-stub.o)
                0x0800b420                memcpy
 .text.memset   0x0800b436       0x10 c:/program files/atollic/truestudio for stm32 9.0.1/armtools/bin/../lib/gcc/arm-atollic-eabi/6.3.1/../../../../arm-atollic-eabi/lib/armv7-m\libc_nano.a(lib_a-memset.o)
                0x0800b436                memset
 *(.glue_7)
 .glue_7        0x0800b446        0x0 linker stubs
 *(.glue_7t)
 .glue_7t       0x0800b446        0x0 linker stubs
 *(.eh_frame)
 *fill*         0x0800b446        0x2 
 .eh_frame      0x0800b448        0x0 c:/program files/atollic/truestudio for stm32 9.0.1/armtools/bin/../lib/gcc/arm-atollic-eabi/6.3.1/armv7-m/crtbegin.o
 *(.init)
 .init          0x0800b448        0x4 c:/program files/atollic/truestudio for stm32 9.0.1/armtools/bin/../lib/gcc/arm-atollic-eabi/6.3.1/armv7-m/crti.o
                0x0800b448                _init
 .init          0x0800b44c        0x8 c:/program files/atollic/truestudio for stm32 9.0.1/armtools/bin/../lib/gcc/arm-atollic-eabi/6.3.1/armv7-m/crtn.o
 *(.fini)
 .fini          0x0800b454        0x4 c:/program files/atollic/truestudio for stm32 9.0.1/armtools/bin/../lib/gcc/arm-atollic-eabi/6.3.1/armv7-m/crti.o
                0x0800b454                _fini
 .fini          0x0800b458        0x8 c:/program files/atollic/truestudio for stm32 9.0.1/armtools/bin/../lib/gcc/arm-atollic-eabi/6.3.1/armv7-m/crtn.o
                0x0800b460                . = ALIGN (0x4)
                0x0800b460                _etext = .

.vfp11_veneer   0x0800b460        0x0
 .vfp11_veneer  0x0800b460        0x0 linker stubs

.v4_bx          0x0800b460        0x0
 .v4_bx         0x0800b460        0x0 linker stubs

.iplt           0x0800b460        0x0
 .iplt          0x0800b460        0x0 c:/program files/atollic/truestudio for stm32 9.0.1/armtools/bin/../lib/gcc/arm-atollic-eabi/6.3.1/armv7-m/crtbegin.o

.rodata         0x0800b460       0xb4
                0x0800b460                . = ALIGN (0x4)
 *(.rodata)
 .rodata        0x0800b460       0x12 Drivers\STM32F1xx_HAL_Driver\Src\stm32f1xx_hal_rcc.o
 *fill*         0x0800b472        0x2 
 .rodata        0x0800b474       0x12 Drivers\STM32F1xx_HAL_Driver\Src\stm32f1xx_hal_rcc_ex.o
 *fill*         0x0800b486        0x2 
 .rodata        0x0800b488        0x5 Middlewares\Third_Party\FreeRTOS\Source\tasks.o
 *fill*         0x0800b48d        0x3 
 .rodata        0x0800b490       0x11 Src\main.o
 *fill*         0x0800b4a1        0x3 
 .rodata        0x0800b4a4       0x56 Src\usbd_desc.o
 *(.rodata*)
 *fill*         0x0800b4fa        0x2 
 .rodata.AHBPrescTable
                0x0800b4fc       0x10 Src\system_stm32f1xx.o
                0x0800b4fc                AHBPrescTable
 .rodata.APBPrescTable
                0x0800b50c        0x8 Src\system_stm32f1xx.o
                0x0800b50c                APBPrescTable
                0x0800b514                . = ALIGN (0x4)

.rel.dyn        0x0800b514        0x0
 .rel.iplt      0x0800b514        0x0 c:/program files/atollic/truestudio for stm32 9.0.1/armtools/bin/../lib/gcc/arm-atollic-eabi/6.3.1/armv7-m/crtbegin.o

.ARM.extab
 *(.ARM.extab* .gnu.linkonce.armextab.*)

.ARM            0x0800b514        0x0
                0x0800b514                __exidx_start = .
 *(.ARM.exidx*)
                0x0800b514                __exidx_end = .

.preinit_array  0x0800b514        0x0
                0x0800b514                PROVIDE (__preinit_array_start, .)
 *(.preinit_array*)
                0x0800b514                PROVIDE (__preinit_array_end, .)

.init_array     0x0800b514        0x4
                0x0800b514                PROVIDE (__init_array_start, .)
 *(SORT(.init_array.*))
 *(.init_array*)
 .init_array    0x0800b514        0x4 c:/program files/atollic/truestudio for stm32 9.0.1/armtools/bin/../lib/gcc/arm-atollic-eabi/6.3.1/armv7-m/crtbegin.o
                0x0800b518                PROVIDE (__init_array_end, .)

.fini_array     0x0800b518        0x4
                [!provide]                PROVIDE (__fini_array_start, .)
 *(SORT(.fini_array.*))
 *(.fini_array*)
 .fini_array    0x0800b518        0x4 c:/program files/atollic/truestudio for stm32 9.0.1/armtools/bin/../lib/gcc/arm-atollic-eabi/6.3.1/armv7-m/crtbegin.o
                [!provide]                PROVIDE (__fini_array_end, .)
                0x0800b51c                _sidata = LOADADDR (.data)

.data           0x20000000      0x15c load address 0x0800b51c
                0x20000000                . = ALIGN (0x4)
                0x20000000                _sdata = .
 *(.data)
 *(.data*)
 .data.USBD_CDC_DeviceQualifierDesc
                0x20000000        0xa Middlewares\ST\STM32_USB_Device_Library\Class\CDC\Src\usbd_cdc.o
 *fill*         0x2000000a        0x2 
 .data.USBD_CDC
                0x2000000c       0x38 Middlewares\ST\STM32_USB_Device_Library\Class\CDC\Src\usbd_cdc.o
                0x2000000c                USBD_CDC
 .data.USBD_CDC_CfgHSDesc
                0x20000044       0x43 Middlewares\ST\STM32_USB_Device_Library\Class\CDC\Src\usbd_cdc.o
                0x20000044                USBD_CDC_CfgHSDesc
 *fill*         0x20000087        0x1 
 .data.USBD_CDC_CfgFSDesc
                0x20000088       0x43 Middlewares\ST\STM32_USB_Device_Library\Class\CDC\Src\usbd_cdc.o
                0x20000088                USBD_CDC_CfgFSDesc
 *fill*         0x200000cb        0x1 
 .data.USBD_CDC_OtherSpeedCfgDesc
                0x200000cc       0x43 Middlewares\ST\STM32_USB_Device_Library\Class\CDC\Src\usbd_cdc.o
                0x200000cc                USBD_CDC_OtherSpeedCfgDesc
 *fill*         0x2000010f        0x1 
 .data.uxCriticalNesting
                0x20000110        0x4 Middlewares\Third_Party\FreeRTOS\Source\portable\GCC\ARM_CM3\port.o
 .data.SystemCoreClock
                0x20000114        0x4 Src\system_stm32f1xx.o
                0x20000114                SystemCoreClock
 .data.USBD_Interface_fops_FS
                0x20000118       0x10 Src\usbd_cdc_if.o
                0x20000118                USBD_Interface_fops_FS
 .data.FS_Desc  0x20000128       0x1c Src\usbd_desc.o
                0x20000128                FS_Desc
 .data.USBD_FS_DeviceDesc
                0x20000144       0x12 Src\usbd_desc.o
                0x20000144                USBD_FS_DeviceDesc
 *fill*         0x20000156        0x2 
 .data.USBD_LangIDDesc
                0x20000158        0x4 Src\usbd_desc.o
                0x20000158                USBD_LangIDDesc
                0x2000015c                . = ALIGN (0x4)
                0x2000015c                _edata = .

.igot.plt       0x2000015c        0x0 load address 0x0800b678
 .igot.plt      0x2000015c        0x0 c:/program files/atollic/truestudio for stm32 9.0.1/armtools/bin/../lib/gcc/arm-atollic-eabi/6.3.1/armv7-m/crtbegin.o
                0x2000015c                . = ALIGN (0x4)

.bss            0x2000015c     0x3570 load address 0x0800b678
                0x2000015c                _sbss = .
                0x2000015c                __bss_start__ = _sbss
 *(.bss)
 .bss           0x2000015c       0x1c c:/program files/atollic/truestudio for stm32 9.0.1/armtools/bin/../lib/gcc/arm-atollic-eabi/6.3.1/armv7-m/crtbegin.o
 *(.bss*)
 .bss.uwTick    0x20000178        0x4 Drivers\STM32F1xx_HAL_Driver\Src\stm32f1xx_hal.o
 .bss.ifalt.8338
                0x2000017c        0x1 Middlewares\ST\STM32_USB_Device_Library\Class\CDC\Src\usbd_cdc.o
 .bss.cfgidx.8343
                0x2000017d        0x1 Middlewares\ST\STM32_USB_Device_Library\Core\Src\usbd_ctlreq.o
 *fill*         0x2000017e        0x2 
 .bss.ulTimerCountsForOneTick
                0x20000180        0x4 Middlewares\Third_Party\FreeRTOS\Source\portable\GCC\ARM_CM3\port.o
 .bss.xMaximumPossibleSuppressedTicks
                0x20000184        0x4 Middlewares\Third_Party\FreeRTOS\Source\portable\GCC\ARM_CM3\port.o
 .bss.ulStoppedTimerCompensation
                0x20000188        0x4 Middlewares\Third_Party\FreeRTOS\Source\portable\GCC\ARM_CM3\port.o
 .bss.ucMaxSysCallPriority
                0x2000018c        0x1 Middlewares\Third_Party\FreeRTOS\Source\portable\GCC\ARM_CM3\port.o
 *fill*         0x2000018d        0x3 
 .bss.ulMaxPRIGROUPValue
                0x20000190        0x4 Middlewares\Third_Party\FreeRTOS\Source\portable\GCC\ARM_CM3\port.o
 .bss.ucHeap    0x20000194     0x2800 Middlewares\Third_Party\FreeRTOS\Source\portable\MemMang\heap_4.o
 .bss.xStart    0x20002994        0x8 Middlewares\Third_Party\FreeRTOS\Source\portable\MemMang\heap_4.o
 .bss.pxEnd     0x2000299c        0x4 Middlewares\Third_Party\FreeRTOS\Source\portable\MemMang\heap_4.o
 .bss.xFreeBytesRemaining
                0x200029a0        0x4 Middlewares\Third_Party\FreeRTOS\Source\portable\MemMang\heap_4.o
 .bss.xMinimumEverFreeBytesRemaining
                0x200029a4        0x4 Middlewares\Third_Party\FreeRTOS\Source\portable\MemMang\heap_4.o
 .bss.xBlockAllocatedBit
                0x200029a8        0x4 Middlewares\Third_Party\FreeRTOS\Source\portable\MemMang\heap_4.o
 .bss.pxCurrentTCB
                0x200029ac        0x4 Middlewares\Third_Party\FreeRTOS\Source\tasks.o
                0x200029ac                pxCurrentTCB
 .bss.pxReadyTasksLists
                0x200029b0       0x8c Middlewares\Third_Party\FreeRTOS\Source\tasks.o
 .bss.xDelayedTaskList1
                0x20002a3c       0x14 Middlewares\Third_Party\FreeRTOS\Source\tasks.o
 .bss.xDelayedTaskList2
                0x20002a50       0x14 Middlewares\Third_Party\FreeRTOS\Source\tasks.o
 .bss.pxDelayedTaskList
                0x20002a64        0x4 Middlewares\Third_Party\FreeRTOS\Source\tasks.o
 .bss.pxOverflowDelayedTaskList
                0x20002a68        0x4 Middlewares\Third_Party\FreeRTOS\Source\tasks.o
 .bss.xPendingReadyList
                0x20002a6c       0x14 Middlewares\Third_Party\FreeRTOS\Source\tasks.o
 .bss.xTasksWaitingTermination
                0x20002a80       0x14 Middlewares\Third_Party\FreeRTOS\Source\tasks.o
 .bss.uxTasksDeleted
                0x20002a94        0x4 Middlewares\Third_Party\FreeRTOS\Source\tasks.o
 .bss.xSuspendedTaskList
                0x20002a98       0x14 Middlewares\Third_Party\FreeRTOS\Source\tasks.o
 .bss.uxCurrentNumberOfTasks
                0x20002aac        0x4 Middlewares\Third_Party\FreeRTOS\Source\tasks.o
 .bss.xTickCount
                0x20002ab0        0x4 Middlewares\Third_Party\FreeRTOS\Source\tasks.o
 .bss.uxTopReadyPriority
                0x20002ab4        0x4 Middlewares\Third_Party\FreeRTOS\Source\tasks.o
 .bss.xSchedulerRunning
                0x20002ab8        0x4 Middlewares\Third_Party\FreeRTOS\Source\tasks.o
 .bss.uxPendedTicks
                0x20002abc        0x4 Middlewares\Third_Party\FreeRTOS\Source\tasks.o
 .bss.xYieldPending
                0x20002ac0        0x4 Middlewares\Third_Party\FreeRTOS\Source\tasks.o
 .bss.xNumOfOverflows
                0x20002ac4        0x4 Middlewares\Third_Party\FreeRTOS\Source\tasks.o
 .bss.uxTaskNumber
                0x20002ac8        0x4 Middlewares\Third_Party\FreeRTOS\Source\tasks.o
 .bss.xNextTaskUnblockTime
                0x20002acc        0x4 Middlewares\Third_Party\FreeRTOS\Source\tasks.o
 .bss.uxSchedulerSuspended
                0x20002ad0        0x4 Middlewares\Third_Party\FreeRTOS\Source\tasks.o
 .bss.ulTaskSwitchedInTime
                0x20002ad4        0x4 Middlewares\Third_Party\FreeRTOS\Source\tasks.o
 .bss.ulTotalRunTime
                0x20002ad8        0x4 Middlewares\Third_Party\FreeRTOS\Source\tasks.o
 .bss.adcValues
                0x20002adc        0x8 Src\adc.o
 .bss.xQueueCmdBuffer
                0x20002ae4        0x4 Src\console.o
 .bss.ODR_old_value.9515
                0x20002ae8        0x1 Src\lsm303dlhc.o
 *fill*         0x20002ae9        0x1 
 .bss.pulseValue.9861
                0x20002aea        0x2 Src\main.o
 .bss.step.9862
                0x20002aec        0x2 Src\main.o
 *fill*         0x20002aee        0x2 
 .bss.delay.9905
                0x20002af0        0x4 Src\main.o
 .bss.receive_total
                0x20002af4        0x4 Src\usbd_cdc_if.o
                0x20002af4                receive_total
 .bss.mem.8496  0x20002af8      0x220 Src\usbd_conf.o
 *(COMMON)
 COMMON         0x20002d18       0x68 Src\adc.o
                0x20002d18                hadc1
                0x20002d48                hdma_adc1
 COMMON         0x20002d80       0x3c Src\i2c.o
                0x20002d80                hi2c2
 COMMON         0x20002dbc       0x44 Src\main.o
                0x20002dbc                defaultTaskHandle
                0x20002dc0                htim1
                0x20002dfc                periodBlink
 COMMON         0x20002e00      0x224 Src\usb_device.o
                0x20002e00                hUsbDeviceFS
 COMMON         0x20003024       0x88 Src\usbd_cdc_if.o
                0x20003024                received_data_size
                0x20003028                UserRxBufferFS
                0x20003068                received_data
                0x2000306c                UserTxBufferFS
 COMMON         0x200030ac      0x420 Src\usbd_conf.o
                0x200030ac                hpcd_USB_FS
 COMMON         0x200034cc      0x200 Src\usbd_desc.o
                0x200034cc                USBD_StrDesc
                0x200036cc                . = ALIGN (0x4)
                0x200036cc                _ebss = .
                0x200036cc                __bss_end__ = _ebss

._user_heap_stack
                0x200036cc      0x600 load address 0x0800b678
                0x200036cc                . = ALIGN (0x4)
                [!provide]                PROVIDE (end, .)
                0x200036cc                PROVIDE (_end, .)
                0x200038cc                . = (. + _Min_Heap_Size)
 *fill*         0x200036cc      0x200 
                0x20003ccc                . = (. + _Min_Stack_Size)
 *fill*         0x200038cc      0x400 
                0x20003ccc                . = ALIGN (0x4)

/DISCARD/
 libc.a(*)
 libm.a(*)
 libgcc.a(*)

.ARM.attributes
                0x00000000       0x29
 *(.ARM.attributes)
 .ARM.attributes
                0x00000000       0x1d c:/program files/atollic/truestudio for stm32 9.0.1/armtools/bin/../lib/gcc/arm-atollic-eabi/6.3.1/armv7-m/crti.o
 .ARM.attributes
                0x0000001d       0x2d c:/program files/atollic/truestudio for stm32 9.0.1/armtools/bin/../lib/gcc/arm-atollic-eabi/6.3.1/armv7-m/crtbegin.o
 .ARM.attributes
                0x0000004a       0x21 Drivers\CMSIS\Device\ST\STM32F1xx\Source\Templates\gcc\startup_stm32f103xe.o
 .ARM.attributes
                0x0000006b       0x33 Drivers\STM32F1xx_HAL_Driver\Src\stm32f1xx_hal.o
 .ARM.attributes
                0x0000009e       0x33 Drivers\STM32F1xx_HAL_Driver\Src\stm32f1xx_hal_adc.o
 .ARM.attributes
                0x000000d1       0x33 Drivers\STM32F1xx_HAL_Driver\Src\stm32f1xx_hal_adc_ex.o
 .ARM.attributes
                0x00000104       0x33 Drivers\STM32F1xx_HAL_Driver\Src\stm32f1xx_hal_cortex.o
 .ARM.attributes
                0x00000137       0x33 Drivers\STM32F1xx_HAL_Driver\Src\stm32f1xx_hal_dma.o
 .ARM.attributes
                0x0000016a       0x33 Drivers\STM32F1xx_HAL_Driver\Src\stm32f1xx_hal_gpio.o
 .ARM.attributes
                0x0000019d       0x33 Drivers\STM32F1xx_HAL_Driver\Src\stm32f1xx_hal_i2c.o
 .ARM.attributes
                0x000001d0       0x33 Drivers\STM32F1xx_HAL_Driver\Src\stm32f1xx_hal_pcd.o
 .ARM.attributes
                0x00000203       0x33 Drivers\STM32F1xx_HAL_Driver\Src\stm32f1xx_hal_pcd_ex.o
 .ARM.attributes
                0x00000236       0x33 Drivers\STM32F1xx_HAL_Driver\Src\stm32f1xx_hal_rcc.o
 .ARM.attributes
                0x00000269       0x33 Drivers\STM32F1xx_HAL_Driver\Src\stm32f1xx_hal_rcc_ex.o
 .ARM.attributes
                0x0000029c       0x33 Drivers\STM32F1xx_HAL_Driver\Src\stm32f1xx_hal_tim.o
 .ARM.attributes
                0x000002cf       0x33 Drivers\STM32F1xx_HAL_Driver\Src\stm32f1xx_hal_tim_ex.o
 .ARM.attributes
                0x00000302       0x33 Drivers\STM32F1xx_HAL_Driver\Src\stm32f1xx_ll_usb.o
 .ARM.attributes
                0x00000335       0x33 Middlewares\ST\STM32_USB_Device_Library\Class\CDC\Src\usbd_cdc.o
 .ARM.attributes
                0x00000368       0x33 Middlewares\ST\STM32_USB_Device_Library\Core\Src\usbd_core.o
 .ARM.attributes
                0x0000039b       0x33 Middlewares\ST\STM32_USB_Device_Library\Core\Src\usbd_ctlreq.o
 .ARM.attributes
                0x000003ce       0x33 Middlewares\ST\STM32_USB_Device_Library\Core\Src\usbd_ioreq.o
 .ARM.attributes
                0x00000401       0x33 Middlewares\Third_Party\FreeRTOS\Source\CMSIS_RTOS\cmsis_os.o
 .ARM.attributes
                0x00000434       0x33 Middlewares\Third_Party\FreeRTOS\Source\list.o
 .ARM.attributes
                0x00000467       0x33 Middlewares\Third_Party\FreeRTOS\Source\portable\GCC\ARM_CM3\port.o
 .ARM.attributes
                0x0000049a       0x33 Middlewares\Third_Party\FreeRTOS\Source\portable\MemMang\heap_4.o
 .ARM.attributes
                0x000004cd       0x33 Middlewares\Third_Party\FreeRTOS\Source\queue.o
 .ARM.attributes
                0x00000500       0x33 Middlewares\Third_Party\FreeRTOS\Source\tasks.o
 .ARM.attributes
                0x00000533       0x33 Src\adc.o
 .ARM.attributes
                0x00000566       0x33 Src\console.o
 .ARM.attributes
                0x00000599       0x33 Src\freertos.o
 .ARM.attributes
                0x000005cc       0x33 Src\i2c.o
 .ARM.attributes
                0x000005ff       0x33 Src\l3gd20.o
 .ARM.attributes
                0x00000632       0x33 Src\lsm303dlhc.o
 .ARM.attributes
                0x00000665       0x33 Src\main.o
 .ARM.attributes
                0x00000698       0x33 Src\sensors.o
 .ARM.attributes
                0x000006cb       0x33 Src\stm32f1xx_hal_msp.o
 .ARM.attributes
                0x000006fe       0x33 Src\stm32f1xx_it.o
 .ARM.attributes
                0x00000731       0x33 Src\system_stm32f1xx.o
 .ARM.attributes
                0x00000764       0x33 Src\usb_device.o
 .ARM.attributes
                0x00000797       0x33 Src\usbd_cdc_if.o
 .ARM.attributes
                0x000007ca       0x33 Src\usbd_conf.o
 .ARM.attributes
                0x000007fd       0x33 Src\usbd_desc.o
 .ARM.attributes
                0x00000830       0x2d c:/program files/atollic/truestudio for stm32 9.0.1/armtools/bin/../lib/gcc/arm-atollic-eabi/6.3.1/../../../../arm-atollic-eabi/lib/armv7-m\libc_nano.a(lib_a-init.o)
 .ARM.attributes
                0x0000085d       0x2d c:/program files/atollic/truestudio for stm32 9.0.1/armtools/bin/../lib/gcc/arm-atollic-eabi/6.3.1/../../../../arm-atollic-eabi/lib/armv7-m\libc_nano.a(lib_a-memcpy-stub.o)
 .ARM.attributes
                0x0000088a       0x2d c:/program files/atollic/truestudio for stm32 9.0.1/armtools/bin/../lib/gcc/arm-atollic-eabi/6.3.1/../../../../arm-atollic-eabi/lib/armv7-m\libc_nano.a(lib_a-memset.o)
 .ARM.attributes
                0x000008b7       0x1d c:/program files/atollic/truestudio for stm32 9.0.1/armtools/bin/../lib/gcc/arm-atollic-eabi/6.3.1/armv7-m/crtn.o
OUTPUT(Balancer.elf elf32-littlearm)

.debug_line     0x00000000     0xf6d6
 .debug_line    0x00000000       0xac Drivers\CMSIS\Device\ST\STM32F1xx\Source\Templates\gcc\startup_stm32f103xe.o
 .debug_line    0x000000ac      0x3fd Drivers\STM32F1xx_HAL_Driver\Src\stm32f1xx_hal.o
 .debug_line    0x000004a9      0x8c5 Drivers\STM32F1xx_HAL_Driver\Src\stm32f1xx_hal_adc.o
 .debug_line    0x00000d6e      0x703 Drivers\STM32F1xx_HAL_Driver\Src\stm32f1xx_hal_adc_ex.o
 .debug_line    0x00001471      0x4f6 Drivers\STM32F1xx_HAL_Driver\Src\stm32f1xx_hal_cortex.o
 .debug_line    0x00001967     0x1189 Drivers\STM32F1xx_HAL_Driver\Src\stm32f1xx_hal_dma.o
 .debug_line    0x00002af0      0x4ba Drivers\STM32F1xx_HAL_Driver\Src\stm32f1xx_hal_gpio.o
 .debug_line    0x00002faa     0x11b7 Drivers\STM32F1xx_HAL_Driver\Src\stm32f1xx_hal_i2c.o
 .debug_line    0x00004161      0x79b Drivers\STM32F1xx_HAL_Driver\Src\stm32f1xx_hal_pcd.o
 .debug_line    0x000048fc      0x2d5 Drivers\STM32F1xx_HAL_Driver\Src\stm32f1xx_hal_pcd_ex.o
 .debug_line    0x00004bd1      0x9f8 Drivers\STM32F1xx_HAL_Driver\Src\stm32f1xx_hal_rcc.o
 .debug_line    0x000055c9      0x3ea Drivers\STM32F1xx_HAL_Driver\Src\stm32f1xx_hal_rcc_ex.o
 .debug_line    0x000059b3     0x13e6 Drivers\STM32F1xx_HAL_Driver\Src\stm32f1xx_hal_tim.o
 .debug_line    0x00006d99      0x869 Drivers\STM32F1xx_HAL_Driver\Src\stm32f1xx_hal_tim_ex.o
 .debug_line    0x00007602      0x713 Drivers\STM32F1xx_HAL_Driver\Src\stm32f1xx_ll_usb.o
 .debug_line    0x00007d15      0x4ba Middlewares\ST\STM32_USB_Device_Library\Class\CDC\Src\usbd_cdc.o
 .debug_line    0x000081cf      0x4ca Middlewares\ST\STM32_USB_Device_Library\Core\Src\usbd_core.o
 .debug_line    0x00008699      0x524 Middlewares\ST\STM32_USB_Device_Library\Core\Src\usbd_ctlreq.o
 .debug_line    0x00008bbd      0x365 Middlewares\ST\STM32_USB_Device_Library\Core\Src\usbd_ioreq.o
 .debug_line    0x00008f22      0x8d5 Middlewares\Third_Party\FreeRTOS\Source\CMSIS_RTOS\cmsis_os.o
 .debug_line    0x000097f7      0x34b Middlewares\Third_Party\FreeRTOS\Source\list.o
 .debug_line    0x00009b42      0x383 Middlewares\Third_Party\FreeRTOS\Source\portable\GCC\ARM_CM3\port.o
 .debug_line    0x00009ec5      0x373 Middlewares\Third_Party\FreeRTOS\Source\portable\MemMang\heap_4.o
 .debug_line    0x0000a238      0x98c Middlewares\Third_Party\FreeRTOS\Source\queue.o
 .debug_line    0x0000abc4      0xdbf Middlewares\Third_Party\FreeRTOS\Source\tasks.o
 .debug_line    0x0000b983      0x2da Src\adc.o
 .debug_line    0x0000bc5d      0x5a2 Src\console.o
 .debug_line    0x0000c1ff      0x1a2 Src\freertos.o
 .debug_line    0x0000c3a1      0x336 Src\i2c.o
 .debug_line    0x0000c6d7      0x304 Src\l3gd20.o
 .debug_line    0x0000c9db      0x8e1 Src\lsm303dlhc.o
 .debug_line    0x0000d2bc      0x645 Src\main.o
 .debug_line    0x0000d901      0x419 Src\sensors.o
 .debug_line    0x0000dd1a      0x390 Src\stm32f1xx_hal_msp.o
 .debug_line    0x0000e0aa      0x346 Src\stm32f1xx_it.o
 .debug_line    0x0000e3f0      0x27d Src\system_stm32f1xx.o
 .debug_line    0x0000e66d      0x33e Src\usb_device.o
 .debug_line    0x0000e9ab      0x37a Src\usbd_cdc_if.o
 .debug_line    0x0000ed25      0x663 Src\usbd_conf.o
 .debug_line    0x0000f388      0x34e Src\usbd_desc.o

.debug_info     0x00000000    0x2db70
 .debug_info    0x00000000       0xa0 Drivers\CMSIS\Device\ST\STM32F1xx\Source\Templates\gcc\startup_stm32f103xe.o
 .debug_info    0x000000a0      0xeb6 Drivers\STM32F1xx_HAL_Driver\Src\stm32f1xx_hal.o
 .debug_info    0x00000f56     0x165a Drivers\STM32F1xx_HAL_Driver\Src\stm32f1xx_hal_adc.o
 .debug_info    0x000025b0     0x133c Drivers\STM32F1xx_HAL_Driver\Src\stm32f1xx_hal_adc_ex.o
 .debug_info    0x000038ec     0x136c Drivers\STM32F1xx_HAL_Driver\Src\stm32f1xx_hal_cortex.o
 .debug_info    0x00004c58      0xdf3 Drivers\STM32F1xx_HAL_Driver\Src\stm32f1xx_hal_dma.o
 .debug_info    0x00005a4b      0xe66 Drivers\STM32F1xx_HAL_Driver\Src\stm32f1xx_hal_gpio.o
 .debug_info    0x000068b1     0x2328 Drivers\STM32F1xx_HAL_Driver\Src\stm32f1xx_hal_i2c.o
 .debug_info    0x00008bd9     0x150b Drivers\STM32F1xx_HAL_Driver\Src\stm32f1xx_hal_pcd.o
 .debug_info    0x0000a0e4      0xdfb Drivers\STM32F1xx_HAL_Driver\Src\stm32f1xx_hal_pcd_ex.o
 .debug_info    0x0000aedf     0x1bf9 Drivers\STM32F1xx_HAL_Driver\Src\stm32f1xx_hal_rcc.o
 .debug_info    0x0000cad8      0xd98 Drivers\STM32F1xx_HAL_Driver\Src\stm32f1xx_hal_rcc_ex.o
 .debug_info    0x0000d870     0x2971 Drivers\STM32F1xx_HAL_Driver\Src\stm32f1xx_hal_tim.o
 .debug_info    0x000101e1     0x1712 Drivers\STM32F1xx_HAL_Driver\Src\stm32f1xx_hal_tim_ex.o
 .debug_info    0x000118f3     0x16b9 Drivers\STM32F1xx_HAL_Driver\Src\stm32f1xx_ll_usb.o
 .debug_info    0x00012fac     0x12c8 Middlewares\ST\STM32_USB_Device_Library\Class\CDC\Src\usbd_cdc.o
 .debug_info    0x00014274     0x116a Middlewares\ST\STM32_USB_Device_Library\Core\Src\usbd_core.o
 .debug_info    0x000153de     0x10cb Middlewares\ST\STM32_USB_Device_Library\Core\Src\usbd_ctlreq.o
 .debug_info    0x000164a9      0xecb Middlewares\ST\STM32_USB_Device_Library\Core\Src\usbd_ioreq.o
 .debug_info    0x00017374     0x1a9a Middlewares\Third_Party\FreeRTOS\Source\CMSIS_RTOS\cmsis_os.o
 .debug_info    0x00018e0e      0xac3 Middlewares\Third_Party\FreeRTOS\Source\list.o
 .debug_info    0x000198d1      0x406 Middlewares\Third_Party\FreeRTOS\Source\portable\GCC\ARM_CM3\port.o
 .debug_info    0x00019cd7      0xb2e Middlewares\Third_Party\FreeRTOS\Source\portable\MemMang\heap_4.o
 .debug_info    0x0001a805     0x1559 Middlewares\Third_Party\FreeRTOS\Source\queue.o
 .debug_info    0x0001bd5e     0x20c1 Middlewares\Third_Party\FreeRTOS\Source\tasks.o
 .debug_info    0x0001de1f      0xe05 Src\adc.o
 .debug_info    0x0001ec24     0x1486 Src\console.o
 .debug_info    0x000200aa      0x149 Src\freertos.o
 .debug_info    0x000201f3      0xe95 Src\i2c.o
 .debug_info    0x00021088      0xaa6 Src\l3gd20.o
 .debug_info    0x00021b2e     0x198a Src\lsm303dlhc.o
 .debug_info    0x000234b8     0x1cd1 Src\main.o
 .debug_info    0x00025189     0x115d Src\sensors.o
 .debug_info    0x000262e6     0x160f Src\stm32f1xx_hal_msp.o
 .debug_info    0x000278f5      0xf71 Src\stm32f1xx_it.o
 .debug_info    0x00028866      0xc04 Src\system_stm32f1xx.o
 .debug_info    0x0002946a      0xdfb Src\usb_device.o
 .debug_info    0x0002a265     0x1010 Src\usbd_cdc_if.o
 .debug_info    0x0002b275     0x1cfb Src\usbd_conf.o
 .debug_info    0x0002cf70      0xc00 Src\usbd_desc.o

.debug_abbrev   0x00000000     0x5c86
 .debug_abbrev  0x00000000       0x12 Drivers\CMSIS\Device\ST\STM32F1xx\Source\Templates\gcc\startup_stm32f103xe.o
 .debug_abbrev  0x00000012      0x2ef Drivers\STM32F1xx_HAL_Driver\Src\stm32f1xx_hal.o
 .debug_abbrev  0x00000301      0x27e Drivers\STM32F1xx_HAL_Driver\Src\stm32f1xx_hal_adc.o
 .debug_abbrev  0x0000057f      0x29e Drivers\STM32F1xx_HAL_Driver\Src\stm32f1xx_hal_adc_ex.o
 .debug_abbrev  0x0000081d      0x334 Drivers\STM32F1xx_HAL_Driver\Src\stm32f1xx_hal_cortex.o
 .debug_abbrev  0x00000b51      0x26a Drivers\STM32F1xx_HAL_Driver\Src\stm32f1xx_hal_dma.o
 .debug_abbrev  0x00000dbb      0x24c Drivers\STM32F1xx_HAL_Driver\Src\stm32f1xx_hal_gpio.o
 .debug_abbrev  0x00001007      0x2a5 Drivers\STM32F1xx_HAL_Driver\Src\stm32f1xx_hal_i2c.o
 .debug_abbrev  0x000012ac      0x2d6 Drivers\STM32F1xx_HAL_Driver\Src\stm32f1xx_hal_pcd.o
 .debug_abbrev  0x00001582      0x1e6 Drivers\STM32F1xx_HAL_Driver\Src\stm32f1xx_hal_pcd_ex.o
 .debug_abbrev  0x00001768      0x2fc Drivers\STM32F1xx_HAL_Driver\Src\stm32f1xx_hal_rcc.o
 .debug_abbrev  0x00001a64      0x2ad Drivers\STM32F1xx_HAL_Driver\Src\stm32f1xx_hal_rcc_ex.o
 .debug_abbrev  0x00001d11      0x2ab Drivers\STM32F1xx_HAL_Driver\Src\stm32f1xx_hal_tim.o
 .debug_abbrev  0x00001fbc      0x288 Drivers\STM32F1xx_HAL_Driver\Src\stm32f1xx_hal_tim_ex.o
 .debug_abbrev  0x00002244      0x241 Drivers\STM32F1xx_HAL_Driver\Src\stm32f1xx_ll_usb.o
 .debug_abbrev  0x00002485      0x28c Middlewares\ST\STM32_USB_Device_Library\Class\CDC\Src\usbd_cdc.o
 .debug_abbrev  0x00002711      0x25c Middlewares\ST\STM32_USB_Device_Library\Core\Src\usbd_core.o
 .debug_abbrev  0x0000296d      0x28c Middlewares\ST\STM32_USB_Device_Library\Core\Src\usbd_ctlreq.o
 .debug_abbrev  0x00002bf9      0x1cc Middlewares\ST\STM32_USB_Device_Library\Core\Src\usbd_ioreq.o
 .debug_abbrev  0x00002dc5      0x30f Middlewares\Third_Party\FreeRTOS\Source\CMSIS_RTOS\cmsis_os.o
 .debug_abbrev  0x000030d4      0x1c5 Middlewares\Third_Party\FreeRTOS\Source\list.o
 .debug_abbrev  0x00003299      0x1cb Middlewares\Third_Party\FreeRTOS\Source\portable\GCC\ARM_CM3\port.o
 .debug_abbrev  0x00003464      0x254 Middlewares\Third_Party\FreeRTOS\Source\portable\MemMang\heap_4.o
 .debug_abbrev  0x000036b8      0x25b Middlewares\Third_Party\FreeRTOS\Source\queue.o
 .debug_abbrev  0x00003913      0x350 Middlewares\Third_Party\FreeRTOS\Source\tasks.o
 .debug_abbrev  0x00003c63      0x1e8 Src\adc.o
 .debug_abbrev  0x00003e4b      0x308 Src\console.o
 .debug_abbrev  0x00004153       0xac Src\freertos.o
 .debug_abbrev  0x000041ff      0x211 Src\i2c.o
 .debug_abbrev  0x00004410      0x20f Src\l3gd20.o
 .debug_abbrev  0x0000461f      0x26e Src\lsm303dlhc.o
 .debug_abbrev  0x0000488d      0x2de Src\main.o
 .debug_abbrev  0x00004b6b      0x273 Src\sensors.o
 .debug_abbrev  0x00004dde      0x210 Src\stm32f1xx_hal_msp.o
 .debug_abbrev  0x00004fee      0x1c2 Src\stm32f1xx_it.o
 .debug_abbrev  0x000051b0      0x1eb Src\system_stm32f1xx.o
 .debug_abbrev  0x0000539b      0x1a6 Src\usb_device.o
 .debug_abbrev  0x00005541      0x26d Src\usbd_cdc_if.o
 .debug_abbrev  0x000057ae      0x2ad Src\usbd_conf.o
 .debug_abbrev  0x00005a5b      0x22b Src\usbd_desc.o

.debug_aranges  0x00000000     0x1c68
 .debug_aranges
                0x00000000       0x28 Drivers\CMSIS\Device\ST\STM32F1xx\Source\Templates\gcc\startup_stm32f103xe.o
 .debug_aranges
                0x00000028       0xb0 Drivers\STM32F1xx_HAL_Driver\Src\stm32f1xx_hal.o
 .debug_aranges
                0x000000d8       0xf0 Drivers\STM32F1xx_HAL_Driver\Src\stm32f1xx_hal_adc.o
 .debug_aranges
                0x000001c8       0x80 Drivers\STM32F1xx_HAL_Driver\Src\stm32f1xx_hal_adc_ex.o
 .debug_aranges
                0x00000248      0x100 Drivers\STM32F1xx_HAL_Driver\Src\stm32f1xx_hal_cortex.o
 .debug_aranges
                0x00000348       0x68 Drivers\STM32F1xx_HAL_Driver\Src\stm32f1xx_hal_dma.o
 .debug_aranges
                0x000003b0       0x58 Drivers\STM32F1xx_HAL_Driver\Src\stm32f1xx_hal_gpio.o
 .debug_aranges
                0x00000408      0x218 Drivers\STM32F1xx_HAL_Driver\Src\stm32f1xx_hal_i2c.o
 .debug_aranges
                0x00000620      0x120 Drivers\STM32F1xx_HAL_Driver\Src\stm32f1xx_hal_pcd.o
 .debug_aranges
                0x00000740       0x28 Drivers\STM32F1xx_HAL_Driver\Src\stm32f1xx_hal_pcd_ex.o
 .debug_aranges
                0x00000768       0x88 Drivers\STM32F1xx_HAL_Driver\Src\stm32f1xx_hal_rcc.o
 .debug_aranges
                0x000007f0       0x30 Drivers\STM32F1xx_HAL_Driver\Src\stm32f1xx_hal_rcc_ex.o
 .debug_aranges
                0x00000820      0x368 Drivers\STM32F1xx_HAL_Driver\Src\stm32f1xx_hal_tim.o
 .debug_aranges
                0x00000b88      0x138 Drivers\STM32F1xx_HAL_Driver\Src\stm32f1xx_hal_tim_ex.o
 .debug_aranges
                0x00000cc0      0x100 Drivers\STM32F1xx_HAL_Driver\Src\stm32f1xx_ll_usb.o
 .debug_aranges
                0x00000dc0       0x90 Middlewares\ST\STM32_USB_Device_Library\Class\CDC\Src\usbd_cdc.o
 .debug_aranges
                0x00000e50       0xb8 Middlewares\ST\STM32_USB_Device_Library\Core\Src\usbd_core.o
 .debug_aranges
                0x00000f08       0x88 Middlewares\ST\STM32_USB_Device_Library\Core\Src\usbd_ctlreq.o
 .debug_aranges
                0x00000f90       0x50 Middlewares\ST\STM32_USB_Device_Library\Core\Src\usbd_ioreq.o
 .debug_aranges
                0x00000fe0      0x1c0 Middlewares\Third_Party\FreeRTOS\Source\CMSIS_RTOS\cmsis_os.o
 .debug_aranges
                0x000011a0       0x40 Middlewares\Third_Party\FreeRTOS\Source\list.o
 .debug_aranges
                0x000011e0       0x98 Middlewares\Third_Party\FreeRTOS\Source\portable\GCC\ARM_CM3\port.o
 .debug_aranges
                0x00001278       0x50 Middlewares\Third_Party\FreeRTOS\Source\portable\MemMang\heap_4.o
 .debug_aranges
                0x000012c8      0x110 Middlewares\Third_Party\FreeRTOS\Source\queue.o
 .debug_aranges
                0x000013d8      0x200 Middlewares\Third_Party\FreeRTOS\Source\tasks.o
 .debug_aranges
                0x000015d8       0x28 Src\adc.o
 .debug_aranges
                0x00001600       0x88 Src\console.o
 .debug_aranges
                0x00001688       0x50 Src\freertos.o
 .debug_aranges
                0x000016d8       0x30 Src\i2c.o
 .debug_aranges
                0x00001708       0x40 Src\l3gd20.o
 .debug_aranges
                0x00001748      0x1c0 Src\lsm303dlhc.o
 .debug_aranges
                0x00001908       0x78 Src\main.o
 .debug_aranges
                0x00001980       0x48 Src\sensors.o
 .debug_aranges
                0x000019c8       0x58 Src\stm32f1xx_hal_msp.o
 .debug_aranges
                0x00001a20       0x60 Src\stm32f1xx_it.o
 .debug_aranges
                0x00001a80       0x28 Src\system_stm32f1xx.o
 .debug_aranges
                0x00001aa8       0x20 Src\usb_device.o
 .debug_aranges
                0x00001ac8       0x40 Src\usbd_cdc_if.o
 .debug_aranges
                0x00001b08      0x110 Src\usbd_conf.o
 .debug_aranges
                0x00001c18       0x50 Src\usbd_desc.o

.debug_ranges   0x00000000     0x19f0
 .debug_ranges  0x00000000       0x20 Drivers\CMSIS\Device\ST\STM32F1xx\Source\Templates\gcc\startup_stm32f103xe.o
 .debug_ranges  0x00000020       0xa0 Drivers\STM32F1xx_HAL_Driver\Src\stm32f1xx_hal.o
 .debug_ranges  0x000000c0       0xe0 Drivers\STM32F1xx_HAL_Driver\Src\stm32f1xx_hal_adc.o
 .debug_ranges  0x000001a0       0x70 Drivers\STM32F1xx_HAL_Driver\Src\stm32f1xx_hal_adc_ex.o
 .debug_ranges  0x00000210       0xf0 Drivers\STM32F1xx_HAL_Driver\Src\stm32f1xx_hal_cortex.o
 .debug_ranges  0x00000300       0x58 Drivers\STM32F1xx_HAL_Driver\Src\stm32f1xx_hal_dma.o
 .debug_ranges  0x00000358       0x48 Drivers\STM32F1xx_HAL_Driver\Src\stm32f1xx_hal_gpio.o
 .debug_ranges  0x000003a0      0x208 Drivers\STM32F1xx_HAL_Driver\Src\stm32f1xx_hal_i2c.o
 .debug_ranges  0x000005a8      0x110 Drivers\STM32F1xx_HAL_Driver\Src\stm32f1xx_hal_pcd.o
 .debug_ranges  0x000006b8       0x18 Drivers\STM32F1xx_HAL_Driver\Src\stm32f1xx_hal_pcd_ex.o
 .debug_ranges  0x000006d0       0x78 Drivers\STM32F1xx_HAL_Driver\Src\stm32f1xx_hal_rcc.o
 .debug_ranges  0x00000748       0x20 Drivers\STM32F1xx_HAL_Driver\Src\stm32f1xx_hal_rcc_ex.o
 .debug_ranges  0x00000768      0x358 Drivers\STM32F1xx_HAL_Driver\Src\stm32f1xx_hal_tim.o
 .debug_ranges  0x00000ac0      0x128 Drivers\STM32F1xx_HAL_Driver\Src\stm32f1xx_hal_tim_ex.o
 .debug_ranges  0x00000be8       0xf0 Drivers\STM32F1xx_HAL_Driver\Src\stm32f1xx_ll_usb.o
 .debug_ranges  0x00000cd8       0x80 Middlewares\ST\STM32_USB_Device_Library\Class\CDC\Src\usbd_cdc.o
 .debug_ranges  0x00000d58       0xa8 Middlewares\ST\STM32_USB_Device_Library\Core\Src\usbd_core.o
 .debug_ranges  0x00000e00       0x78 Middlewares\ST\STM32_USB_Device_Library\Core\Src\usbd_ctlreq.o
 .debug_ranges  0x00000e78       0x40 Middlewares\ST\STM32_USB_Device_Library\Core\Src\usbd_ioreq.o
 .debug_ranges  0x00000eb8      0x1b0 Middlewares\Third_Party\FreeRTOS\Source\CMSIS_RTOS\cmsis_os.o
 .debug_ranges  0x00001068       0x30 Middlewares\Third_Party\FreeRTOS\Source\list.o
 .debug_ranges  0x00001098       0x88 Middlewares\Third_Party\FreeRTOS\Source\portable\GCC\ARM_CM3\port.o
 .debug_ranges  0x00001120       0x40 Middlewares\Third_Party\FreeRTOS\Source\portable\MemMang\heap_4.o
 .debug_ranges  0x00001160      0x100 Middlewares\Third_Party\FreeRTOS\Source\queue.o
 .debug_ranges  0x00001260      0x1f0 Middlewares\Third_Party\FreeRTOS\Source\tasks.o
 .debug_ranges  0x00001450       0x18 Src\adc.o
 .debug_ranges  0x00001468       0x78 Src\console.o
 .debug_ranges  0x000014e0       0x40 Src\freertos.o
 .debug_ranges  0x00001520       0x20 Src\i2c.o
 .debug_ranges  0x00001540       0x30 Src\l3gd20.o
 .debug_ranges  0x00001570      0x1b0 Src\lsm303dlhc.o
 .debug_ranges  0x00001720       0x68 Src\main.o
 .debug_ranges  0x00001788       0x38 Src\sensors.o
 .debug_ranges  0x000017c0       0x48 Src\stm32f1xx_hal_msp.o
 .debug_ranges  0x00001808       0x50 Src\stm32f1xx_it.o
 .debug_ranges  0x00001858       0x18 Src\system_stm32f1xx.o
 .debug_ranges  0x00001870       0x10 Src\usb_device.o
 .debug_ranges  0x00001880       0x30 Src\usbd_cdc_if.o
 .debug_ranges  0x000018b0      0x100 Src\usbd_conf.o
 .debug_ranges  0x000019b0       0x40 Src\usbd_desc.o

.debug_str      0x00000000     0x81ed
 .debug_str     0x00000000      0xb9b Drivers\STM32F1xx_HAL_Driver\Src\stm32f1xx_hal.o
                                0xc54 (size before relaxing)
 .debug_str     0x00000b9b      0x5a5 Drivers\STM32F1xx_HAL_Driver\Src\stm32f1xx_hal_adc.o
                                0xca2 (size before relaxing)
 .debug_str     0x00001140      0x2b4 Drivers\STM32F1xx_HAL_Driver\Src\stm32f1xx_hal_adc_ex.o
                                0xc52 (size before relaxing)
 .debug_str     0x000013f4      0x31d Drivers\STM32F1xx_HAL_Driver\Src\stm32f1xx_hal_cortex.o
                                0xdf9 (size before relaxing)
 .debug_str     0x00001711      0x14d Drivers\STM32F1xx_HAL_Driver\Src\stm32f1xx_hal_dma.o
                                0x962 (size before relaxing)
 .debug_str     0x0000185e      0x1c4 Drivers\STM32F1xx_HAL_Driver\Src\stm32f1xx_hal_gpio.o
                                0x882 (size before relaxing)
 .debug_str     0x00001a22      0x855 Drivers\STM32F1xx_HAL_Driver\Src\stm32f1xx_hal_i2c.o
                               0x10a9 (size before relaxing)
 .debug_str     0x00002277      0x606 Drivers\STM32F1xx_HAL_Driver\Src\stm32f1xx_hal_pcd.o
                                0xceb (size before relaxing)
 .debug_str     0x0000287d       0x74 Drivers\STM32F1xx_HAL_Driver\Src\stm32f1xx_hal_pcd_ex.o
                                0x9a7 (size before relaxing)
 .debug_str     0x000028f1      0x2e6 Drivers\STM32F1xx_HAL_Driver\Src\stm32f1xx_hal_rcc.o
                                0xa10 (size before relaxing)
 .debug_str     0x00002bd7      0x151 Drivers\STM32F1xx_HAL_Driver\Src\stm32f1xx_hal_rcc_ex.o
                                0x83d (size before relaxing)
 .debug_str     0x00002d28      0xebd Drivers\STM32F1xx_HAL_Driver\Src\stm32f1xx_hal_tim.o
                               0x1738 (size before relaxing)
 .debug_str     0x00003be5      0x51f Drivers\STM32F1xx_HAL_Driver\Src\stm32f1xx_hal_tim_ex.o
                                0xfcd (size before relaxing)
 .debug_str     0x00004104      0x2d9 Drivers\STM32F1xx_HAL_Driver\Src\stm32f1xx_ll_usb.o
                                0xb7a (size before relaxing)
 .debug_str     0x000043dd      0x5ab Middlewares\ST\STM32_USB_Device_Library\Class\CDC\Src\usbd_cdc.o
                                0xc82 (size before relaxing)
 .debug_str     0x00004988      0x1c1 Middlewares\ST\STM32_USB_Device_Library\Core\Src\usbd_core.o
                                0xb93 (size before relaxing)
 .debug_str     0x00004b49      0x134 Middlewares\ST\STM32_USB_Device_Library\Core\Src\usbd_ctlreq.o
                                0xb19 (size before relaxing)
 .debug_str     0x00004c7d       0xc9 Middlewares\ST\STM32_USB_Device_Library\Core\Src\usbd_ioreq.o
                                0xaa1 (size before relaxing)
 .debug_str     0x00004d46      0x8a1 Middlewares\Third_Party\FreeRTOS\Source\CMSIS_RTOS\cmsis_os.o
                                0xf5d (size before relaxing)
 .debug_str     0x000055e7      0x14f Middlewares\Third_Party\FreeRTOS\Source\list.o
                                0x729 (size before relaxing)
 .debug_str     0x00005736      0x396 Middlewares\Third_Party\FreeRTOS\Source\portable\GCC\ARM_CM3\port.o
                                0x56b (size before relaxing)
 .debug_str     0x00005acc      0x21c Middlewares\Third_Party\FreeRTOS\Source\portable\MemMang\heap_4.o
                                0x7f1 (size before relaxing)
 .debug_str     0x00005ce8      0x530 Middlewares\Third_Party\FreeRTOS\Source\queue.o
                                0xc13 (size before relaxing)
 .debug_str     0x00006218      0xc21 Middlewares\Third_Party\FreeRTOS\Source\tasks.o
                               0x14a5 (size before relaxing)
 .debug_str     0x00006e39       0xa3 Src\adc.o
                                0x9df (size before relaxing)
 .debug_str     0x00006edc      0x1eb Src\console.o
                                0xcaf (size before relaxing)