Archive member included to satisfy reference by file (symbol)

c:/program files/atollic/truestudio for arm 7.1.0/armtools/bin/../lib/gcc/arm-atollic-eabi/5.3.1/../../../../arm-atollic-eabi/lib/armv7-m\libc_nano.a(lib_a-init.o)
                              Drivers\CMSIS\Device\ST\STM32F1xx\Source\Templates\gcc\startup_stm32f103xe.o (__libc_init_array)
c:/program files/atollic/truestudio for arm 7.1.0/armtools/bin/../lib/gcc/arm-atollic-eabi/5.3.1/../../../../arm-atollic-eabi/lib/armv7-m\libc_nano.a(lib_a-itoa.o)
                              Src\console_cmd.o (itoa)
c:/program files/atollic/truestudio for arm 7.1.0/armtools/bin/../lib/gcc/arm-atollic-eabi/5.3.1/../../../../arm-atollic-eabi/lib/armv7-m\libc_nano.a(lib_a-memcpy-stub.o)
                              Middlewares\Third_Party\FreeRTOS\Source\queue.o (memcpy)
c:/program files/atollic/truestudio for arm 7.1.0/armtools/bin/../lib/gcc/arm-atollic-eabi/5.3.1/../../../../arm-atollic-eabi/lib/armv7-m\libc_nano.a(lib_a-memmove.o)
                              microrl_lib\microrl.o (memmove)
c:/program files/atollic/truestudio for arm 7.1.0/armtools/bin/../lib/gcc/arm-atollic-eabi/5.3.1/../../../../arm-atollic-eabi/lib/armv7-m\libc_nano.a(lib_a-memset.o)
                              Drivers\STM32F1xx_HAL_Driver\Src\stm32f1xx_hal_rcc.o (memset)
c:/program files/atollic/truestudio for arm 7.1.0/armtools/bin/../lib/gcc/arm-atollic-eabi/5.3.1/../../../../arm-atollic-eabi/lib/armv7-m\libc_nano.a(lib_a-printf.o)
                              Src\console.o (printf)
c:/program files/atollic/truestudio for arm 7.1.0/armtools/bin/../lib/gcc/arm-atollic-eabi/5.3.1/../../../../arm-atollic-eabi/lib/armv7-m\libc_nano.a(lib_a-puts.o)
                              Src\console.o (puts)
c:/program files/atollic/truestudio for arm 7.1.0/armtools/bin/../lib/gcc/arm-atollic-eabi/5.3.1/../../../../arm-atollic-eabi/lib/armv7-m\libc_nano.a(lib_a-strcasecmp.o)
                              Src\console.o (strcasecmp)
c:/program files/atollic/truestudio for arm 7.1.0/armtools/bin/../lib/gcc/arm-atollic-eabi/5.3.1/../../../../arm-atollic-eabi/lib/armv7-m\libc_nano.a(lib_a-strcat.o)
                              Src\console_cmd.o (strcat)
c:/program files/atollic/truestudio for arm 7.1.0/armtools/bin/../lib/gcc/arm-atollic-eabi/5.3.1/../../../../arm-atollic-eabi/lib/armv7-m\libc_nano.a(lib_a-strcpy.o)
                              microrl_lib\microrl.o (strcpy)
c:/program files/atollic/truestudio for arm 7.1.0/armtools/bin/../lib/gcc/arm-atollic-eabi/5.3.1/../../../../arm-atollic-eabi/lib/armv7-m\libc_nano.a(lib_a-strlen.o)
                              Src\console.o (strlen)
c:/program files/atollic/truestudio for arm 7.1.0/armtools/bin/../lib/gcc/arm-atollic-eabi/5.3.1/../../../../arm-atollic-eabi/lib/armv7-m\libc_nano.a(lib_a-strncpy.o)
                              Src\console_cmd.o (strncpy)
c:/program files/atollic/truestudio for arm 7.1.0/armtools/bin/../lib/gcc/arm-atollic-eabi/5.3.1/../../../../arm-atollic-eabi/lib/armv7-m\libc_nano.a(lib_a-strstr.o)
                              Src\console.o (strstr)
c:/program files/atollic/truestudio for arm 7.1.0/armtools/bin/../lib/gcc/arm-atollic-eabi/5.3.1/../../../../arm-atollic-eabi/lib/armv7-m\libc_nano.a(lib_a-utoa.o)
                              c:/program files/atollic/truestudio for arm 7.1.0/armtools/bin/../lib/gcc/arm-atollic-eabi/5.3.1/../../../../arm-atollic-eabi/lib/armv7-m\libc_nano.a(lib_a-itoa.o) (__utoa)
c:/program files/atollic/truestudio for arm 7.1.0/armtools/bin/../lib/gcc/arm-atollic-eabi/5.3.1/../../../../arm-atollic-eabi/lib/armv7-m\libc_nano.a(lib_a-vprintf.o)
                              Src\console.o (vprintf)
c:/program files/atollic/truestudio for arm 7.1.0/armtools/bin/../lib/gcc/arm-atollic-eabi/5.3.1/../../../../arm-atollic-eabi/lib/armv7-m\libc_nano.a(lib_a-wbuf.o)
                              c:/program files/atollic/truestudio for arm 7.1.0/armtools/bin/../lib/gcc/arm-atollic-eabi/5.3.1/../../../../arm-atollic-eabi/lib/armv7-m\libc_nano.a(lib_a-puts.o) (__swbuf_r)
c:/program files/atollic/truestudio for arm 7.1.0/armtools/bin/../lib/gcc/arm-atollic-eabi/5.3.1/../../../../arm-atollic-eabi/lib/armv7-m\libc_nano.a(lib_a-wsetup.o)
                              c:/program files/atollic/truestudio for arm 7.1.0/armtools/bin/../lib/gcc/arm-atollic-eabi/5.3.1/../../../../arm-atollic-eabi/lib/armv7-m\libc_nano.a(lib_a-puts.o) (__swsetup_r)
c:/program files/atollic/truestudio for arm 7.1.0/armtools/bin/../lib/gcc/arm-atollic-eabi/5.3.1/../../../../arm-atollic-eabi/lib/armv7-m\libc_nano.a(lib_a-ctype_.o)
                              c:/program files/atollic/truestudio for arm 7.1.0/armtools/bin/../lib/gcc/arm-atollic-eabi/5.3.1/../../../../arm-atollic-eabi/lib/armv7-m\libc_nano.a(lib_a-strcasecmp.o) (__ctype_ptr__)
c:/program files/atollic/truestudio for arm 7.1.0/armtools/bin/../lib/gcc/arm-atollic-eabi/5.3.1/../../../../arm-atollic-eabi/lib/armv7-m\libc_nano.a(lib_a-fflush.o)
[...]
Memory Configuration

Name             Origin             Length             Attributes
RAM              0x20000000         0x00010000         xrw
FLASH            0x08000000         0x00080000         xr
*default*        0x00000000         0xffffffff

Linker script and memory map

LOAD c:/program files/atollic/truestudio for arm 7.1.0/armtools/bin/../lib/gcc/arm-atollic-eabi/5.3.1/armv7-m/crti.o
LOAD c:/program files/atollic/truestudio for arm 7.1.0/armtools/bin/../lib/gcc/arm-atollic-eabi/5.3.1/armv7-m/crtbegin.o
LOAD Drivers\CMSIS\Device\ST\STM32F1xx\Source\Templates\gcc\startup_stm32f103xe.o
LOAD Drivers\STM32F1xx_HAL_Driver\Src\stm32f1xx_hal.o
LOAD Drivers\STM32F1xx_HAL_Driver\Src\stm32f1xx_hal_adc.o
LOAD Drivers\STM32F1xx_HAL_Driver\Src\stm32f1xx_hal_adc_ex.o
LOAD Drivers\STM32F1xx_HAL_Driver\Src\stm32f1xx_hal_cortex.o
LOAD Drivers\STM32F1xx_HAL_Driver\Src\stm32f1xx_hal_dma.o
LOAD Drivers\STM32F1xx_HAL_Driver\Src\stm32f1xx_hal_flash.o
LOAD Drivers\STM32F1xx_HAL_Driver\Src\stm32f1xx_hal_flash_ex.o
LOAD Drivers\STM32F1xx_HAL_Driver\Src\stm32f1xx_hal_gpio.o
LOAD Drivers\STM32F1xx_HAL_Driver\Src\stm32f1xx_hal_gpio_ex.o
LOAD Drivers\STM32F1xx_HAL_Driver\Src\stm32f1xx_hal_pcd.o
LOAD Drivers\STM32F1xx_HAL_Driver\Src\stm32f1xx_hal_pcd_ex.o
LOAD Drivers\STM32F1xx_HAL_Driver\Src\stm32f1xx_hal_pwr.o
LOAD Drivers\STM32F1xx_HAL_Driver\Src\stm32f1xx_hal_rcc.o
LOAD Drivers\STM32F1xx_HAL_Driver\Src\stm32f1xx_hal_rcc_ex.o
LOAD Drivers\STM32F1xx_HAL_Driver\Src\stm32f1xx_hal_tim.o
LOAD Drivers\STM32F1xx_HAL_Driver\Src\stm32f1xx_hal_tim_ex.o
LOAD Drivers\STM32F1xx_HAL_Driver\Src\stm32f1xx_ll_usb.o
LOAD Middlewares\ST\STM32_USB_Device_Library\Class\CDC\Src\usbd_cdc.o
LOAD Middlewares\ST\STM32_USB_Device_Library\Core\Src\usbd_core.o
LOAD Middlewares\ST\STM32_USB_Device_Library\Core\Src\usbd_ctlreq.o
LOAD Middlewares\ST\STM32_USB_Device_Library\Core\Src\usbd_ioreq.o
LOAD Middlewares\Third_Party\FreeRTOS\Source\CMSIS_RTOS\cmsis_os.o
LOAD Middlewares\Third_Party\FreeRTOS\Source\croutine.o
LOAD Middlewares\Third_Party\FreeRTOS\Source\event_groups.o
LOAD Middlewares\Third_Party\FreeRTOS\Source\list.o
LOAD Middlewares\Third_Party\FreeRTOS\Source\portable\GCC\ARM_CM3\port.o
LOAD Middlewares\Third_Party\FreeRTOS\Source\portable\MemMang\heap_4.o
LOAD Middlewares\Third_Party\FreeRTOS\Source\queue.o
LOAD Middlewares\Third_Party\FreeRTOS\Source\tasks.o
LOAD Middlewares\Third_Party\FreeRTOS\Source\timers.o
LOAD Src\adc.o
LOAD Src\console.o
LOAD Src\console_cmd.o
LOAD Src\freertos.o
LOAD Src\main.o
LOAD Src\sensors.o
LOAD Src\stm32f1xx_hal_msp.o
LOAD Src\stm32f1xx_it.o
LOAD Src\syscalls.o
LOAD Src\system_stm32f1xx.o
LOAD Src\usb_device.o
LOAD Src\usbd_cdc_if.o
LOAD Src\usbd_conf.o
LOAD Src\usbd_desc.o
LOAD microrl_lib\microrl.o
START GROUP
LOAD c:/program files/atollic/truestudio for arm 7.1.0/armtools/bin/../lib/gcc/arm-atollic-eabi/5.3.1/../../../../arm-atollic-eabi/lib/armv7-m\libc_nano.a
LOAD c:/program files/atollic/truestudio for arm 7.1.0/armtools/bin/../lib/gcc/arm-atollic-eabi/5.3.1/../../../../arm-atollic-eabi/lib/armv7-m\libm.a
END GROUP
                0x00000080                malloc_getpagesize_P = 0x80
START GROUP
LOAD c:/program files/atollic/truestudio for arm 7.1.0/armtools/bin/../lib/gcc/arm-atollic-eabi/5.3.1/armv7-m\libgcc.a
LOAD c:/program files/atollic/truestudio for arm 7.1.0/armtools/bin/../lib/gcc/arm-atollic-eabi/5.3.1/../../../../arm-atollic-eabi/lib/armv7-m\libc_nano.a
END GROUP
START GROUP
LOAD c:/program files/atollic/truestudio for arm 7.1.0/armtools/bin/../lib/gcc/arm-atollic-eabi/5.3.1/armv7-m\libgcc.a
LOAD c:/program files/atollic/truestudio for arm 7.1.0/armtools/bin/../lib/gcc/arm-atollic-eabi/5.3.1/../../../../arm-atollic-eabi/lib/armv7-m\libc_nano.a
LOAD c:/program files/atollic/truestudio for arm 7.1.0/armtools/bin/../lib/gcc/arm-atollic-eabi/5.3.1/../../../../arm-atollic-eabi/lib/armv7-m\libnosys.a
END GROUP
START GROUP
LOAD c:/program files/atollic/truestudio for arm 7.1.0/armtools/bin/../lib/gcc/arm-atollic-eabi/5.3.1/armv7-m\libgcc.a
LOAD c:/program files/atollic/truestudio for arm 7.1.0/armtools/bin/../lib/gcc/arm-atollic-eabi/5.3.1/../../../../arm-atollic-eabi/lib/armv7-m\libc_nano.a
LOAD c:/program files/atollic/truestudio for arm 7.1.0/armtools/bin/../lib/gcc/arm-atollic-eabi/5.3.1/../../../../arm-atollic-eabi/lib/armv7-m\libnosys.a
END GROUP
LOAD c:/program files/atollic/truestudio for arm 7.1.0/armtools/bin/../lib/gcc/arm-atollic-eabi/5.3.1/armv7-m/crtend.o
LOAD c:/program files/atollic/truestudio for arm 7.1.0/armtools/bin/../lib/gcc/arm-atollic-eabi/5.3.1/armv7-m/crtn.o
                0x20010000                _estack = 0x20010000
                0x00000200                _Min_Heap_Size = 0x200
                0x00000400                _Min_Stack_Size = 0x400

.isr_vector     0x08000000      0x1e4
                0x08000000                . = ALIGN (0x4)
 *(.isr_vector)
 .isr_vector    0x08000000      0x1e4 Drivers\CMSIS\Device\ST\STM32F1xx\Source\Templates\gcc\startup_stm32f103xe.o
                0x08000000                g_pfnVectors
                0x080001e4                . = ALIGN (0x4)

.text           0x080001e8     0x7648
                0x080001e8                . = ALIGN (0x4)
 *(.text)
 .text          0x080001e8       0x40 c:/program files/atollic/truestudio for arm 7.1.0/armtools/bin/../lib/gcc/arm-atollic-eabi/5.3.1/armv7-m/crtbegin.o
 .text          0x08000228       0x10 c:/program files/atollic/truestudio for arm 7.1.0/armtools/bin/../lib/gcc/arm-atollic-eabi/5.3.1/../../../../arm-atollic-eabi/lib/armv7-m\libc_nano.a(lib_a-strlen.o)
                0x08000228                strlen
 .text          0x08000238      0x370 c:/program files/atollic/truestudio for arm 7.1.0/armtools/bin/../lib/gcc/arm-atollic-eabi/5.3.1/armv7-m\libgcc.a(_arm_addsubdf3.o)
                0x08000238                __aeabi_drsub
                0x08000240                __aeabi_dsub
                0x08000240                __subdf3
                0x08000244                __aeabi_dadd
                0x08000244                __adddf3
                0x080004bc                __floatunsidf
                0x080004bc                __aeabi_ui2d
                0x080004dc                __floatsidf
                0x080004dc                __aeabi_i2d
                0x08000500                __aeabi_f2d
                0x08000500                __extendsfdf2
                0x0800053c                __floatundidf
                0x0800053c                __aeabi_ul2d
                0x0800054c                __floatdidf
                0x0800054c                __aeabi_l2d
 .text          0x080005a8      0x424 c:/program files/atollic/truestudio for arm 7.1.0/armtools/bin/../lib/gcc/arm-atollic-eabi/5.3.1/armv7-m\libgcc.a(_arm_muldivdf3.o)
                0x080005a8                __aeabi_dmul
                0x080005a8                __muldf3
                0x080007fc                __divdf3
                0x080007fc                __aeabi_ddiv
 .text          0x080009cc       0x50 c:/program files/atollic/truestudio for arm 7.1.0/armtools/bin/../lib/gcc/arm-atollic-eabi/5.3.1/armv7-m\libgcc.a(_arm_fixdfsi.o)
                0x080009cc                __aeabi_d2iz
                0x080009cc                __fixdfsi
 .text          0x08000a1c       0xa0 c:/program files/atollic/truestudio for arm 7.1.0/armtools/bin/../lib/gcc/arm-atollic-eabi/5.3.1/armv7-m\libgcc.a(_arm_truncdfsf2.o)
                0x08000a1c                __truncdfsf2
                0x08000a1c                __aeabi_d2f
 .text          0x08000abc      0x21c c:/program files/atollic/truestudio for arm 7.1.0/armtools/bin/../lib/gcc/arm-atollic-eabi/5.3.1/armv7-m\libgcc.a(_arm_addsubsf3.o)
                0x08000abc                __aeabi_frsub
                0x08000ac4                __subsf3
                0x08000ac4                __aeabi_fsub
                0x08000ac8                __aeabi_fadd
                0x08000ac8                __addsf3
                0x08000c28                __aeabi_ui2f
                0x08000c28                __floatunsisf
                0x08000c30                __aeabi_i2f
                0x08000c30                __floatsisf
                0x08000c4c                __aeabi_ul2f
                0x08000c4c                __floatundisf
                0x08000c5c                __aeabi_l2f
                0x08000c5c                __floatdisf
 .text          0x08000cd8      0x2a0 c:/program files/atollic/truestudio for arm 7.1.0/armtools/bin/../lib/gcc/arm-atollic-eabi/5.3.1/armv7-m\libgcc.a(_arm_muldivsf3.o)
                0x08000cd8                __mulsf3
                0x08000cd8                __aeabi_fmul
                0x08000e40                __aeabi_fdiv
                0x08000e40                __divsf3
 .text          0x08000f78       0xec c:/program files/atollic/truestudio for arm 7.1.0/armtools/bin/../lib/gcc/arm-atollic-eabi/5.3.1/armv7-m\libgcc.a(_arm_cmpsf2.o)
                0x08000f78                __gesf2
                0x08000f78                __gtsf2
                0x08000f80                __lesf2
                0x08000f80                __ltsf2
                0x08000f88                __nesf2
                0x08000f88                __eqsf2
                0x08000f88                __cmpsf2
                0x08000fe8                __aeabi_cfrcmple
                0x08000ff0                __aeabi_cfcmpeq
                0x08000ff0                __aeabi_cfcmple
                0x08001000                __aeabi_fcmpeq
                0x08001014                __aeabi_fcmplt
                0x08001028                __aeabi_fcmple
                0x0800103c                __aeabi_fcmpge
                0x08001050                __aeabi_fcmpgt
 .text          0x08001064       0x4c c:/program files/atollic/truestudio for arm 7.1.0/armtools/bin/../lib/gcc/arm-atollic-eabi/5.3.1/armv7-m\libgcc.a(_arm_fixsfsi.o)
                0x08001064                __aeabi_f2iz
                0x08001064                __fixsfsi
 *(.text*)
 .text.Reset_Handler
                0x080010b0       0x48 Drivers\CMSIS\Device\ST\STM32F1xx\Source\Templates\gcc\startup_stm32f103xe.o
                0x080010b0                Reset_Handler
 .text.Default_Handler
                0x080010f8        0x2 Drivers\CMSIS\Device\ST\STM32F1xx\Source\Templates\gcc\startup_stm32f103xe.o
                0x080010f8                RTC_Alarm_IRQHandler
                0x080010f8                EXTI2_IRQHandler
                0x080010f8                TIM8_TRG_COM_IRQHandler
                0x080010f8                TIM8_CC_IRQHandler
                0x080010f8                TIM1_CC_IRQHandler
                0x080010f8                TIM6_IRQHandler
                0x080010f8                PVD_IRQHandler
                0x080010f8                SDIO_IRQHandler
                0x080010f8                EXTI3_IRQHandler
                0x080010f8                EXTI0_IRQHandler
                0x080010f8                I2C2_EV_IRQHandler
                0x080010f8                ADC1_2_IRQHandler
                0x080010f8                SPI1_IRQHandler
                0x080010f8                TAMPER_IRQHandler
                0x080010f8                TIM8_UP_IRQHandler
                0x080010f8                DMA2_Channel2_IRQHandler
                0x080010f8                DMA1_Channel4_IRQHandler
                0x080010f8                USART3_IRQHandler
                0x080010f8                RTC_IRQHandler
                0x080010f8                DMA1_Channel7_IRQHandler
                0x080010f8                CAN1_RX1_IRQHandler
                0x080010f8                UART5_IRQHandler
                0x080010f8                ADC3_IRQHandler
                0x080010f8                TIM4_IRQHandler
                0x080010f8                DMA2_Channel1_IRQHandler
                0x080010f8                I2C1_EV_IRQHandler
                0x080010f8                DMA1_Channel6_IRQHandler
                0x080010f8                UART4_IRQHandler
                0x080010f8                TIM3_IRQHandler
                0x080010f8                RCC_IRQHandler
                0x080010f8                TIM1_TRG_COM_IRQHandler
                0x080010f8                Default_Handler
                0x080010f8                EXTI15_10_IRQHandler
                0x080010f8                TIM7_IRQHandler
                0x080010f8                TIM5_IRQHandler
                0x080010f8                EXTI9_5_IRQHandler
                0x080010f8                SPI2_IRQHandler
                0x080010f8                DMA1_Channel5_IRQHandler
                0x080010f8                EXTI4_IRQHandler
                0x080010f8                USB_HP_CAN1_TX_IRQHandler
                0x080010f8                DMA1_Channel3_IRQHandler
                0x080010f8                FSMC_IRQHandler
                0x080010f8                TIM1_UP_IRQHandler
                0x080010f8                WWDG_IRQHandler
                0x080010f8                TIM2_IRQHandler
                0x080010f8                TIM1_BRK_IRQHandler
                0x080010f8                EXTI1_IRQHandler
                0x080010f8                DMA2_Channel4_5_IRQHandler
                0x080010f8                USART2_IRQHandler
                0x080010f8                I2C2_ER_IRQHandler
                0x080010f8                DMA1_Channel2_IRQHandler
                0x080010f8                TIM8_BRK_IRQHandler
                0x080010f8                CAN1_SCE_IRQHandler
                0x080010f8                FLASH_IRQHandler
                0x080010f8                USART1_IRQHandler
                0x080010f8                SPI3_IRQHandler
                0x080010f8                I2C1_ER_IRQHandler
                0x080010f8                USBWakeUp_IRQHandler
                0x080010f8                DMA2_Channel3_IRQHandler
 .text.HAL_InitTick
                0x080010fa       0x24 Drivers\STM32F1xx_HAL_Driver\Src\stm32f1xx_hal.o
                0x080010fa                HAL_InitTick
 *fill*         0x0800111e        0x2 
 .text.HAL_Init
                0x08001120       0x20 Drivers\STM32F1xx_HAL_Driver\Src\stm32f1xx_hal.o
                0x08001120                HAL_Init
 .text.HAL_IncTick
                0x08001140       0x10 Drivers\STM32F1xx_HAL_Driver\Src\stm32f1xx_hal.o
                0x08001140                HAL_IncTick
 .text.HAL_GetTick
                0x08001150        0xc Drivers\STM32F1xx_HAL_Driver\Src\stm32f1xx_hal.o
                0x08001150                HAL_GetTick
 .text.HAL_Delay
                0x0800115c       0x1a Drivers\STM32F1xx_HAL_Driver\Src\stm32f1xx_hal.o
                0x0800115c                HAL_Delay
 .text.HAL_ADC_ConvCpltCallback
                0x08001176        0x2 Drivers\STM32F1xx_HAL_Driver\Src\stm32f1xx_hal_adc.o
                0x08001176                HAL_ADC_ConvCpltCallback
 .text.ADC_DMAConvCplt
                0x08001178       0x4e Drivers\STM32F1xx_HAL_Driver\Src\stm32f1xx_hal_adc.o
                0x08001178                ADC_DMAConvCplt
 .text.HAL_ADC_ConvHalfCpltCallback
                0x080011c6        0x2 Drivers\STM32F1xx_HAL_Driver\Src\stm32f1xx_hal_adc.o
                0x080011c6                HAL_ADC_ConvHalfCpltCallback
 .text.ADC_DMAHalfConvCplt
                0x080011c8        0xa Drivers\STM32F1xx_HAL_Driver\Src\stm32f1xx_hal_adc.o
                0x080011c8                ADC_DMAHalfConvCplt
 .text.HAL_ADC_ErrorCallback
                0x080011d2        0x2 Drivers\STM32F1xx_HAL_Driver\Src\stm32f1xx_hal_adc.o
                0x080011d2                HAL_ADC_ErrorCallback
 .text.ADC_DMAError
                0x080011d4       0x1a Drivers\STM32F1xx_HAL_Driver\Src\stm32f1xx_hal_adc.o
                0x080011d4                ADC_DMAError
 *fill*         0x080011ee        0x2 
 .text.HAL_ADC_ConfigChannel
                0x080011f0      0x180 Drivers\STM32F1xx_HAL_Driver\Src\stm32f1xx_hal_adc.o
                0x080011f0                HAL_ADC_ConfigChannel
 .text.ADC_Enable
                0x08001370       0x70 Drivers\STM32F1xx_HAL_Driver\Src\stm32f1xx_hal_adc.o
                0x08001370                ADC_Enable
 .text.HAL_ADC_Start_DMA
                0x080013e0      0x120 Drivers\STM32F1xx_HAL_Driver\Src\stm32f1xx_hal_adc.o
                0x080013e0                HAL_ADC_Start_DMA
 .text.ADC_ConversionStop_Disable
                0x08001500       0x44 Drivers\STM32F1xx_HAL_Driver\Src\stm32f1xx_hal_adc.o
                0x08001500                ADC_ConversionStop_Disable
 .text.HAL_ADC_Init
                0x08001544      0x144 Drivers\STM32F1xx_HAL_Driver\Src\stm32f1xx_hal_adc.o
                0x08001544                HAL_ADC_Init
 .text.HAL_ADCEx_Calibration_Start
                0x08001688       0xd0 Drivers\STM32F1xx_HAL_Driver\Src\stm32f1xx_hal_adc_ex.o
                0x08001688                HAL_ADCEx_Calibration_Start
 .text.HAL_NVIC_SetPriorityGrouping
                0x08001758       0x24 Drivers\STM32F1xx_HAL_Driver\Src\stm32f1xx_hal_cortex.o
                0x08001758                HAL_NVIC_SetPriorityGrouping
 .text.HAL_NVIC_SetPriority
                0x0800177c       0x68 Drivers\STM32F1xx_HAL_Driver\Src\stm32f1xx_hal_cortex.o
                0x0800177c                HAL_NVIC_SetPriority
 .text.HAL_NVIC_EnableIRQ
                0x080017e4       0x18 Drivers\STM32F1xx_HAL_Driver\Src\stm32f1xx_hal_cortex.o
                0x080017e4                HAL_NVIC_EnableIRQ
 .text.HAL_SYSTICK_Config
                0x080017fc       0x2c Drivers\STM32F1xx_HAL_Driver\Src\stm32f1xx_hal_cortex.o
                0x080017fc                HAL_SYSTICK_Config
 .text.HAL_SYSTICK_CLKSourceConfig
                0x08001828       0x18 Drivers\STM32F1xx_HAL_Driver\Src\stm32f1xx_hal_cortex.o
                0x08001828                HAL_SYSTICK_CLKSourceConfig
 .text.HAL_DMA_Init
                0x08001840       0x4a Drivers\STM32F1xx_HAL_Driver\Src\stm32f1xx_hal_dma.o
                0x08001840                HAL_DMA_Init
 .text.HAL_DMA_Start_IT
                0x0800188a       0x5a Drivers\STM32F1xx_HAL_Driver\Src\stm32f1xx_hal_dma.o
                0x0800188a                HAL_DMA_Start_IT
 .text.HAL_DMA_IRQHandler
                0x080018e4      0x414 Drivers\STM32F1xx_HAL_Driver\Src\stm32f1xx_hal_dma.o
                0x080018e4                HAL_DMA_IRQHandler
 .text.HAL_GPIO_Init
                0x08001cf8      0x1cc Drivers\STM32F1xx_HAL_Driver\Src\stm32f1xx_hal_gpio.o
                0x08001cf8                HAL_GPIO_Init
 .text.HAL_GPIO_WritePin
                0x08001ec4        0x8 Drivers\STM32F1xx_HAL_Driver\Src\stm32f1xx_hal_gpio.o
                0x08001ec4                HAL_GPIO_WritePin
 .text.HAL_GPIO_TogglePin
                0x08001ecc        0x8 Drivers\STM32F1xx_HAL_Driver\Src\stm32f1xx_hal_gpio.o
                0x08001ecc                HAL_GPIO_TogglePin
 .text.HAL_PCD_Init
                0x08001ed4       0xd4 Drivers\STM32F1xx_HAL_Driver\Src\stm32f1xx_hal_pcd.o
                0x08001ed4                HAL_PCD_Init
 .text.HAL_PCD_Start
                0x08001fa8       0x2e Drivers\STM32F1xx_HAL_Driver\Src\stm32f1xx_hal_pcd.o
                0x08001fa8                HAL_PCD_Start
 .text.HAL_PCD_SetAddress
                0x08001fd6       0x28 Drivers\STM32F1xx_HAL_Driver\Src\stm32f1xx_hal_pcd.o
                0x08001fd6                HAL_PCD_SetAddress
 .text.HAL_PCD_EP_Open
                0x08001ffe       0x46 Drivers\STM32F1xx_HAL_Driver\Src\stm32f1xx_hal_pcd.o
                0x08001ffe                HAL_PCD_EP_Open
 .text.HAL_PCD_EP_Close
                0x08002044       0x42 Drivers\STM32F1xx_HAL_Driver\Src\stm32f1xx_hal_pcd.o
                0x08002044                HAL_PCD_EP_Close
 .text.HAL_PCD_EP_Receive
                0x08002086       0x48 Drivers\STM32F1xx_HAL_Driver\Src\stm32f1xx_hal_pcd.o
                0x08002086                HAL_PCD_EP_Receive
 .text.HAL_PCD_EP_GetRxCount
                0x080020ce        0xe Drivers\STM32F1xx_HAL_Driver\Src\stm32f1xx_hal_pcd.o
                0x080020ce                HAL_PCD_EP_GetRxCount
 .text.HAL_PCD_EP_Transmit
                0x080020dc       0x40 Drivers\STM32F1xx_HAL_Driver\Src\stm32f1xx_hal_pcd.o
                0x080020dc                HAL_PCD_EP_Transmit
 .text.HAL_PCD_IRQHandler
                0x0800211c      0x4d0 Drivers\STM32F1xx_HAL_Driver\Src\stm32f1xx_hal_pcd.o
                0x0800211c                HAL_PCD_IRQHandler
 .text.HAL_PCD_EP_SetStall
                0x080025ec       0x52 Drivers\STM32F1xx_HAL_Driver\Src\stm32f1xx_hal_pcd.o
                0x080025ec                HAL_PCD_EP_SetStall
 .text.HAL_PCD_EP_ClrStall
                0x0800263e       0x46 Drivers\STM32F1xx_HAL_Driver\Src\stm32f1xx_hal_pcd.o
                0x0800263e                HAL_PCD_EP_ClrStall
 .text.HAL_PCDEx_PMAConfig
                0x08002684       0x30 Drivers\STM32F1xx_HAL_Driver\Src\stm32f1xx_hal_pcd_ex.o
                0x08002684                HAL_PCDEx_PMAConfig
 .text.HAL_RCC_OscConfig
                0x080026b4      0x4c0 Drivers\STM32F1xx_HAL_Driver\Src\stm32f1xx_hal_rcc.o
                0x080026b4                HAL_RCC_OscConfig
 .text.HAL_RCC_GetSysClockFreq
                0x08002b74       0x90 Drivers\STM32F1xx_HAL_Driver\Src\stm32f1xx_hal_rcc.o
                0x08002b74                HAL_RCC_GetSysClockFreq
 .text.HAL_RCC_ClockConfig
                0x08002c04      0x164 Drivers\STM32F1xx_HAL_Driver\Src\stm32f1xx_hal_rcc.o
                0x08002c04                HAL_RCC_ClockConfig
 .text.HAL_RCC_GetHCLKFreq
                0x08002d68        0xc Drivers\STM32F1xx_HAL_Driver\Src\stm32f1xx_hal_rcc.o
                0x08002d68                HAL_RCC_GetHCLKFreq
 .text.HAL_RCC_GetPCLK2Freq
                0x08002d74       0x30 Drivers\STM32F1xx_HAL_Driver\Src\stm32f1xx_hal_rcc.o
                0x08002d74                HAL_RCC_GetPCLK2Freq
 .text.HAL_RCCEx_PeriphCLKConfig
                0x08002da4      0x114 Drivers\STM32F1xx_HAL_Driver\Src\stm32f1xx_hal_rcc_ex.o
                0x08002da4                HAL_RCCEx_PeriphCLKConfig
 .text.HAL_RCCEx_GetPeriphCLKFreq
                0x08002eb8      0x128 Drivers\STM32F1xx_HAL_Driver\Src\stm32f1xx_hal_rcc_ex.o
                0x08002eb8                HAL_RCCEx_GetPeriphCLKFreq
 .text.USB_CoreInit
                0x08002fe0        0xe Drivers\STM32F1xx_HAL_Driver\Src\stm32f1xx_ll_usb.o
                0x08002fe0                USB_CoreInit
 .text.USB_EnableGlobalInt
                0x08002fee       0x12 Drivers\STM32F1xx_HAL_Driver\Src\stm32f1xx_ll_usb.o
                0x08002fee                USB_EnableGlobalInt
 .text.USB_DisableGlobalInt
                0x08003000       0x14 Drivers\STM32F1xx_HAL_Driver\Src\stm32f1xx_ll_usb.o
                0x08003000                USB_DisableGlobalInt
 .text.USB_SetCurrentMode
                0x08003014        0x4 Drivers\STM32F1xx_HAL_Driver\Src\stm32f1xx_ll_usb.o
                0x08003014                USB_SetCurrentMode
 .text.USB_DevInit
                0x08003018       0x28 Drivers\STM32F1xx_HAL_Driver\Src\stm32f1xx_ll_usb.o
                0x08003018                USB_DevInit
 .text.USB_ActivateEndpoint
                0x08003040      0x2e4 Drivers\STM32F1xx_HAL_Driver\Src\stm32f1xx_ll_usb.o
                0x08003040                USB_ActivateEndpoint
 .text.USB_DeactivateEndpoint
                0x08003324      0x170 Drivers\STM32F1xx_HAL_Driver\Src\stm32f1xx_ll_usb.o
                0x08003324                USB_DeactivateEndpoint
 .text.USB_EPSetStall
                0x08003494       0x62 Drivers\STM32F1xx_HAL_Driver\Src\stm32f1xx_ll_usb.o
                0x08003494                USB_EPSetStall
 .text.USB_EPClearStall
                0x080034f6       0x84 Drivers\STM32F1xx_HAL_Driver\Src\stm32f1xx_ll_usb.o
                0x080034f6                USB_EPClearStall
 .text.USB_SetDevAddress
                0x0800357a        0xc Drivers\STM32F1xx_HAL_Driver\Src\stm32f1xx_ll_usb.o
                0x0800357a                USB_SetDevAddress
 .text.USB_DevConnect
                0x08003586        0x4 Drivers\STM32F1xx_HAL_Driver\Src\stm32f1xx_ll_usb.o
                0x08003586                USB_DevConnect
 .text.USB_DevDisconnect
                0x0800358a        0x4 Drivers\STM32F1xx_HAL_Driver\Src\stm32f1xx_ll_usb.o
                0x0800358a                USB_DevDisconnect
 .text.USB_ReadInterrupts
                0x0800358e        0x8 Drivers\STM32F1xx_HAL_Driver\Src\stm32f1xx_ll_usb.o
                0x0800358e                USB_ReadInterrupts
 .text.USB_EP0_OutStart
                0x08003596        0x4 Drivers\STM32F1xx_HAL_Driver\Src\stm32f1xx_ll_usb.o
                0x08003596                USB_EP0_OutStart
 .text.USB_WritePMA
                0x0800359a       0x22 Drivers\STM32F1xx_HAL_Driver\Src\stm32f1xx_ll_usb.o
                0x0800359a                USB_WritePMA
 .text.USB_EPStartXfer
                0x080035bc      0x1a0 Drivers\STM32F1xx_HAL_Driver\Src\stm32f1xx_ll_usb.o
                0x080035bc                USB_EPStartXfer
 .text.USB_ReadPMA
                0x0800375c       0x22 Drivers\STM32F1xx_HAL_Driver\Src\stm32f1xx_ll_usb.o
                0x0800375c                USB_ReadPMA
 .text.USBD_CDC_DataIn
                0x0800377e       0x12 Middlewares\ST\STM32_USB_Device_Library\Class\CDC\Src\usbd_cdc.o
 .text.USBD_CDC_EP0_RxReady
                0x08003790       0x28 Middlewares\ST\STM32_USB_Device_Library\Class\CDC\Src\usbd_cdc.o
 .text.USBD_CDC_GetFSCfgDesc
                0x080037b8        0xc Middlewares\ST\STM32_USB_Device_Library\Class\CDC\Src\usbd_cdc.o
 .text.USBD_CDC_GetHSCfgDesc
                0x080037c4        0xc Middlewares\ST\STM32_USB_Device_Library\Class\CDC\Src\usbd_cdc.o
 .text.USBD_CDC_GetOtherSpeedCfgDesc
                0x080037d0        0xc Middlewares\ST\STM32_USB_Device_Library\Class\CDC\Src\usbd_cdc.o
 .text.USBD_CDC_GetDeviceQualifierDescriptor
                0x080037dc        0xc Middlewares\ST\STM32_USB_Device_Library\Class\CDC\Src\usbd_cdc.o
                0x080037dc                USBD_CDC_GetDeviceQualifierDescriptor
 .text.USBD_CDC_DataOut
                0x080037e8       0x2e Middlewares\ST\STM32_USB_Device_Library\Class\CDC\Src\usbd_cdc.o
 *fill*         0x08003816        0x2 
 .text.USBD_CDC_Setup
                0x08003818       0x6c Middlewares\ST\STM32_USB_Device_Library\Class\CDC\Src\usbd_cdc.o
 .text.USBD_CDC_DeInit
                0x08003884       0x3a Middlewares\ST\STM32_USB_Device_Library\Class\CDC\Src\usbd_cdc.o
 .text.USBD_CDC_Init
                0x080038be       0x8c Middlewares\ST\STM32_USB_Device_Library\Class\CDC\Src\usbd_cdc.o
 .text.USBD_CDC_RegisterInterface
                0x0800394a        0xe Middlewares\ST\STM32_USB_Device_Library\Class\CDC\Src\usbd_cdc.o
                0x0800394a                USBD_CDC_RegisterInterface
 .text.USBD_CDC_SetTxBuffer
                0x08003958       0x10 Middlewares\ST\STM32_USB_Device_Library\Class\CDC\Src\usbd_cdc.o
                0x08003958                USBD_CDC_SetTxBuffer
 .text.USBD_CDC_SetRxBuffer
                0x08003968        0xc Middlewares\ST\STM32_USB_Device_Library\Class\CDC\Src\usbd_cdc.o
                0x08003968                USBD_CDC_SetRxBuffer
 .text.USBD_CDC_TransmitPacket
                0x08003974       0x2e Middlewares\ST\STM32_USB_Device_Library\Class\CDC\Src\usbd_cdc.o
                0x08003974                USBD_CDC_TransmitPacket
 .text.USBD_CDC_ReceivePacket
                0x080039a2       0x26 Middlewares\ST\STM32_USB_Device_Library\Class\CDC\Src\usbd_cdc.o
                0x080039a2                USBD_CDC_ReceivePacket
 .text.USBD_Init
                0x080039c8       0x2a Middlewares\ST\STM32_USB_Device_Library\Core\Src\usbd_core.o
                0x080039c8                USBD_Init
 .text.USBD_RegisterClass
                0x080039f2        0xe Middlewares\ST\STM32_USB_Device_Library\Core\Src\usbd_core.o
                0x080039f2                USBD_RegisterClass
 .text.USBD_Start
                0x08003a00        0xa Middlewares\ST\STM32_USB_Device_Library\Core\Src\usbd_core.o
                0x08003a00                USBD_Start
 .text.USBD_SetClassConfig
                0x08003a0a       0x16 Middlewares\ST\STM32_USB_Device_Library\Core\Src\usbd_core.o
                0x08003a0a                USBD_SetClassConfig
 .text.USBD_ClrClassConfig
                0x08003a20        0xe Middlewares\ST\STM32_USB_Device_Library\Core\Src\usbd_core.o
                0x08003a20                USBD_ClrClassConfig
 .text.USBD_LL_SetupStage
                0x08003a2e       0x5a Middlewares\ST\STM32_USB_Device_Library\Core\Src\usbd_core.o
                0x08003a2e                USBD_LL_SetupStage
 .text.USBD_LL_DataOutStage
                0x08003a88       0x62 Middlewares\ST\STM32_USB_Device_Library\Core\Src\usbd_core.o
                0x08003a88                USBD_LL_DataOutStage
 .text.USBD_LL_DataInStage
                0x08003aea       0x9c Middlewares\ST\STM32_USB_Device_Library\Core\Src\usbd_core.o
                0x08003aea                USBD_LL_DataInStage
 .text.USBD_LL_Reset
                0x08003b86       0x3e Middlewares\ST\STM32_USB_Device_Library\Core\Src\usbd_core.o
                0x08003b86                USBD_LL_Reset
 .text.USBD_LL_SetSpeed
                0x08003bc4        0x6 Middlewares\ST\STM32_USB_Device_Library\Core\Src\usbd_core.o
                0x08003bc4                USBD_LL_SetSpeed
 .text.USBD_LL_Suspend
                0x08003bca       0x12 Middlewares\ST\STM32_USB_Device_Library\Core\Src\usbd_core.o
                0x08003bca                USBD_LL_Suspend
 .text.USBD_LL_Resume
                0x08003bdc        0xc Middlewares\ST\STM32_USB_Device_Library\Core\Src\usbd_core.o
                0x08003bdc                USBD_LL_Resume
 .text.USBD_LL_SOF
                0x08003be8       0x18 Middlewares\ST\STM32_USB_Device_Library\Core\Src\usbd_core.o
                0x08003be8                USBD_LL_SOF
 .text.USBD_ParseSetupRequest
                0x08003c00       0x28 Middlewares\ST\STM32_USB_Device_Library\Core\Src\usbd_ctlreq.o
                0x08003c00                USBD_ParseSetupRequest
 .text.USBD_CtlError
                0x08003c28       0x16 Middlewares\ST\STM32_USB_Device_Library\Core\Src\usbd_ctlreq.o
                0x08003c28                USBD_CtlError
 *fill*         0x08003c3e        0x2 
 .text.USBD_StdDevReq
                0x08003c40      0x214 Middlewares\ST\STM32_USB_Device_Library\Core\Src\usbd_ctlreq.o
                0x08003c40                USBD_StdDevReq
 .text.USBD_StdItfReq
                0x08003e54       0x30 Middlewares\ST\STM32_USB_Device_Library\Core\Src\usbd_ctlreq.o
                0x08003e54                USBD_StdItfReq
 .text.USBD_StdEPReq
                0x08003e84       0xc6 Middlewares\ST\STM32_USB_Device_Library\Core\Src\usbd_ctlreq.o
                0x08003e84                USBD_StdEPReq
 .text.USBD_GetString
                0x08003f4a       0x38 Middlewares\ST\STM32_USB_Device_Library\Core\Src\usbd_ctlreq.o
                0x08003f4a                USBD_GetString
 .text.USBD_CtlSendData
                0x08003f82       0x1a Middlewares\ST\STM32_USB_Device_Library\Core\Src\usbd_ioreq.o
                0x08003f82                USBD_CtlSendData
 .text.USBD_CtlContinueSendData
                0x08003f9c       0x10 Middlewares\ST\STM32_USB_Device_Library\Core\Src\usbd_ioreq.o
                0x08003f9c                USBD_CtlContinueSendData
 .text.USBD_CtlPrepareRx
                0x08003fac       0x1e Middlewares\ST\STM32_USB_Device_Library\Core\Src\usbd_ioreq.o
                0x08003fac                USBD_CtlPrepareRx
 .text.USBD_CtlContinueRx
                0x08003fca       0x10 Middlewares\ST\STM32_USB_Device_Library\Core\Src\usbd_ioreq.o
                0x08003fca                USBD_CtlContinueRx
 .text.USBD_CtlSendStatus
                0x08003fda       0x16 Middlewares\ST\STM32_USB_Device_Library\Core\Src\usbd_ioreq.o
                0x08003fda                USBD_CtlSendStatus
 .text.USBD_CtlReceiveStatus
                0x08003ff0       0x16 Middlewares\ST\STM32_USB_Device_Library\Core\Src\usbd_ioreq.o
                0x08003ff0                USBD_CtlReceiveStatus
 .text.osSystickHandler
                0x08004006       0x14 Middlewares\Third_Party\FreeRTOS\Source\CMSIS_RTOS\cmsis_os.o
                0x08004006                osSystickHandler
 .text.vListInitialise
                0x0800401a       0x16 Middlewares\Third_Party\FreeRTOS\Source\list.o
                0x0800401a                vListInitialise
 .text.vListInitialiseItem
                0x08004030        0x6 Middlewares\Third_Party\FreeRTOS\Source\list.o
                0x08004030                vListInitialiseItem
 .text.vListInsertEnd
                0x08004036       0x18 Middlewares\Third_Party\FreeRTOS\Source\list.o
                0x08004036                vListInsertEnd
 .text.vListInsert
                0x0800404e       0x30 Middlewares\Third_Party\FreeRTOS\Source\list.o
                0x0800404e                vListInsert
 .text.uxListRemove
                0x0800407e       0x20 Middlewares\Third_Party\FreeRTOS\Source\list.o
                0x0800407e                uxListRemove
 *fill*         0x0800409e        0x2 
 .text.prvPortStartFirstTask
                0x080040a0       0x20 Middlewares\Third_Party\FreeRTOS\Source\portable\GCC\ARM_CM3\port.o
 .text.pxPortInitialiseStack
                0x080040c0       0x1c Middlewares\Third_Party\FreeRTOS\Source\portable\GCC\ARM_CM3\port.o
                0x080040c0                pxPortInitialiseStack
 .text.SVC_Handler
                0x080040dc       0x24 Middlewares\Third_Party\FreeRTOS\Source\portable\GCC\ARM_CM3\port.o
                0x080040dc                SVC_Handler
 .text.vPortYield
                0x08004100       0x18 Middlewares\Third_Party\FreeRTOS\Source\portable\GCC\ARM_CM3\port.o
                0x08004100                vPortYield
 .text.ulPortSetInterruptMask
                0x08004118       0x10 Middlewares\Third_Party\FreeRTOS\Source\portable\GCC\ARM_CM3\port.o
                0x08004118                ulPortSetInterruptMask
 .text.prvTaskExitError
                0x08004128       0x1c Middlewares\Third_Party\FreeRTOS\Source\portable\GCC\ARM_CM3\port.o
 .text.vPortEnterCritical
                0x08004144       0x34 Middlewares\Third_Party\FreeRTOS\Source\portable\GCC\ARM_CM3\port.o
                0x08004144                vPortEnterCritical
 .text.vPortClearInterruptMask
                0x08004178        0x6 Middlewares\Third_Party\FreeRTOS\Source\portable\GCC\ARM_CM3\port.o
                0x08004178                vPortClearInterruptMask
 *fill*         0x0800417e        0x2 
 .text.vPortExitCritical
                0x08004180       0x24 Middlewares\Third_Party\FreeRTOS\Source\portable\GCC\ARM_CM3\port.o
                0x08004180                vPortExitCritical
 .text.PendSV_Handler
                0x080041a4       0x44 Middlewares\Third_Party\FreeRTOS\Source\portable\GCC\ARM_CM3\port.o
                0x080041a4                PendSV_Handler
 .text.xPortSysTickHandler
                0x080041e8       0x24 Middlewares\Third_Party\FreeRTOS\Source\portable\GCC\ARM_CM3\port.o
                0x080041e8                xPortSysTickHandler
 .text.vPortSuppressTicksAndSleep
                0x0800420c      0x118 Middlewares\Third_Party\FreeRTOS\Source\portable\GCC\ARM_CM3\port.o
                0x0800420c                vPortSuppressTicksAndSleep
 .text.vPortSetupTimerInterrupt
                0x08004324       0x50 Middlewares\Third_Party\FreeRTOS\Source\portable\GCC\ARM_CM3\port.o
                0x08004324                vPortSetupTimerInterrupt
 .text.xPortStartScheduler
                0x08004374       0x94 Middlewares\Third_Party\FreeRTOS\Source\portable\GCC\ARM_CM3\port.o
                0x08004374                xPortStartScheduler
 .text.vPortValidateInterruptPriority
                0x08004408       0x44 Middlewares\Third_Party\FreeRTOS\Source\portable\GCC\ARM_CM3\port.o
                0x08004408                vPortValidateInterruptPriority
 .text.prvInsertBlockIntoFreeList
                0x0800444c       0x48 Middlewares\Third_Party\FreeRTOS\Source\portable\MemMang\heap_4.o
 .text.pvPortMalloc
                0x08004494      0x114 Middlewares\Third_Party\FreeRTOS\Source\portable\MemMang\heap_4.o
                0x08004494                pvPortMalloc
 .text.vPortFree
                0x080045a8       0x58 Middlewares\Third_Party\FreeRTOS\Source\portable\MemMang\heap_4.o
                0x080045a8                vPortFree
 .text.prvCopyDataToQueue
                0x08004600       0x6a Middlewares\Third_Party\FreeRTOS\Source\queue.o
 .text.prvCopyDataFromQueue
                0x0800466a       0x28 Middlewares\Third_Party\FreeRTOS\Source\queue.o
 .text.prvUnlockQueue
                0x08004692       0x68 Middlewares\Third_Party\FreeRTOS\Source\queue.o
 .text.xQueueGenericReset
                0x080046fa       0x62 Middlewares\Third_Party\FreeRTOS\Source\queue.o
                0x080046fa                xQueueGenericReset
 .text.xQueueGenericCreate
                0x0800475c       0x4c Middlewares\Third_Party\FreeRTOS\Source\queue.o
                0x0800475c                xQueueGenericCreate
 .text.xQueueGenericSendFromISR
                0x080047a8       0x8a Middlewares\Third_Party\FreeRTOS\Source\queue.o
                0x080047a8                xQueueGenericSendFromISR
 .text.xQueueGenericReceive
                0x08004832      0x12c Middlewares\Third_Party\FreeRTOS\Source\queue.o
                0x08004832                xQueueGenericReceive
 *fill*         0x0800495e        0x2 
 .text.prvGetExpectedIdleTime
                0x08004960       0x30 Middlewares\Third_Party\FreeRTOS\Source\tasks.o
 .text.prvResetNextTaskUnblockTime
                0x08004990       0x24 Middlewares\Third_Party\FreeRTOS\Source\tasks.o
 .text.prvAddCurrentTaskToDelayedList
                0x080049b4       0x50 Middlewares\Third_Party\FreeRTOS\Source\tasks.o
 .text.xTaskGenericCreate
                0x08004a04      0x1c8 Middlewares\Third_Party\FreeRTOS\Source\tasks.o
                0x08004a04                xTaskGenericCreate
 .text.vTaskStartScheduler
                0x08004bcc       0x64 Middlewares\Third_Party\FreeRTOS\Source\tasks.o
                0x08004bcc                vTaskStartScheduler
 .text.vTaskSuspendAll
                0x08004c30       0x10 Middlewares\Third_Party\FreeRTOS\Source\tasks.o
                0x08004c30                vTaskSuspendAll
 .text.vTaskStepTick
                0x08004c40       0x28 Middlewares\Third_Party\FreeRTOS\Source\tasks.o
                0x08004c40                vTaskStepTick
 .text.xTaskIncrementTick
                0x08004c68      0x134 Middlewares\Third_Party\FreeRTOS\Source\tasks.o
                0x08004c68                xTaskIncrementTick
 .text.xTaskResumeAll
                0x08004d9c       0xd0 Middlewares\Third_Party\FreeRTOS\Source\tasks.o
                0x08004d9c                xTaskResumeAll
 .text.vTaskDelay
                0x08004e6c       0x60 Middlewares\Third_Party\FreeRTOS\Source\tasks.o
                0x08004e6c                vTaskDelay
 .text.prvIdleTask
                0x08004ecc       0xa4 Middlewares\Third_Party\FreeRTOS\Source\tasks.o
 .text.vTaskSwitchContext
                0x08004f70       0x88 Middlewares\Third_Party\FreeRTOS\Source\tasks.o
                0x08004f70                vTaskSwitchContext
 .text.vTaskPlaceOnEventList
                0x08004ff8       0x64 Middlewares\Third_Party\FreeRTOS\Source\tasks.o
                0x08004ff8                vTaskPlaceOnEventList
 .text.xTaskRemoveFromEventList
                0x0800505c       0x7c Middlewares\Third_Party\FreeRTOS\Source\tasks.o
                0x0800505c                xTaskRemoveFromEventList
 .text.vTaskSetTimeOutState
                0x080050d8       0x20 Middlewares\Third_Party\FreeRTOS\Source\tasks.o
                0x080050d8                vTaskSetTimeOutState
 .text.xTaskCheckForTimeOut
                0x080050f8       0x5c Middlewares\Third_Party\FreeRTOS\Source\tasks.o
                0x080050f8                xTaskCheckForTimeOut
 .text.vTaskMissedYield
                0x08005154        0xc Middlewares\Third_Party\FreeRTOS\Source\tasks.o
                0x08005154                vTaskMissedYield
 .text.eTaskConfirmSleepModeStatus
                0x08005160       0x34 Middlewares\Third_Party\FreeRTOS\Source\tasks.o
                0x08005160                eTaskConfirmSleepModeStatus
 .text.xTaskGetSchedulerState
                0x08005194       0x20 Middlewares\Third_Party\FreeRTOS\Source\tasks.o
                0x08005194                xTaskGetSchedulerState
 .text.vTaskPriorityInherit
                0x080051b4       0x94 Middlewares\Third_Party\FreeRTOS\Source\tasks.o
                0x080051b4                vTaskPriorityInherit
 .text.xTaskPriorityDisinherit
                0x08005248       0x88 Middlewares\Third_Party\FreeRTOS\Source\tasks.o
                0x08005248                xTaskPriorityDisinherit
 .text.pvTaskIncrementMutexHeldCount
                0x080052d0       0x18 Middlewares\Third_Party\FreeRTOS\Source\tasks.o
                0x080052d0                pvTaskIncrementMutexHeldCount
 .text.MX_ADC1_Init
                0x080052e8       0x94 Src\adc.o
                0x080052e8                MX_ADC1_Init
 .text.adcGetChannel
                0x0800537c       0x10 Src\adc.o
                0x0800537c                adcGetChannel
 .text.prv_sigint
                0x0800538c       0x24 Src\console.o
 .text.prv_complet
                0x080053b0       0x64 Src\console.o
 .text.cmdHelp  0x08005414       0x3c Src\console.o
 .text.microrl_sendString
                0x08005450       0x1a Src\console.o
                0x08005450                microrl_sendString
 *fill*         0x0800546a        0x2 
 .text.consoleInit
                0x0800546c       0x18 Src\console.o
                0x0800546c                consoleInit
 .text.microrl_terminalInit
                0x08005484       0x3c Src\console.o
                0x08005484                microrl_terminalInit
 .text.microrl_terminalProcess
                0x080054c0       0x30 Src\console.o
                0x080054c0                microrl_terminalProcess
 .text.microrl_printStringWithEndl
                0x080054f0       0x14 Src\console.o
                0x080054f0                microrl_printStringWithEndl
 .text.prv_execute
                0x08005504       0x48 Src\console.o
 .text.fc_printf
                0x0800554c       0x1a Src\console.o
                0x0800554c                fc_printf
 *fill*         0x08005566        0x2 
 .text.consoleInput
                0x08005568       0x40 Src\console.o
                0x08005568                consoleInput
 .text.ftoa     0x080055a8       0xc8 Src\console_cmd.o
                0x080055a8                ftoa
 .text.cmdStatus
                0x08005670      0x14c Src\console_cmd.o
                0x08005670                cmdStatus
 .text.cmdClear
                0x080057bc       0x1c Src\console_cmd.o
                0x080057bc                cmdClear
 .text.configureTimerForRunTimeStats
                0x080057d8        0x2 Src\freertos.o
                0x080057d8                configureTimerForRunTimeStats
 .text.getRunTimeCounterValue
                0x080057da        0x4 Src\freertos.o
                0x080057da                getRunTimeCounterValue
 .text.vApplicationIdleHook
                0x080057de        0x2 Src\freertos.o
                0x080057de                vApplicationIdleHook
 .text.vApplicationTickHook
                0x080057e0        0x2 Src\freertos.o
                0x080057e0                vApplicationTickHook
 .text.vApplicationMallocFailedHook
                0x080057e2        0x2 Src\freertos.o
                0x080057e2                vApplicationMallocFailedHook
 .text.PreSleepProcessing
                0x080057e4        0x2 Src\freertos.o
                0x080057e4                PreSleepProcessing
 .text.PostSleepProcessing
                0x080057e6        0x2 Src\freertos.o
                0x080057e6                PostSleepProcessing
 .text.microrl_run
                0x080057e8        0xc Src\main.o
                0x080057e8                microrl_run
 .text.vLedTask
                0x080057f4       0x20 Src\main.o
                0x080057f4                vLedTask
 .text.SystemClock_Config
                0x08005814       0x7e Src\main.o
                0x08005814                SystemClock_Config
 *fill*         0x08005892        0x2 
 .text.startup.main
                0x08005894       0xe4 Src\main.o
                0x08005894                main
 .text.Error_Handler
                0x08005978        0x2 Src\main.o
                0x08005978                Error_Handler
 *fill*         0x0800597a        0x6 
 .text.cpuTemp  0x08005980       0x88 Src\sensors.o
                0x08005980                cpuTemp
 .text.HAL_ADC_MspInit
                0x08005a08       0x90 Src\stm32f1xx_hal_msp.o
                0x08005a08                HAL_ADC_MspInit
 .text.NMI_Handler
                0x08005a98        0x2 Src\stm32f1xx_it.o
                0x08005a98                NMI_Handler
 .text.HardFault_Handler
                0x08005a9a        0x2 Src\stm32f1xx_it.o
                0x08005a9a                HardFault_Handler
 .text.MemManage_Handler
                0x08005a9c        0x2 Src\stm32f1xx_it.o
                0x08005a9c                MemManage_Handler
 .text.BusFault_Handler
                0x08005a9e        0x2 Src\stm32f1xx_it.o
                0x08005a9e                BusFault_Handler
 .text.UsageFault_Handler
                0x08005aa0        0x2 Src\stm32f1xx_it.o
                0x08005aa0                UsageFault_Handler
 .text.DebugMon_Handler
                0x08005aa2        0x2 Src\stm32f1xx_it.o
                0x08005aa2                DebugMon_Handler
 .text.SysTick_Handler
                0x08005aa4        0xe Src\stm32f1xx_it.o
                0x08005aa4                SysTick_Handler
 *fill*         0x08005ab2        0x2 
 .text.DMA1_Channel1_IRQHandler
                0x08005ab4        0xc Src\stm32f1xx_it.o
                0x08005ab4                DMA1_Channel1_IRQHandler
 .text.USB_LP_CAN1_RX0_IRQHandler
                0x08005ac0        0xc Src\stm32f1xx_it.o
                0x08005ac0                USB_LP_CAN1_RX0_IRQHandler
 .text._sbrk    0x08005acc       0x1c Src\syscalls.o
                0x08005acc                _sbrk
 .text._close   0x08005ae8        0x6 Src\syscalls.o
                0x08005ae8                _close
 .text._fstat   0x08005aee        0xa Src\syscalls.o
                0x08005aee                _fstat
 .text._isatty  0x08005af8        0x4 Src\syscalls.o
                0x08005af8                _isatty
 .text._lseek   0x08005afc        0x4 Src\syscalls.o
                0x08005afc                _lseek
 .text._read    0x08005b00        0x4 Src\syscalls.o
                0x08005b00                _read
 .text._write   0x08005b04       0x2c Src\syscalls.o
                0x08005b04                _write
 .text.SystemInit
                0x08005b30       0x4c Src\system_stm32f1xx.o
                0x08005b30                SystemInit
 .text.MX_USB_DEVICE_Init
                0x08005b7c       0x38 Src\usb_device.o
                0x08005b7c                MX_USB_DEVICE_Init
 .text.CDC_DeInit_FS
                0x08005bb4        0x4 Src\usbd_cdc_if.o
 .text.CDC_Control_FS
                0x08005bb8        0x4 Src\usbd_cdc_if.o
 .text.CDC_Receive_FS
                0x08005bbc       0x4c Src\usbd_cdc_if.o
 .text.CDC_Init_FS
                0x08005c08       0x28 Src\usbd_cdc_if.o
 .text.CDC_Transmit_FS
                0x08005c30       0x2c Src\usbd_cdc_if.o
                0x08005c30                CDC_Transmit_FS
 .text.HAL_PCD_MspInit
                0x08005c5c       0x3c Src\usbd_conf.o
                0x08005c5c                HAL_PCD_MspInit
 .text.HAL_PCD_SetupStageCallback
                0x08005c98        0xc Src\usbd_conf.o
                0x08005c98                HAL_PCD_SetupStageCallback
 .text.HAL_PCD_DataOutStageCallback
                0x08005ca4       0x10 Src\usbd_conf.o
                0x08005ca4                HAL_PCD_DataOutStageCallback
 .text.HAL_PCD_DataInStageCallback
                0x08005cb4        0xe Src\usbd_conf.o
                0x08005cb4                HAL_PCD_DataInStageCallback
 .text.HAL_PCD_SOFCallback
                0x08005cc2        0x8 Src\usbd_conf.o
                0x08005cc2                HAL_PCD_SOFCallback
 .text.HAL_PCD_ResetCallback
                0x08005cca       0x1a Src\usbd_conf.o
                0x08005cca                HAL_PCD_ResetCallback
 .text.HAL_PCD_SuspendCallback
                0x08005ce4       0x20 Src\usbd_conf.o
                0x08005ce4                HAL_PCD_SuspendCallback
 .text.HAL_PCD_ResumeCallback
                0x08005d04        0x8 Src\usbd_conf.o
                0x08005d04                HAL_PCD_ResumeCallback
 .text.USBD_LL_Init
                0x08005d0c       0x84 Src\usbd_conf.o
                0x08005d0c                USBD_LL_Init
 .text.USBD_LL_Start
                0x08005d90       0x1c Src\usbd_conf.o
                0x08005d90                USBD_LL_Start
 .text.USBD_LL_OpenEP
                0x08005dac       0x20 Src\usbd_conf.o
                0x08005dac                USBD_LL_OpenEP
 .text.USBD_LL_CloseEP
                0x08005dcc       0x1c Src\usbd_conf.o
                0x08005dcc                USBD_LL_CloseEP
 .text.USBD_LL_StallEP
                0x08005de8       0x1c Src\usbd_conf.o
                0x08005de8                USBD_LL_StallEP
 .text.USBD_LL_ClearStallEP
                0x08005e04       0x1c Src\usbd_conf.o
                0x08005e04                USBD_LL_ClearStallEP
 .text.USBD_LL_IsStallEP
                0x08005e20       0x20 Src\usbd_conf.o
                0x08005e20                USBD_LL_IsStallEP
 .text.USBD_LL_SetUSBAddress
                0x08005e40       0x1c Src\usbd_conf.o
                0x08005e40                USBD_LL_SetUSBAddress
 .text.USBD_LL_Transmit
                0x08005e5c       0x1c Src\usbd_conf.o
                0x08005e5c                USBD_LL_Transmit
 .text.USBD_LL_PrepareReceive
                0x08005e78       0x1c Src\usbd_conf.o
                0x08005e78                USBD_LL_PrepareReceive
 .text.USBD_LL_GetRxDataSize
                0x08005e94        0xc Src\usbd_conf.o
                0x08005e94                USBD_LL_GetRxDataSize
 .text.USBD_static_malloc
                0x08005ea0        0x8 Src\usbd_conf.o
                0x08005ea0                USBD_static_malloc
 .text.USBD_static_free
                0x08005ea8        0x2 Src\usbd_conf.o
                0x08005ea8                USBD_static_free
 .text.HAL_PCDEx_SetConnectionState
                0x08005eaa        0x2 Src\usbd_conf.o
                0x08005eaa                HAL_PCDEx_SetConnectionState
 .text.USBD_FS_DeviceDescriptor
                0x08005eac        0xc Src\usbd_desc.o
                0x08005eac                USBD_FS_DeviceDescriptor
 .text.USBD_FS_LangIDStrDescriptor
                0x08005eb8        0xc Src\usbd_desc.o
                0x08005eb8                USBD_FS_LangIDStrDescriptor
 .text.USBD_FS_ManufacturerStrDescriptor
                0x08005ec4       0x1c Src\usbd_desc.o
                0x08005ec4                USBD_FS_ManufacturerStrDescriptor
 .text.USBD_FS_ProductStrDescriptor
                0x08005ee0       0x1c Src\usbd_desc.o
                0x08005ee0                USBD_FS_ProductStrDescriptor
 .text.USBD_FS_SerialStrDescriptor
                0x08005efc       0x1c Src\usbd_desc.o
                0x08005efc                USBD_FS_SerialStrDescriptor
 .text.USBD_FS_ConfigStrDescriptor
                0x08005f18       0x1c Src\usbd_desc.o
                0x08005f18                USBD_FS_ConfigStrDescriptor
 .text.USBD_FS_InterfaceStrDescriptor
                0x08005f34       0x1c Src\usbd_desc.o
                0x08005f34                USBD_FS_InterfaceStrDescriptor
 .text.split    0x08005f50       0x52 microrl_lib\microrl.o
 .text.u16bit_to_str
                0x08005fa2       0x4a microrl_lib\microrl.o
 .text.terminal_reset_cursor.isra.2
                0x08005fec       0x40 microrl_lib\microrl.o
 .text.terminal_move_cursor.isra.3
                0x0800602c       0x54 microrl_lib\microrl.o
 .text.terminal_print_line
                0x08006080       0x5c microrl_lib\microrl.o
 .text.hist_search
                0x080060dc      0x116 microrl_lib\microrl.o
 *fill*         0x080061f2        0x2 
 .text.microrl_backspace
                0x080061f4       0x50 microrl_lib\microrl.o
 .text.microrl_insert_text
                0x08006244       0x66 microrl_lib\microrl.o
 *fill*         0x080062aa        0x2 
 .text.microrl_init
                0x080062ac       0x58 microrl_lib\microrl.o
                0x080062ac                microrl_init
 .text.microrl_set_complete_callback
                0x08006304        0x6 microrl_lib\microrl.o
                0x08006304                microrl_set_complete_callback
 .text.microrl_set_execute_callback
                0x0800630a        0x6 microrl_lib\microrl.o
                0x0800630a                microrl_set_execute_callback
 .text.microrl_set_sigint_callback
                0x08006310        0x6 microrl_lib\microrl.o
                0x08006310                microrl_set_sigint_callback
 *fill*         0x08006316        0x2 
 .text.new_line_handler
                0x08006318       0xfc microrl_lib\microrl.o
                0x08006318                new_line_handler
 .text.microrl_insert_char
                0x08006414      0x2e8 microrl_lib\microrl.o
                0x08006414                microrl_insert_char
 .text.__libc_init_array
                0x080066fc       0x4c c:/program files/atollic/truestudio for arm 7.1.0/armtools/bin/../lib/gcc/arm-atollic-eabi/5.3.1/../../../../arm-atollic-eabi/lib/armv7-m\libc_nano.a(lib_a-init.o)
                0x080066fc                __libc_init_array
 .text.__itoa   0x08006748       0x2e c:/program files/atollic/truestudio for arm 7.1.0/armtools/bin/../lib/gcc/arm-atollic-eabi/5.3.1/../../../../arm-atollic-eabi/lib/armv7-m\libc_nano.a(lib_a-itoa.o)
                0x08006748                __itoa
 .text.itoa     0x08006776        0x4 c:/program files/atollic/truestudio for arm 7.1.0/armtools/bin/../lib/gcc/arm-atollic-eabi/5.3.1/../../../../arm-atollic-eabi/lib/armv7-m\libc_nano.a(lib_a-itoa.o)
                0x08006776                itoa
 .text.memcpy   0x0800677a       0x16 c:/program files/atollic/truestudio for arm 7.1.0/armtools/bin/../lib/gcc/arm-atollic-eabi/5.3.1/../../../../arm-atollic-eabi/lib/armv7-m\libc_nano.a(lib_a-memcpy-stub.o)
                0x0800677a                memcpy
 .text.memmove  0x08006790       0x36 c:/program files/atollic/truestudio for arm 7.1.0/armtools/bin/../lib/gcc/arm-atollic-eabi/5.3.1/../../../../arm-atollic-eabi/lib/armv7-m\libc_nano.a(lib_a-memmove.o)
                0x08006790                memmove
 .text.memset   0x080067c6       0x10 c:/program files/atollic/truestudio for arm 7.1.0/armtools/bin/../lib/gcc/arm-atollic-eabi/5.3.1/../../../../arm-atollic-eabi/lib/armv7-m\libc_nano.a(lib_a-memset.o)
                0x080067c6                memset
 *fill*         0x080067d6        0x2 
 .text.printf   0x080067d8       0x30 c:/program files/atollic/truestudio for arm 7.1.0/armtools/bin/../lib/gcc/arm-atollic-eabi/5.3.1/../../../../arm-atollic-eabi/lib/armv7-m\libc_nano.a(lib_a-printf.o)
                0x080067d8                iprintf
                0x080067d8                printf
 .text._puts_r  0x08006808       0xb4 c:/program files/atollic/truestudio for arm 7.1.0/armtools/bin/../lib/gcc/arm-atollic-eabi/5.3.1/../../../../arm-atollic-eabi/lib/armv7-m\libc_nano.a(lib_a-puts.o)
                0x08006808                _puts_r
 .text.puts     0x080068bc       0x10 c:/program files/atollic/truestudio for arm 7.1.0/armtools/bin/../lib/gcc/arm-atollic-eabi/5.3.1/../../../../arm-atollic-eabi/lib/armv7-m\libc_nano.a(lib_a-puts.o)
                0x080068bc                puts
 .text.strcasecmp
                0x080068cc       0x3c c:/program files/atollic/truestudio for arm 7.1.0/armtools/bin/../lib/gcc/arm-atollic-eabi/5.3.1/../../../../arm-atollic-eabi/lib/armv7-m\libc_nano.a(lib_a-strcasecmp.o)
                0x080068cc                strcasecmp
 .text.strcat   0x08006908       0x1e c:/program files/atollic/truestudio for arm 7.1.0/armtools/bin/../lib/gcc/arm-atollic-eabi/5.3.1/../../../../arm-atollic-eabi/lib/armv7-m\libc_nano.a(lib_a-strcat.o)
                0x08006908                strcat
 .text.strcpy   0x08006926       0x10 c:/program files/atollic/truestudio for arm 7.1.0/armtools/bin/../lib/gcc/arm-atollic-eabi/5.3.1/../../../../arm-atollic-eabi/lib/armv7-m\libc_nano.a(lib_a-strcpy.o)
                0x08006926                strcpy
 .text.strncpy  0x08006936       0x26 c:/program files/atollic/truestudio for arm 7.1.0/armtools/bin/../lib/gcc/arm-atollic-eabi/5.3.1/../../../../arm-atollic-eabi/lib/armv7-m\libc_nano.a(lib_a-strncpy.o)
                0x08006936                strncpy
 .text.strstr   0x0800695c       0x34 c:/program files/atollic/truestudio for arm 7.1.0/armtools/bin/../lib/gcc/arm-atollic-eabi/5.3.1/../../../../arm-atollic-eabi/lib/armv7-m\libc_nano.a(lib_a-strstr.o)
                0x0800695c                strstr
 .text.__utoa   0x08006990       0x78 c:/program files/atollic/truestudio for arm 7.1.0/armtools/bin/../lib/gcc/arm-atollic-eabi/5.3.1/../../../../arm-atollic-eabi/lib/armv7-m\libc_nano.a(lib_a-utoa.o)
                0x08006990                __utoa
 .text.vprintf  0x08006a08       0x2c c:/program files/atollic/truestudio for arm 7.1.0/armtools/bin/../lib/gcc/arm-atollic-eabi/5.3.1/../../../../arm-atollic-eabi/lib/armv7-m\libc_nano.a(lib_a-vprintf.o)
                0x08006a08                viprintf
                0x08006a08                vprintf
 .text.__swbuf_r
                0x08006a34       0xa8 c:/program files/atollic/truestudio for arm 7.1.0/armtools/bin/../lib/gcc/arm-atollic-eabi/5.3.1/../../../../arm-atollic-eabi/lib/armv7-m\libc_nano.a(lib_a-wbuf.o)
                0x08006a34                __swbuf_r
 .text.__swsetup_r
                0x08006adc       0xdc c:/program files/atollic/truestudio for arm 7.1.0/armtools/bin/../lib/gcc/arm-atollic-eabi/5.3.1/../../../../arm-atollic-eabi/lib/armv7-m\libc_nano.a(lib_a-wsetup.o)
                0x08006adc                __swsetup_r
 .text.__sflush_r
                0x08006bb8      0x10c c:/program files/atollic/truestudio for arm 7.1.0/armtools/bin/../lib/gcc/arm-atollic-eabi/5.3.1/../../../../arm-atollic-eabi/lib/armv7-m\libc_nano.a(lib_a-fflush.o)
                0x08006bb8                __sflush_r
 .text._fflush_r
                0x08006cc4       0x54 c:/program files/atollic/truestudio for arm 7.1.0/armtools/bin/../lib/gcc/arm-atollic-eabi/5.3.1/../../../../arm-atollic-eabi/lib/armv7-m\libc_nano.a(lib_a-fflush.o)
                0x08006cc4                _fflush_r
 .text._cleanup_r
                0x08006d18        0xc c:/program files/atollic/truestudio for arm 7.1.0/armtools/bin/../lib/gcc/arm-atollic-eabi/5.3.1/../../../../arm-atollic-eabi/lib/armv7-m\libc_nano.a(lib_a-findfp.o)
                0x08006d18                _cleanup_r
 .text.std.isra.0
                0x08006d24       0x48 c:/program files/atollic/truestudio for arm 7.1.0/armtools/bin/../lib/gcc/arm-atollic-eabi/5.3.1/../../../../arm-atollic-eabi/lib/armv7-m\libc_nano.a(lib_a-findfp.o)
 .text.__sfmoreglue
                0x08006d6c       0x2c c:/program files/atollic/truestudio for arm 7.1.0/armtools/bin/../lib/gcc/arm-atollic-eabi/5.3.1/../../../../arm-atollic-eabi/lib/armv7-m\libc_nano.a(lib_a-findfp.o)
                0x08006d6c                __sfmoreglue
 .text.__sinit  0x08006d98       0x60 c:/program files/atollic/truestudio for arm 7.1.0/armtools/bin/../lib/gcc/arm-atollic-eabi/5.3.1/../../../../arm-atollic-eabi/lib/armv7-m\libc_nano.a(lib_a-findfp.o)
                0x08006d98                __sinit
 .text.__sfp    0x08006df8       0x78 c:/program files/atollic/truestudio for arm 7.1.0/armtools/bin/../lib/gcc/arm-atollic-eabi/5.3.1/../../../../arm-atollic-eabi/lib/armv7-m\libc_nano.a(lib_a-findfp.o)
                0x08006df8                __sfp
 .text._fwalk_reent
                0x08006e70       0x3c c:/program files/atollic/truestudio for arm 7.1.0/armtools/bin/../lib/gcc/arm-atollic-eabi/5.3.1/../../../../arm-atollic-eabi/lib/armv7-m\libc_nano.a(lib_a-fwalk.o)
                0x08006e70                _fwalk_reent
 .text.__swhatbuf_r
                0x08006eac       0x46 c:/program files/atollic/truestudio for arm 7.1.0/armtools/bin/../lib/gcc/arm-atollic-eabi/5.3.1/../../../../arm-atollic-eabi/lib/armv7-m\libc_nano.a(lib_a-makebuf.o)
                0x08006eac                __swhatbuf_r
 *fill*         0x08006ef2        0x2 
 .text.__smakebuf_r
                0x08006ef4       0x78 c:/program files/atollic/truestudio for arm 7.1.0/armtools/bin/../lib/gcc/arm-atollic-eabi/5.3.1/../../../../arm-atollic-eabi/lib/armv7-m\libc_nano.a(lib_a-makebuf.o)
                0x08006ef4                __smakebuf_r
 .text._free_r  0x08006f6c       0x98 c:/program files/atollic/truestudio for arm 7.1.0/armtools/bin/../lib/gcc/arm-atollic-eabi/5.3.1/../../../../arm-atollic-eabi/lib/armv7-m\libc_nano.a(lib_a-nano-freer.o)
                0x08006f6c                _free_r
 .text._malloc_r
                0x08007004       0xbc c:/program files/atollic/truestudio for arm 7.1.0/armtools/bin/../lib/gcc/arm-atollic-eabi/5.3.1/../../../../arm-atollic-eabi/lib/armv7-m\libc_nano.a(lib_a-nano-mallocr.o)
                0x08007004                _malloc_r
 .text.__sfputc_r
                0x080070c0       0x2c c:/program files/atollic/truestudio for arm 7.1.0/armtools/bin/../lib/gcc/arm-atollic-eabi/5.3.1/../../../../arm-atollic-eabi/lib/armv7-m\libc_nano.a(lib_a-nano-vfprintf.o)
 .text.__sfputs_r
                0x080070ec       0x24 c:/program files/atollic/truestudio for arm 7.1.0/armtools/bin/../lib/gcc/arm-atollic-eabi/5.3.1/../../../../arm-atollic-eabi/lib/armv7-m\libc_nano.a(lib_a-nano-vfprintf.o)
                0x080070ec                __sfputs_r
 .text._vfprintf_r
                0x08007110      0x238 c:/program files/atollic/truestudio for arm 7.1.0/armtools/bin/../lib/gcc/arm-atollic-eabi/5.3.1/../../../../arm-atollic-eabi/lib/armv7-m\libc_nano.a(lib_a-nano-vfprintf.o)
                0x08007110                _vfprintf_r
                0x08007110                _vfiprintf_r
 .text._printf_common
                0x08007348       0xec c:/program files/atollic/truestudio for arm 7.1.0/armtools/bin/../lib/gcc/arm-atollic-eabi/5.3.1/../../../../arm-atollic-eabi/lib/armv7-m\libc_nano.a(lib_a-nano-vfprintf_i.o)
                0x08007348                _printf_common
 .text._printf_i
                0x08007434      0x24c c:/program files/atollic/truestudio for arm 7.1.0/armtools/bin/../lib/gcc/arm-atollic-eabi/5.3.1/../../../../arm-atollic-eabi/lib/armv7-m\libc_nano.a(lib_a-nano-vfprintf_i.o)
                0x08007434                _printf_i
 .text._sbrk_r  0x08007680       0x20 c:/program files/atollic/truestudio for arm 7.1.0/armtools/bin/../lib/gcc/arm-atollic-eabi/5.3.1/../../../../arm-atollic-eabi/lib/armv7-m\libc_nano.a(lib_a-sbrkr.o)
                0x08007680                _sbrk_r
 .text.__sread  0x080076a0       0x22 c:/program files/atollic/truestudio for arm 7.1.0/armtools/bin/../lib/gcc/arm-atollic-eabi/5.3.1/../../../../arm-atollic-eabi/lib/armv7-m\libc_nano.a(lib_a-stdio.o)
                0x080076a0                __sread
 .text.__swrite
                0x080076c2       0x38 c:/program files/atollic/truestudio for arm 7.1.0/armtools/bin/../lib/gcc/arm-atollic-eabi/5.3.1/../../../../arm-atollic-eabi/lib/armv7-m\libc_nano.a(lib_a-stdio.o)
                0x080076c2                __swrite
 .text.__sseek  0x080076fa       0x24 c:/program files/atollic/truestudio for arm 7.1.0/armtools/bin/../lib/gcc/arm-atollic-eabi/5.3.1/../../../../arm-atollic-eabi/lib/armv7-m\libc_nano.a(lib_a-stdio.o)
                0x080076fa                __sseek
 .text.__sclose
                0x0800771e        0x8 c:/program files/atollic/truestudio for arm 7.1.0/armtools/bin/../lib/gcc/arm-atollic-eabi/5.3.1/../../../../arm-atollic-eabi/lib/armv7-m\libc_nano.a(lib_a-stdio.o)
                0x0800771e                __sclose
 *fill*         0x08007726        0x2 
 .text._write_r
                0x08007728       0x24 c:/program files/atollic/truestudio for arm 7.1.0/armtools/bin/../lib/gcc/arm-atollic-eabi/5.3.1/../../../../arm-atollic-eabi/lib/armv7-m\libc_nano.a(lib_a-writer.o)
                0x08007728                _write_r
 .text._close_r
                0x0800774c       0x20 c:/program files/atollic/truestudio for arm 7.1.0/armtools/bin/../lib/gcc/arm-atollic-eabi/5.3.1/../../../../arm-atollic-eabi/lib/armv7-m\libc_nano.a(lib_a-closer.o)
                0x0800774c                _close_r
 .text._fstat_r
                0x0800776c       0x24 c:/program files/atollic/truestudio for arm 7.1.0/armtools/bin/../lib/gcc/arm-atollic-eabi/5.3.1/../../../../arm-atollic-eabi/lib/armv7-m\libc_nano.a(lib_a-fstatr.o)
                0x0800776c                _fstat_r
 .text._isatty_r
                0x08007790       0x20 c:/program files/atollic/truestudio for arm 7.1.0/armtools/bin/../lib/gcc/arm-atollic-eabi/5.3.1/../../../../arm-atollic-eabi/lib/armv7-m\libc_nano.a(lib_a-isattyr.o)
                0x08007790                _isatty_r
 .text._lseek_r
                0x080077b0       0x24 c:/program files/atollic/truestudio for arm 7.1.0/armtools/bin/../lib/gcc/arm-atollic-eabi/5.3.1/../../../../arm-atollic-eabi/lib/armv7-m\libc_nano.a(lib_a-lseekr.o)
                0x080077b0                _lseek_r
 .text.memchr   0x080077d4       0x1c c:/program files/atollic/truestudio for arm 7.1.0/armtools/bin/../lib/gcc/arm-atollic-eabi/5.3.1/../../../../arm-atollic-eabi/lib/armv7-m\libc_nano.a(lib_a-memchr-stub.o)
                0x080077d4                memchr
 .text.__malloc_lock
                0x080077f0        0x2 c:/program files/atollic/truestudio for arm 7.1.0/armtools/bin/../lib/gcc/arm-atollic-eabi/5.3.1/../../../../arm-atollic-eabi/lib/armv7-m\libc_nano.a(lib_a-mlock.o)
                0x080077f0                __malloc_lock
 .text.__malloc_unlock
                0x080077f2        0x2 c:/program files/atollic/truestudio for arm 7.1.0/armtools/bin/../lib/gcc/arm-atollic-eabi/5.3.1/../../../../arm-atollic-eabi/lib/armv7-m\libc_nano.a(lib_a-mlock.o)
                0x080077f2                __malloc_unlock
 .text._read_r  0x080077f4       0x24 c:/program files/atollic/truestudio for arm 7.1.0/armtools/bin/../lib/gcc/arm-atollic-eabi/5.3.1/../../../../arm-atollic-eabi/lib/armv7-m\libc_nano.a(lib_a-readr.o)
                0x080077f4                _read_r
 *(.glue_7)
 .glue_7        0x08007818        0x0 linker stubs
 *(.glue_7t)
 .glue_7t       0x08007818        0x0 linker stubs
 *(.eh_frame)
 .eh_frame      0x08007818        0x0 c:/program files/atollic/truestudio for arm 7.1.0/armtools/bin/../lib/gcc/arm-atollic-eabi/5.3.1/armv7-m/crtbegin.o
 *(.init)
 .init          0x08007818        0x4 c:/program files/atollic/truestudio for arm 7.1.0/armtools/bin/../lib/gcc/arm-atollic-eabi/5.3.1/armv7-m/crti.o
                0x08007818                _init
 .init          0x0800781c        0x8 c:/program files/atollic/truestudio for arm 7.1.0/armtools/bin/../lib/gcc/arm-atollic-eabi/5.3.1/armv7-m/crtn.o
 *(.fini)
 .fini          0x08007824        0x4 c:/program files/atollic/truestudio for arm 7.1.0/armtools/bin/../lib/gcc/arm-atollic-eabi/5.3.1/armv7-m/crti.o
                0x08007824                _fini
 .fini          0x08007828        0x8 c:/program files/atollic/truestudio for arm 7.1.0/armtools/bin/../lib/gcc/arm-atollic-eabi/5.3.1/armv7-m/crtn.o
                0x08007830                . = ALIGN (0x4)
                0x08007830                _etext = .

.vfp11_veneer   0x08007830        0x0
 .vfp11_veneer  0x08007830        0x0 linker stubs

.v4_bx          0x08007830        0x0
 .v4_bx         0x08007830        0x0 linker stubs

.iplt           0x08007830        0x0
 .iplt          0x08007830        0x0 c:/program files/atollic/truestudio for arm 7.1.0/armtools/bin/../lib/gcc/arm-atollic-eabi/5.3.1/armv7-m/crtbegin.o

.rodata         0x08007830      0x3e4
                0x08007830                . = ALIGN (0x4)
 *(.rodata)
 .rodata        0x08007830       0x12 Drivers\STM32F1xx_HAL_Driver\Src\stm32f1xx_hal_rcc.o
 .rodata        0x08007842       0x12 Drivers\STM32F1xx_HAL_Driver\Src\stm32f1xx_hal_rcc_ex.o
 *(.rodata*)
 .rodata.str1.1
                0x08007854        0x5 Middlewares\Third_Party\FreeRTOS\Source\tasks.o
 .rodata.str1.1
                0x08007859       0x65 Src\console.o
                                 0x67 (size before relaxing)
 *fill*         0x080078be        0x2 
 .rodata.cmd_keyworld
                0x080078c0       0x18 Src\console.o
 .rodata.str1.1
                0x080078d8       0xc9 Src\console_cmd.o
 .rodata.str1.1
                0x080079a1        0xc Src\main.o
 .rodata.AHBPrescTable
                0x080079ad       0x10 Src\system_stm32f1xx.o
                0x080079ad                AHBPrescTable
 .rodata.APBPrescTable
                0x080079bd        0x8 Src\system_stm32f1xx.o
                0x080079bd                APBPrescTable
 .rodata.CSWTCH.39
                0x080079c5        0x4 Src\usbd_conf.o
 .rodata.str1.1
                0x080079c9       0x4f Src\usbd_desc.o
 .rodata.str1.1
                0x08007a18       0x3d microrl_lib\microrl.o
                                 0x47 (size before relaxing)
 .rodata.str1.1
                0x08007a55       0x25 c:/program files/atollic/truestudio for arm 7.1.0/armtools/bin/../lib/gcc/arm-atollic-eabi/5.3.1/../../../../arm-atollic-eabi/lib/armv7-m\libc_nano.a(lib_a-utoa.o)
 .rodata._ctype_
                0x08007a7a      0x101 c:/program files/atollic/truestudio for arm 7.1.0/armtools/bin/../lib/gcc/arm-atollic-eabi/5.3.1/../../../../arm-atollic-eabi/lib/armv7-m\libc_nano.a(lib_a-ctype_.o)
                0x08007a7a                _ctype_
 *fill*         0x08007b7b        0x1 
 .rodata.__sf_fake_stdin
                0x08007b7c       0x20 c:/program files/atollic/truestudio for arm 7.1.0/armtools/bin/../lib/gcc/arm-atollic-eabi/5.3.1/../../../../arm-atollic-eabi/lib/armv7-m\libc_nano.a(lib_a-findfp.o)
                0x08007b7c                __sf_fake_stdin
 .rodata.__sf_fake_stdout
                0x08007b9c       0x20 c:/program files/atollic/truestudio for arm 7.1.0/armtools/bin/../lib/gcc/arm-atollic-eabi/5.3.1/../../../../arm-atollic-eabi/lib/armv7-m\libc_nano.a(lib_a-findfp.o)
                0x08007b9c                __sf_fake_stdout
 .rodata.__sf_fake_stderr
                0x08007bbc       0x20 c:/program files/atollic/truestudio for arm 7.1.0/armtools/bin/../lib/gcc/arm-atollic-eabi/5.3.1/../../../../arm-atollic-eabi/lib/armv7-m\libc_nano.a(lib_a-findfp.o)
                0x08007bbc                __sf_fake_stderr
 .rodata.str1.1
                0x08007bdc        0x2 c:/program files/atollic/truestudio for arm 7.1.0/armtools/bin/../lib/gcc/arm-atollic-eabi/5.3.1/../../../../arm-atollic-eabi/lib/armv7-m\libc_nano.a(lib_a-impure.o)
 .rodata._global_impure_ptr
                0x08007bdc        0x4 c:/program files/atollic/truestudio for arm 7.1.0/armtools/bin/../lib/gcc/arm-atollic-eabi/5.3.1/../../../../arm-atollic-eabi/lib/armv7-m\libc_nano.a(lib_a-impure.o)
                0x08007bdc                _global_impure_ptr
 .rodata.str1.1
                0x08007be0       0x11 c:/program files/atollic/truestudio for arm 7.1.0/armtools/bin/../lib/gcc/arm-atollic-eabi/5.3.1/../../../../arm-atollic-eabi/lib/armv7-m\libc_nano.a(lib_a-nano-vfprintf.o)
 .rodata.str1.1
                0x08007bf1       0x22 c:/program files/atollic/truestudio for arm 7.1.0/armtools/bin/../lib/gcc/arm-atollic-eabi/5.3.1/../../../../arm-atollic-eabi/lib/armv7-m\libc_nano.a(lib_a-nano-vfprintf_i.o)
                0x08007c14                . = ALIGN (0x4)
 *fill*         0x08007c13        0x1 

.rel.dyn        0x08007c14        0x0
 .rel.iplt      0x08007c14        0x0 c:/program files/atollic/truestudio for arm 7.1.0/armtools/bin/../lib/gcc/arm-atollic-eabi/5.3.1/armv7-m/crtbegin.o

.ARM.extab
 *(.ARM.extab* .gnu.linkonce.armextab.*)

.ARM            0x08007c14        0x0
                0x08007c14                __exidx_start = .
 *(.ARM.exidx*)
                0x08007c14                __exidx_end = .

.preinit_array  0x08007c14        0x0
                0x08007c14                PROVIDE (__preinit_array_start, .)
 *(.preinit_array*)
                0x08007c14                PROVIDE (__preinit_array_end, .)

.init_array     0x08007c14        0x4
                0x08007c14                PROVIDE (__init_array_start, .)
 *(SORT(.init_array.*))
 *(.init_array*)
 .init_array    0x08007c14        0x4 c:/program files/atollic/truestudio for arm 7.1.0/armtools/bin/../lib/gcc/arm-atollic-eabi/5.3.1/armv7-m/crtbegin.o
                0x08007c18                PROVIDE (__init_array_end, .)

.fini_array     0x08007c18        0x4
                [!provide]                PROVIDE (__fini_array_start, .)
 *(SORT(.fini_array.*))
 *(.fini_array*)
 .fini_array    0x08007c18        0x4 c:/program files/atollic/truestudio for arm 7.1.0/armtools/bin/../lib/gcc/arm-atollic-eabi/5.3.1/armv7-m/crtbegin.o
                [!provide]                PROVIDE (__fini_array_end, .)
                0x08007c1c                _sidata = LOADADDR (.data)

.data           0x20000000      0x1cc load address 0x08007c1c
                0x20000000                . = ALIGN (0x4)
                0x20000000                _sdata = .
 *(.data)
 *(.data*)
 .data.USBD_CDC_CfgFSDesc
                0x20000000       0x43 Middlewares\ST\STM32_USB_Device_Library\Class\CDC\Src\usbd_cdc.o
                0x20000000                USBD_CDC_CfgFSDesc
 *fill*         0x20000043        0x1 
 .data.USBD_CDC
                0x20000044       0x38 Middlewares\ST\STM32_USB_Device_Library\Class\CDC\Src\usbd_cdc.o
                0x20000044                USBD_CDC
 .data.USBD_CDC_DeviceQualifierDesc
                0x2000007c        0xa Middlewares\ST\STM32_USB_Device_Library\Class\CDC\Src\usbd_cdc.o
 *fill*         0x20000086        0x2 
 .data.USBD_CDC_OtherSpeedCfgDesc
                0x20000088       0x43 Middlewares\ST\STM32_USB_Device_Library\Class\CDC\Src\usbd_cdc.o
                0x20000088                USBD_CDC_OtherSpeedCfgDesc
 *fill*         0x200000cb        0x1 
 .data.USBD_CDC_CfgHSDesc
                0x200000cc       0x43 Middlewares\ST\STM32_USB_Device_Library\Class\CDC\Src\usbd_cdc.o
                0x200000cc                USBD_CDC_CfgHSDesc
 *fill*         0x2000010f        0x1 
 .data.uxCriticalNesting
                0x20000110        0x4 Middlewares\Third_Party\FreeRTOS\Source\portable\GCC\ARM_CM3\port.o
 .data.prl      0x20000114        0x4 Src\console.o
                0x20000114                prl
 .data.SystemCoreClock
                0x20000118        0x4 Src\system_stm32f1xx.o
                0x20000118                SystemCoreClock
 .data.USBD_Interface_fops_FS
                0x2000011c       0x10 Src\usbd_cdc_if.o
                0x2000011c                USBD_Interface_fops_FS
 .data.FS_Desc  0x2000012c       0x1c Src\usbd_desc.o
                0x2000012c                FS_Desc
 .data.USBD_LangIDDesc
                0x20000148        0x4 Src\usbd_desc.o
                0x20000148                USBD_LangIDDesc
 .data.USBD_FS_DeviceDesc
                0x2000014c       0x12 Src\usbd_desc.o
                0x2000014c                USBD_FS_DeviceDesc
 *fill*         0x2000015e        0x2 
 .data.prompt_default
                0x20000160        0x4 microrl_lib\microrl.o
                0x20000160                prompt_default
 .data.__ctype_ptr__
                0x20000164        0x4 c:/program files/atollic/truestudio for arm 7.1.0/armtools/bin/../lib/gcc/arm-atollic-eabi/5.3.1/../../../../arm-atollic-eabi/lib/armv7-m\libc_nano.a(lib_a-ctype_.o)
                0x20000164                __ctype_ptr__
 .data.impure_data
                0x20000168       0x60 c:/program files/atollic/truestudio for arm 7.1.0/armtools/bin/../lib/gcc/arm-atollic-eabi/5.3.1/../../../../arm-atollic-eabi/lib/armv7-m\libc_nano.a(lib_a-impure.o)
 .data._impure_ptr
                0x200001c8        0x4 c:/program files/atollic/truestudio for arm 7.1.0/armtools/bin/../lib/gcc/arm-atollic-eabi/5.3.1/../../../../arm-atollic-eabi/lib/armv7-m\libc_nano.a(lib_a-impure.o)
                0x200001c8                _impure_ptr
                0x200001cc                . = ALIGN (0x4)
                0x200001cc                _edata = .

.igot.plt       0x200001cc        0x0 load address 0x08007de8
 .igot.plt      0x200001cc        0x0 c:/program files/atollic/truestudio for arm 7.1.0/armtools/bin/../lib/gcc/arm-atollic-eabi/5.3.1/armv7-m/crtbegin.o
                0x200001cc                . = ALIGN (0x4)

.bss            0x200001cc     0x35dc load address 0x08007de8
                0x200001cc                _sbss = .
                0x200001cc                __bss_start__ = _sbss
 *(.bss)
 .bss           0x200001cc       0x1c c:/program files/atollic/truestudio for arm 7.1.0/armtools/bin/../lib/gcc/arm-atollic-eabi/5.3.1/armv7-m/crtbegin.o
 *(.bss*)
 .bss.uwTick    0x200001e8        0x4 Drivers\STM32F1xx_HAL_Driver\Src\stm32f1xx_hal.o
 .bss.ifalt.7702
                0x200001ec        0x1 Middlewares\ST\STM32_USB_Device_Library\Class\CDC\Src\usbd_cdc.o
 .bss.cfgidx.7707
                0x200001ed        0x1 Middlewares\ST\STM32_USB_Device_Library\Core\Src\usbd_ctlreq.o
 *fill*         0x200001ee        0x2 
 .bss.ulTimerCountsForOneTick
                0x200001f0        0x4 Middlewares\Third_Party\FreeRTOS\Source\portable\GCC\ARM_CM3\port.o
 .bss.ulStoppedTimerCompensation
                0x200001f4        0x4 Middlewares\Third_Party\FreeRTOS\Source\portable\GCC\ARM_CM3\port.o
 .bss.ucMaxSysCallPriority
                0x200001f8        0x1 Middlewares\Third_Party\FreeRTOS\Source\portable\GCC\ARM_CM3\port.o
 *fill*         0x200001f9        0x3 
 .bss.ulMaxPRIGROUPValue
                0x200001fc        0x4 Middlewares\Third_Party\FreeRTOS\Source\portable\GCC\ARM_CM3\port.o
 .bss.xMaximumPossibleSuppressedTicks
                0x20000200        0x4 Middlewares\Third_Party\FreeRTOS\Source\portable\GCC\ARM_CM3\port.o
 .bss.xFreeBytesRemaining
                0x20000204        0x4 Middlewares\Third_Party\FreeRTOS\Source\portable\MemMang\heap_4.o
 .bss.pxEnd     0x20000208        0x4 Middlewares\Third_Party\FreeRTOS\Source\portable\MemMang\heap_4.o
 .bss.xStart    0x2000020c        0x8 Middlewares\Third_Party\FreeRTOS\Source\portable\MemMang\heap_4.o
 .bss.ucHeap    0x20000214     0x2800 Middlewares\Third_Party\FreeRTOS\Source\portable\MemMang\heap_4.o
 .bss.xBlockAllocatedBit
                0x20002a14        0x4 Middlewares\Third_Party\FreeRTOS\Source\portable\MemMang\heap_4.o
 .bss.xMinimumEverFreeBytesRemaining
                0x20002a18        0x4 Middlewares\Third_Party\FreeRTOS\Source\portable\MemMang\heap_4.o
 .bss.ulTaskSwitchedInTime
                0x20002a1c        0x4 Middlewares\Third_Party\FreeRTOS\Source\tasks.o
 .bss.xNumOfOverflows
                0x20002a20        0x4 Middlewares\Third_Party\FreeRTOS\Source\tasks.o
 .bss.pxDelayedTaskList
                0x20002a24        0x4 Middlewares\Third_Party\FreeRTOS\Source\tasks.o
 .bss.xSchedulerRunning
                0x20002a28        0x4 Middlewares\Third_Party\FreeRTOS\Source\tasks.o
 .bss.uxTasksDeleted
                0x20002a2c        0x4 Middlewares\Third_Party\FreeRTOS\Source\tasks.o
 .bss.xDelayedTaskList1
                0x20002a30       0x14 Middlewares\Third_Party\FreeRTOS\Source\tasks.o
 .bss.uxPendedTicks
                0x20002a44        0x4 Middlewares\Third_Party\FreeRTOS\Source\tasks.o
 .bss.pxReadyTasksLists
                0x20002a48       0x8c Middlewares\Third_Party\FreeRTOS\Source\tasks.o
 .bss.xTasksWaitingTermination
                0x20002ad4       0x14 Middlewares\Third_Party\FreeRTOS\Source\tasks.o
 .bss.pxCurrentTCB
                0x20002ae8        0x4 Middlewares\Third_Party\FreeRTOS\Source\tasks.o
                0x20002ae8                pxCurrentTCB
 .bss.xNextTaskUnblockTime
                0x20002aec        0x4 Middlewares\Third_Party\FreeRTOS\Source\tasks.o
 .bss.uxSchedulerSuspended
                0x20002af0        0x4 Middlewares\Third_Party\FreeRTOS\Source\tasks.o
 .bss.xTickCount
                0x20002af4        0x4 Middlewares\Third_Party\FreeRTOS\Source\tasks.o
 .bss.pxOverflowDelayedTaskList
                0x20002af8        0x4 Middlewares\Third_Party\FreeRTOS\Source\tasks.o
 .bss.xPendingReadyList
                0x20002afc       0x14 Middlewares\Third_Party\FreeRTOS\Source\tasks.o
 .bss.uxTaskNumber
                0x20002b10        0x4 Middlewares\Third_Party\FreeRTOS\Source\tasks.o
 .bss.uxCurrentNumberOfTasks
                0x20002b14        0x4 Middlewares\Third_Party\FreeRTOS\Source\tasks.o
 .bss.xDelayedTaskList2
                0x20002b18       0x14 Middlewares\Third_Party\FreeRTOS\Source\tasks.o
 .bss.xSuspendedTaskList
                0x20002b2c       0x14 Middlewares\Third_Party\FreeRTOS\Source\tasks.o
 .bss.uxTopReadyPriority
                0x20002b40        0x4 Middlewares\Third_Party\FreeRTOS\Source\tasks.o
 .bss.xYieldPending
                0x20002b44        0x4 Middlewares\Third_Party\FreeRTOS\Source\tasks.o
 .bss.adcValues
                0x20002b48        0x8 Src\adc.o
 .bss.xQueueCmdBuffer
                0x20002b50        0x4 Src\console.o
 .bss.heap.7804
                0x20002b54        0x4 Src\syscalls.o
 .bss.receive_total
                0x20002b58        0x4 Src\usbd_cdc_if.o
                0x20002b58                receive_total
 .bss.mem.7860  0x20002b5c      0x220 Src\usbd_conf.o
 .bss.__malloc_sbrk_start
                0x20002d7c        0x4 c:/program files/atollic/truestudio for arm 7.1.0/armtools/bin/../lib/gcc/arm-atollic-eabi/5.3.1/../../../../arm-atollic-eabi/lib/armv7-m\libc_nano.a(lib_a-nano-mallocr.o)
                0x20002d7c                __malloc_sbrk_start
 .bss.__malloc_free_list
                0x20002d80        0x4 c:/program files/atollic/truestudio for arm 7.1.0/armtools/bin/../lib/gcc/arm-atollic-eabi/5.3.1/../../../../arm-atollic-eabi/lib/armv7-m\libc_nano.a(lib_a-nano-mallocr.o)
                0x20002d80                __malloc_free_list
 *(COMMON)
 COMMON         0x20002d84       0x68 Src\adc.o
                0x20002d84                hadc1
                0x20002db4                hdma_adc1
 COMMON         0x20002dec       0xe4 Src\console.o
                0x20002dec                rl
                0x20002ec0                compl_world
 COMMON         0x20002ed0        0x8 Src\main.o
                0x20002ed0                defaultTaskHandle
                0x20002ed4                periodBlink
 COMMON         0x20002ed8      0x224 Src\usb_device.o
                0x20002ed8                hUsbDeviceFS
 COMMON         0x200030fc       0x85 Src\usbd_cdc_if.o
                0x200030fc                received_data_size
                0x20003100                UserRxBufferFS
                0x20003140                received_data
                0x20003141                UserTxBufferFS
 *fill*         0x20003181        0x3 
 COMMON         0x20003184      0x420 Src\usbd_conf.o
                0x20003184                hpcd_USB_FS
 COMMON         0x200035a4      0x200 Src\usbd_desc.o
                0x200035a4                USBD_StrDesc
 COMMON         0x200037a4        0x4 c:/program files/atollic/truestudio for arm 7.1.0/armtools/bin/../lib/gcc/arm-atollic-eabi/5.3.1/../../../../arm-atollic-eabi/lib/armv7-m\libc_nano.a(lib_a-reent.o)
                0x200037a4                errno
                0x200037a8                . = ALIGN (0x4)
                0x200037a8                _ebss = .
                0x200037a8                __bss_end__ = _ebss

._user_heap_stack
                0x200037a8      0x600 load address 0x08007de8
                0x200037a8                . = ALIGN (0x4)
                [!provide]                PROVIDE (end, .)
                0x200037a8                PROVIDE (_end, .)
                0x200039a8                . = (. + _Min_Heap_Size)
 *fill*         0x200037a8      0x200 
                0x20003da8                . = (. + _Min_Stack_Size)
 *fill*         0x200039a8      0x400 
                0x20003da8                . = ALIGN (0x4)

/DISCARD/
 libc.a(*)
 libm.a(*)
 libgcc.a(*)

.ARM.attributes
                0x00000000       0x29
 *(.ARM.attributes)
 .ARM.attributes
                0x00000000       0x1d c:/program files/atollic/truestudio for arm 7.1.0/armtools/bin/../lib/gcc/arm-atollic-eabi/5.3.1/armv7-m/crti.o
 .ARM.attributes
                0x0000001d       0x2d c:/program files/atollic/truestudio for arm 7.1.0/armtools/bin/../lib/gcc/arm-atollic-eabi/5.3.1/armv7-m/crtbegin.o
 .ARM.attributes
                0x0000004a       0x21 Drivers\CMSIS\Device\ST\STM32F1xx\Source\Templates\gcc\startup_stm32f103xe.o
 .ARM.attributes
                0x0000006b       0x33 Drivers\STM32F1xx_HAL_Driver\Src\stm32f1xx_hal.o
 .ARM.attributes
                0x0000009e       0x33 Drivers\STM32F1xx_HAL_Driver\Src\stm32f1xx_hal_adc.o
 .ARM.attributes
                0x000000d1       0x33 Drivers\STM32F1xx_HAL_Driver\Src\stm32f1xx_hal_adc_ex.o
 .ARM.attributes
                0x00000104       0x33 Drivers\STM32F1xx_HAL_Driver\Src\stm32f1xx_hal_cortex.o
 .ARM.attributes
                0x00000137       0x33 Drivers\STM32F1xx_HAL_Driver\Src\stm32f1xx_hal_dma.o
 .ARM.attributes
                0x0000016a       0x33 Drivers\STM32F1xx_HAL_Driver\Src\stm32f1xx_hal_gpio.o
 .ARM.attributes
                0x0000019d       0x33 Drivers\STM32F1xx_HAL_Driver\Src\stm32f1xx_hal_pcd.o
 .ARM.attributes
                0x000001d0       0x33 Drivers\STM32F1xx_HAL_Driver\Src\stm32f1xx_hal_pcd_ex.o
 .ARM.attributes
                0x00000203       0x33 Drivers\STM32F1xx_HAL_Driver\Src\stm32f1xx_hal_rcc.o
 .ARM.attributes
                0x00000236       0x33 Drivers\STM32F1xx_HAL_Driver\Src\stm32f1xx_hal_rcc_ex.o
 .ARM.attributes
                0x00000269       0x33 Drivers\STM32F1xx_HAL_Driver\Src\stm32f1xx_ll_usb.o
 .ARM.attributes
                0x0000029c       0x33 Middlewares\ST\STM32_USB_Device_Library\Class\CDC\Src\usbd_cdc.o
 .ARM.attributes
                0x000002cf       0x33 Middlewares\ST\STM32_USB_Device_Library\Core\Src\usbd_core.o
 .ARM.attributes
                0x00000302       0x33 Middlewares\ST\STM32_USB_Device_Library\Core\Src\usbd_ctlreq.o
 .ARM.attributes
                0x00000335       0x33 Middlewares\ST\STM32_USB_Device_Library\Core\Src\usbd_ioreq.o
 .ARM.attributes
                0x00000368       0x33 Middlewares\Third_Party\FreeRTOS\Source\CMSIS_RTOS\cmsis_os.o
 .ARM.attributes
                0x0000039b       0x33 Middlewares\Third_Party\FreeRTOS\Source\list.o
 .ARM.attributes
                0x000003ce       0x33 Middlewares\Third_Party\FreeRTOS\Source\portable\GCC\ARM_CM3\port.o
 .ARM.attributes
                0x00000401       0x33 Middlewares\Third_Party\FreeRTOS\Source\portable\MemMang\heap_4.o
 .ARM.attributes
                0x00000434       0x33 Middlewares\Third_Party\FreeRTOS\Source\queue.o
 .ARM.attributes
                0x00000467       0x33 Middlewares\Third_Party\FreeRTOS\Source\tasks.o
 .ARM.attributes
                0x0000049a       0x33 Src\adc.o
 .ARM.attributes
                0x000004cd       0x33 Src\console.o
 .ARM.attributes
                0x00000500       0x33 Src\console_cmd.o
 .ARM.attributes
                0x00000533       0x33 Src\freertos.o
 .ARM.attributes
                0x00000566       0x33 Src\main.o
 .ARM.attributes
                0x00000599       0x33 Src\sensors.o
 .ARM.attributes
                0x000005cc       0x33 Src\stm32f1xx_hal_msp.o
 .ARM.attributes
                0x000005ff       0x33 Src\stm32f1xx_it.o
 .ARM.attributes
                0x00000632       0x33 Src\syscalls.o
 .ARM.attributes
                0x00000665       0x33 Src\system_stm32f1xx.o
 .ARM.attributes
                0x00000698       0x33 Src\usb_device.o
 .ARM.attributes
                0x000006cb       0x33 Src\usbd_cdc_if.o
 .ARM.attributes
                0x000006fe       0x33 Src\usbd_conf.o
 .ARM.attributes
                0x00000731       0x33 Src\usbd_desc.o
 .ARM.attributes
                0x00000764       0x33 microrl_lib\microrl.o
 .ARM.attributes
                0x00000797       0x2d c:/program files/atollic/truestudio for arm 7.1.0/armtools/bin/../lib/gcc/arm-atollic-eabi/5.3.1/../../../../arm-atollic-eabi/lib/armv7-m\libc_nano.a(lib_a-init.o)
 .ARM.attributes
                0x000007c4       0x2d c:/program files/atollic/truestudio for arm 7.1.0/armtools/bin/../lib/gcc/arm-atollic-eabi/5.3.1/../../../../arm-atollic-eabi/lib/armv7-m\libc_nano.a(lib_a-itoa.o)
 .ARM.attributes
                0x000007f1       0x2d c:/program files/atollic/truestudio for arm 7.1.0/armtools/bin/../lib/gcc/arm-atollic-eabi/5.3.1/../../../../arm-atollic-eabi/lib/armv7-m\libc_nano.a(lib_a-memcpy-stub.o)
 .ARM.attributes
                0x0000081e       0x2d c:/program files/atollic/truestudio for arm 7.1.0/armtools/bin/../lib/gcc/arm-atollic-eabi/5.3.1/../../../../arm-atollic-eabi/lib/armv7-m\libc_nano.a(lib_a-memmove.o)
 .ARM.attributes
                0x0000084b       0x2d c:/program files/atollic/truestudio for arm 7.1.0/armtools/bin/../lib/gcc/arm-atollic-eabi/5.3.1/../../../../arm-atollic-eabi/lib/armv7-m\libc_nano.a(lib_a-memset.o)
 .ARM.attributes
                0x00000878       0x2d c:/program files/atollic/truestudio for arm 7.1.0/armtools/bin/../lib/gcc/arm-atollic-eabi/5.3.1/../../../../arm-atollic-eabi/lib/armv7-m\libc_nano.a(lib_a-printf.o)
 .ARM.attributes
                0x000008a5       0x2d c:/program files/atollic/truestudio for arm 7.1.0/armtools/bin/../lib/gcc/arm-atollic-eabi/5.3.1/../../../../arm-atollic-eabi/lib/armv7-m\libc_nano.a(lib_a-puts.o)
 .ARM.attributes
                0x000008d2       0x2d c:/program files/atollic/truestudio for arm 7.1.0/armtools/bin/../lib/gcc/arm-atollic-eabi/5.3.1/../../../../arm-atollic-eabi/lib/armv7-m\libc_nano.a(lib_a-strcasecmp.o)
 .ARM.attributes
                0x000008ff       0x2d c:/program files/atollic/truestudio for arm 7.1.0/armtools/bin/../lib/gcc/arm-atollic-eabi/5.3.1/../../../../arm-atollic-eabi/lib/armv7-m\libc_nano.a(lib_a-strcat.o)
 .ARM.attributes
                0x0000092c       0x2d c:/program files/atollic/truestudio for arm 7.1.0/armtools/bin/../lib/gcc/arm-atollic-eabi/5.3.1/../../../../arm-atollic-eabi/lib/armv7-m\libc_nano.a(lib_a-strcpy.o)
 .ARM.attributes
                0x00000959       0x17 c:/program files/atollic/truestudio for arm 7.1.0/armtools/bin/../lib/gcc/arm-atollic-eabi/5.3.1/../../../../arm-atollic-eabi/lib/armv7-m\libc_nano.a(lib_a-strlen.o)
 .ARM.attributes
                0x00000970       0x2d c:/program files/atollic/truestudio for arm 7.1.0/armtools/bin/../lib/gcc/arm-atollic-eabi/5.3.1/../../../../arm-atollic-eabi/lib/armv7-m\libc_nano.a(lib_a-strncpy.o)
 .ARM.attributes
                0x0000099d       0x2d c:/program files/atollic/truestudio for arm 7.1.0/armtools/bin/../lib/gcc/arm-atollic-eabi/5.3.1/../../../../arm-atollic-eabi/lib/armv7-m\libc_nano.a(lib_a-strstr.o)
 .ARM.attributes
                0x000009ca       0x2d c:/program files/atollic/truestudio for arm 7.1.0/armtools/bin/../lib/gcc/arm-atollic-eabi/5.3.1/../../../../arm-atollic-eabi/lib/armv7-m\libc_nano.a(lib_a-utoa.o)
 .ARM.attributes
                0x000009f7       0x2d c:/program files/atollic/truestudio for arm 7.1.0/armtools/bin/../lib/gcc/arm-atollic-eabi/5.3.1/../../../../arm-atollic-eabi/lib/armv7-m\libc_nano.a(lib_a-vprintf.o)
 .ARM.attributes
                0x00000a24       0x2d c:/program files/atollic/truestudio for arm 7.1.0/armtools/bin/../lib/gcc/arm-atollic-eabi/5.3.1/../../../../arm-atollic-eabi/lib/armv7-m\libc_nano.a(lib_a-wbuf.o)
 .ARM.attributes
                0x00000a51       0x2d c:/program files/atollic/truestudio for arm 7.1.0/armtools/bin/../lib/gcc/arm-atollic-eabi/5.3.1/../../../../arm-atollic-eabi/lib/armv7-m\libc_nano.a(lib_a-wsetup.o)
 .ARM.attributes
                0x00000a7e       0x2d c:/program files/atollic/truestudio for arm 7.1.0/armtools/bin/../lib/gcc/arm-atollic-eabi/5.3.1/../../../../arm-atollic-eabi/lib/armv7-m\libc_nano.a(lib_a-ctype_.o)
 .ARM.attributes
                0x00000aab       0x2d c:/program files/atollic/truestudio for arm 7.1.0/armtools/bin/../lib/gcc/arm-atollic-eabi/5.3.1/../../../../arm-atollic-eabi/lib/armv7-m\libc_nano.a(lib_a-fflush.o)
 .ARM.attributes
                0x00000ad8       0x2d c:/program files/atollic/truestudio for arm 7.1.0/armtools/bin/../lib/gcc/arm-atollic-eabi/5.3.1/../../../../arm-atollic-eabi/lib/armv7-m\libc_nano.a(lib_a-findfp.o)
 .ARM.attributes
                0x00000b05       0x2d c:/program files/atollic/truestudio for arm 7.1.0/armtools/bin/../lib/gcc/arm-atollic-eabi/5.3.1/../../../../arm-atollic-eabi/lib/armv7-m\libc_nano.a(lib_a-fwalk.o)
 .ARM.attributes
                0x00000b32       0x2d c:/program files/atollic/truestudio for arm 7.1.0/armtools/bin/../lib/gcc/arm-atollic-eabi/5.3.1/../../../../arm-atollic-eabi/lib/armv7-m\libc_nano.a(lib_a-impure.o)
 .ARM.attributes
                0x00000b5f       0x2d c:/program files/atollic/truestudio for arm 7.1.0/armtools/bin/../lib/gcc/arm-atollic-eabi/5.3.1/../../../../arm-atollic-eabi/lib/armv7-m\libc_nano.a(lib_a-makebuf.o)
 .ARM.attributes
                0x00000b8c       0x2d c:/program files/atollic/truestudio for arm 7.1.0/armtools/bin/../lib/gcc/arm-atollic-eabi/5.3.1/../../../../arm-atollic-eabi/lib/armv7-m\libc_nano.a(lib_a-nano-freer.o)
 .ARM.attributes
                0x00000bb9       0x2d c:/program files/atollic/truestudio for arm 7.1.0/armtools/bin/../lib/gcc/arm-atollic-eabi/5.3.1/../../../../arm-atollic-eabi/lib/armv7-m\libc_nano.a(lib_a-nano-mallocr.o)
 .ARM.attributes