port.c:212:14:pxPortInitialiseStack	24	static
port.c:230:13:prvTaskExitError	8	static
port.c:244:6:SVC_Handler	0	static
port.c:264:13:prvPortStartFirstTask	0	static
port.c:284:12:xPortStartScheduler	24	static
port.c:359:6:vPortEndScheduler	8	static
port.c:367:6:vPortYield	4	static
port.c:379:6:vPortEnterCritical	8	static
port.c:398:6:vPortExitCritical	8	static
port.c:409:35:ulPortSetInterruptMask	0	static
port.c:426:31:vPortClearInterruptMask	0	static
port.c:440:6:PendSV_Handler	0	static
port.c:477:6:xPortSysTickHandler	8	static
port.c:499:29:vPortSuppressTicksAndSleep	40	static
port.c:653:30:vPortSetupTimerInterrupt	4	static
port.c:672:7:vPortValidateInterruptPriority	16	static
