lsm303dlhc.c:125:6:lsm303dlhcConfig	8	static
lsm303dlhc.c:151:6:ReadReg	16	static
lsm303dlhc.c:164:6:WriteReg	16	static
lsm303dlhc.c:178:10:SetODR	24	static
lsm303dlhc.c:205:10:SetODR_M	24	static
lsm303dlhc.c:228:10:SetTemperature	24	static
lsm303dlhc.c:251:10:SetGainMag	24	static
lsm303dlhc.c:274:10:SetModeMag	24	static
lsm303dlhc.c:297:10:GetTemperature	24	static
lsm303dlhc.c:319:10:SetMode	24	static
lsm303dlhc.c:377:10:SetAxis	24	static
lsm303dlhc.c:399:10:SetFullScale	24	static
lsm303dlhc.c:422:10:SetBDU	24	static
lsm303dlhc.c:445:10:SetBLE	24	static
lsm303dlhc.c:468:10:SetSelfTest	24	static
lsm303dlhc.c:491:10:HPFClickEnable	24	static
lsm303dlhc.c:514:10:HPFAOI1Enable	24	static
lsm303dlhc.c:537:10:HPFAOI2Enable	24	static
lsm303dlhc.c:560:10:SetHPFMode	24	static
lsm303dlhc.c:583:10:SetHPFCutOFF	24	static
lsm303dlhc.c:610:10:SetFilterDataSel	24	static
lsm303dlhc.c:641:10:SetInt1Pin	24	static
lsm303dlhc.c:670:10:SetInt2Pin	24	static
lsm303dlhc.c:697:10:SetClickCFG	24	static
lsm303dlhc.c:720:10:SetClickTHS	16	static
lsm303dlhc.c:739:10:SetClickLIMIT	16	static
lsm303dlhc.c:758:10:SetClickLATENCY	16	static
lsm303dlhc.c:777:10:SetClickWINDOW	16	static
lsm303dlhc.c:796:10:GetClickResponce	24	static
lsm303dlhc.c:901:10:Int1LatchEnable	24	static
lsm303dlhc.c:924:10:ResetInt1Latch	16	static
lsm303dlhc.c:942:10:SetInt1Configuration	24	static
lsm303dlhc.c:966:10:SetInt2Configuration	24	static
lsm303dlhc.c:989:10:SetIntMode	24	static
lsm303dlhc.c:1012:10:SetInt6D4DConfiguration	24	static
lsm303dlhc.c:1061:10:Get6DPosition	24	static
lsm303dlhc.c:1102:10:SetInt1Threshold	16	static
lsm303dlhc.c:1120:10:SetInt1Duration	16	static
lsm303dlhc.c:1139:10:FIFOModeEnable	24	static
lsm303dlhc.c:1236:10:SetTriggerInt	24	static
lsm303dlhc.c:1259:10:SetWaterMark	24	static
lsm303dlhc.c:1285:10:GetSatusReg	16	static
lsm303dlhc.c:1301:10:GetSatusBit	24	static
lsm303dlhc.c:1362:10:GetAccAxesRaw	24	static
lsm303dlhc.c:1401:10:GetMagAxesRaw	24	static
lsm303dlhc.c:1440:10:GetInt1Src	16	static
lsm303dlhc.c:1456:10:GetInt1SrcBit	24	static
lsm303dlhc.c:1528:10:GetInt2SrcBit	24	static
lsm303dlhc.c:1600:10:GetFifoSourceReg	16	static
lsm303dlhc.c:1616:10:GetFifoSourceBit	24	static
lsm303dlhc.c:1656:10:GetFifoSourceFSS	24	static
lsm303dlhc.c:1670:6:lsm303dlhcReadAcc	24	static
lsm303dlhc.c:1680:6:lsm303dlhcReadMag	24	static
