lsm303dlhc.c:126:6:lsm303dlhcConfig	8	static
lsm303dlhc.c:152:6:ReadReg	16	static
lsm303dlhc.c:165:6:WriteReg	16	static
lsm303dlhc.c:179:10:SetODR	24	static
lsm303dlhc.c:206:10:SetODR_M	24	static
lsm303dlhc.c:229:10:SetTemperature	24	static
lsm303dlhc.c:252:10:SetGainMag	24	static
lsm303dlhc.c:275:10:SetModeMag	24	static
lsm303dlhc.c:298:10:GetTemperature	24	static
lsm303dlhc.c:320:10:SetMode	24	static
lsm303dlhc.c:378:10:SetAxis	24	static
lsm303dlhc.c:400:10:SetFullScale	24	static
lsm303dlhc.c:423:10:SetBDU	24	static
lsm303dlhc.c:446:10:SetBLE	24	static
lsm303dlhc.c:469:10:SetSelfTest	24	static
lsm303dlhc.c:492:10:HPFClickEnable	24	static
lsm303dlhc.c:515:10:HPFAOI1Enable	24	static
lsm303dlhc.c:538:10:HPFAOI2Enable	24	static
lsm303dlhc.c:561:10:SetHPFMode	24	static
lsm303dlhc.c:584:10:SetHPFCutOFF	24	static
lsm303dlhc.c:611:10:SetFilterDataSel	24	static
lsm303dlhc.c:642:10:SetInt1Pin	24	static
lsm303dlhc.c:671:10:SetInt2Pin	24	static
lsm303dlhc.c:698:10:SetClickCFG	24	static
lsm303dlhc.c:721:10:SetClickTHS	16	static
lsm303dlhc.c:740:10:SetClickLIMIT	16	static
lsm303dlhc.c:759:10:SetClickLATENCY	16	static
lsm303dlhc.c:778:10:SetClickWINDOW	16	static
lsm303dlhc.c:797:10:GetClickResponce	24	static
lsm303dlhc.c:902:10:Int1LatchEnable	24	static
lsm303dlhc.c:925:10:ResetInt1Latch	16	static
lsm303dlhc.c:943:10:SetInt1Configuration	24	static
lsm303dlhc.c:967:10:SetInt2Configuration	24	static
lsm303dlhc.c:990:10:SetIntMode	24	static
lsm303dlhc.c:1013:10:SetInt6D4DConfiguration	24	static
lsm303dlhc.c:1062:10:Get6DPosition	24	static
lsm303dlhc.c:1103:10:SetInt1Threshold	16	static
lsm303dlhc.c:1121:10:SetInt1Duration	16	static
lsm303dlhc.c:1140:10:FIFOModeEnable	24	static
lsm303dlhc.c:1237:10:SetTriggerInt	24	static
lsm303dlhc.c:1260:10:SetWaterMark	24	static
lsm303dlhc.c:1286:10:GetSatusReg	16	static
lsm303dlhc.c:1302:10:GetSatusBit	24	static
lsm303dlhc.c:1363:10:GetAccAxesRaw	24	static
lsm303dlhc.c:1402:10:GetMagAxesRaw	24	static
lsm303dlhc.c:1441:10:GetInt1Src	16	static
lsm303dlhc.c:1457:10:GetInt1SrcBit	24	static
lsm303dlhc.c:1529:10:GetInt2SrcBit	24	static
lsm303dlhc.c:1601:10:GetFifoSourceReg	16	static
lsm303dlhc.c:1617:10:GetFifoSourceBit	24	static
lsm303dlhc.c:1657:10:GetFifoSourceFSS	24	static
lsm303dlhc.c:1671:6:lsm303dlhcReadAcc	24	static
lsm303dlhc.c:1681:6:lsm303dlhcReadMag	24	static
