lsm303dlhc.c:151:6:ReadReg	0	static
lsm303dlhc.c:164:6:WriteReg	0	static
lsm303dlhc.c:178:10:SetODR	24	static
lsm303dlhc.c:205:10:SetODR_M	16	static
lsm303dlhc.c:228:10:SetTemperature	16	static
lsm303dlhc.c:251:10:SetGainMag	16	static
lsm303dlhc.c:274:10:SetModeMag	16	static
lsm303dlhc.c:297:10:GetTemperature	24	static
lsm303dlhc.c:319:10:SetMode	16	static
lsm303dlhc.c:377:10:SetAxis	16	static
lsm303dlhc.c:399:10:SetFullScale	16	static
lsm303dlhc.c:422:10:SetBDU	16	static
lsm303dlhc.c:445:10:SetBLE	16	static
lsm303dlhc.c:468:10:SetSelfTest	16	static
lsm303dlhc.c:491:10:HPFClickEnable	16	static
lsm303dlhc.c:514:10:HPFAOI1Enable	16	static
lsm303dlhc.c:537:10:HPFAOI2Enable	16	static
lsm303dlhc.c:560:10:SetHPFMode	16	static
lsm303dlhc.c:583:10:SetHPFCutOFF	16	static
lsm303dlhc.c:610:10:SetFilterDataSel	16	static
lsm303dlhc.c:641:10:SetInt1Pin	16	static
lsm303dlhc.c:670:10:SetInt2Pin	16	static
lsm303dlhc.c:697:10:SetClickCFG	16	static
lsm303dlhc.c:720:10:SetClickTHS	8	static
lsm303dlhc.c:739:10:SetClickLIMIT	8	static
lsm303dlhc.c:758:10:SetClickLATENCY	8	static
lsm303dlhc.c:777:10:SetClickWINDOW	8	static
lsm303dlhc.c:796:10:GetClickResponce	16	static
lsm303dlhc.c:901:10:Int1LatchEnable	16	static
lsm303dlhc.c:924:10:ResetInt1Latch	16	static
lsm303dlhc.c:942:10:SetInt1Configuration	16	static
lsm303dlhc.c:966:10:SetInt2Configuration	16	static
lsm303dlhc.c:989:10:SetIntMode	16	static
lsm303dlhc.c:1012:10:SetInt6D4DConfiguration	16	static
lsm303dlhc.c:1061:10:Get6DPosition	16	static
lsm303dlhc.c:1102:10:SetInt1Threshold	8	static
lsm303dlhc.c:1120:10:SetInt1Duration	8	static
lsm303dlhc.c:1139:10:FIFOModeEnable	16	static
lsm303dlhc.c:125:6:lsm303dlhcConfig	8	static
lsm303dlhc.c:1236:10:SetTriggerInt	16	static
lsm303dlhc.c:1259:10:SetWaterMark	16	static
lsm303dlhc.c:1285:10:GetSatusReg	8	static
lsm303dlhc.c:1301:10:GetSatusBit	16	static
lsm303dlhc.c:1362:10:GetAccAxesRaw	24	static
lsm303dlhc.c:1401:10:GetMagAxesRaw	16	static
lsm303dlhc.c:1440:10:GetInt1Src	8	static
lsm303dlhc.c:1456:10:GetInt1SrcBit	16	static
lsm303dlhc.c:1528:10:GetInt2SrcBit	16	static
lsm303dlhc.c:1600:10:GetFifoSourceReg	8	static
lsm303dlhc.c:1616:10:GetFifoSourceBit	16	static
lsm303dlhc.c:1656:10:GetFifoSourceFSS	16	static
lsm303dlhc.c:1670:6:lsm303dlhcReadAcc	16	static
lsm303dlhc.c:1680:6:lsm303dlhcReadMag	16	static
