C:\ST\STM32CubeIDE_1.13.0\STM32CubeIDE\plugins\com.st.stm32cube.ide.mcu.externaltools.gnu-tools-for-stm32.11.3.rel1.win32_1.1.0.202305231506\tools\bin/../lib/gcc/arm-none-eabi/11.3.1/../../../../arm-none-eabi/include/c++/11.3.1/bits/std_abs.h:75:3:constexpr float std::abs(float)	16	static
C:\ST\STM32CubeIDE_1.13.0\STM32CubeIDE\plugins\com.st.stm32cube.ide.mcu.externaltools.gnu-tools-for-stm32.11.3.rel1.win32_1.1.0.202305231506\tools\bin/../lib/gcc/arm-none-eabi/11.3.1/../../../../arm-none-eabi/include/c++/11.3.1/cmath:144:3:constexpr float std::atan2(float, float)	16	static
C:\ST\STM32CubeIDE_1.13.0\STM32CubeIDE\plugins\com.st.stm32cube.ide.mcu.externaltools.gnu-tools-for-stm32.11.3.rel1.win32_1.1.0.202305231506\tools\bin/../lib/gcc/arm-none-eabi/11.3.1/../../../../arm-none-eabi/include/c++/11.3.1/cmath:241:3:constexpr float std::fabs(float)	16	static
../Src/sensors.cpp:21:9:int16_t SensGetTempCPU()	24	static
../Src/sensors.cpp:30:6:void SensInit()	8	static
../Src/sensors.cpp:42:14:float clamp(float, float, float)	24	static
../Src/sensors.cpp:52:13:void UpdateGyro()	24	static
../Src/sensors.cpp:118:13:void UpdateAccel()	32	static
../Src/sensors.cpp:146:1:void SensorTask(void*)	120	static
C:\ST\STM32CubeIDE_1.13.0\STM32CubeIDE\plugins\com.st.stm32cube.ide.mcu.externaltools.gnu-tools-for-stm32.11.3.rel1.win32_1.1.0.202305231506\tools\bin/../lib/gcc/arm-none-eabi/11.3.1/../../../../arm-none-eabi/include/c++/11.3.1/cmath:1449:5:constexpr typename __gnu_cxx::__promote_2<_Tp, _Up>::__type std::fmin(_Tp, _Up) [with _Tp = float; _Up = double]	24	static
